Component: ARM Compiler 5.06 update 4 (build 422) Tool: armlink [4d35d2]

==============================================================================

Section Cross References

    main.o(i.main) refers to sys.o(i.Cache_Enable) for Cache_Enable
    main.o(i.main) refers to stm32h7xx_hal.o(i.HAL_Init) for HAL_Init
    main.o(i.main) refers to sys.o(i.Stm32_Clock_Init) for Stm32_Clock_Init
    main.o(i.main) refers to delay.o(i.delay_init) for delay_init
    main.o(i.main) refers to can.o(i.FDCAN1_Mode_Init) for FDCAN1_Mode_Init
    main.o(i.main) refers to stm32h7xx_hal.o(i.HAL_Delay) for HAL_Delay
    main.o(i.main) refers to uart.o(i.MY_UART7_Init) for MY_UART7_Init
    main.o(i.main) refers to sv.o(i.SV_Init) for SV_Init
    main.o(i.main) refers to sv.o(i.pid_value_init) for pid_value_init
    main.o(i.main) refers to pwm.o(i.TIM1_PWM_Init) for TIM1_PWM_Init
    main.o(i.main) refers to pwm.o(i.TIM3_PWM_Init) for TIM3_PWM_Init
    main.o(i.main) refers to pwm.o(i.TIM4_PWM_Init) for TIM4_PWM_Init
    main.o(i.main) refers to pwm.o(i.TIM12_PWM_Init) for TIM12_PWM_Init
    main.o(i.main) refers to pwm.o(i.TIM15_PWM_Init) for TIM15_PWM_Init
    main.o(i.main) refers to pwm.o(i.TIM16_PWM_Init) for TIM16_PWM_Init
    main.o(i.main) refers to stm32h7xx_hal_gpio.o(i.HAL_GPIO_WritePin) for HAL_GPIO_WritePin
    main.o(i.main) refers to adc.o(i.MX_ADC1_Init) for MX_ADC1_Init
    main.o(i.main) refers to gait.o(i.StartAngleInit) for StartAngleInit
    main.o(i.main) refers to gait.o(i.InitRobotPosion) for InitRobotPosion
    main.o(i.main) refers to sv.o(i.SV_test1) for SV_test1
    main.o(i.main) refers to sv.o(i.SV_test2) for SV_test2
    main.o(i.main) refers to timer.o(i.TIM5_Init) for TIM5_Init
    stm32h7xx_it.o(i.SysTick_Handler) refers to stm32h7xx_hal.o(i.HAL_IncTick) for HAL_IncTick
    stm32h7xx_it.o(i.TIM4_IRQHandler) refers to stm32h7xx_hal_tim.o(i.HAL_TIM_IRQHandler) for HAL_TIM_IRQHandler
    stm32h7xx_it.o(i.TIM4_IRQHandler) refers to pwm.o(.bss) for TIM4_Handler
    stm32h7xx_it.o(i.USART7_IRQHandler) refers to stm32h7xx_hal_uart.o(i.HAL_UART_IRQHandler) for HAL_UART_IRQHandler
    stm32h7xx_it.o(i.USART7_IRQHandler) refers to stm32h7xx_hal_uart.o(i.HAL_UART_GetState) for HAL_UART_GetState
    stm32h7xx_it.o(i.USART7_IRQHandler) refers to stm32h7xx_hal_uart.o(i.HAL_UART_Receive_IT) for HAL_UART_Receive_IT
    stm32h7xx_it.o(i.USART7_IRQHandler) refers to uart.o(.bss) for huart7
    stm32h7xx_it.o(i.USART7_IRQHandler) refers to receive.o(.data) for aRxBuffer3
    system_stm32h7xx.o(i.SystemCoreClockUpdate) refers to system_stm32h7xx.o(.data) for SystemCoreClock
    system_stm32h7xx.o(i.SystemCoreClockUpdate) refers to system_stm32h7xx.o(.constdata) for D1CorePrescTable
    startup_stm32h743xx.o(RESET) refers to startup_stm32h743xx.o(STACK) for __initial_sp
    startup_stm32h743xx.o(RESET) refers to startup_stm32h743xx.o(.text) for Reset_Handler
    startup_stm32h743xx.o(RESET) refers to stm32h7xx_it.o(i.NMI_Handler) for NMI_Handler
    startup_stm32h743xx.o(RESET) refers to stm32h7xx_it.o(i.HardFault_Handler) for HardFault_Handler
    startup_stm32h743xx.o(RESET) refers to stm32h7xx_it.o(i.MemManage_Handler) for MemManage_Handler
    startup_stm32h743xx.o(RESET) refers to stm32h7xx_it.o(i.BusFault_Handler) for BusFault_Handler
    startup_stm32h743xx.o(RESET) refers to stm32h7xx_it.o(i.UsageFault_Handler) for UsageFault_Handler
    startup_stm32h743xx.o(RESET) refers to stm32h7xx_it.o(i.SVC_Handler) for SVC_Handler
    startup_stm32h743xx.o(RESET) refers to stm32h7xx_it.o(i.DebugMon_Handler) for DebugMon_Handler
    startup_stm32h743xx.o(RESET) refers to stm32h7xx_it.o(i.PendSV_Handler) for PendSV_Handler
    startup_stm32h743xx.o(RESET) refers to stm32h7xx_it.o(i.SysTick_Handler) for SysTick_Handler
    startup_stm32h743xx.o(RESET) refers to timer.o(i.TIM2_IRQHandler) for TIM2_IRQHandler
    startup_stm32h743xx.o(RESET) refers to stm32h7xx_it.o(i.TIM4_IRQHandler) for TIM4_IRQHandler
    startup_stm32h743xx.o(RESET) refers to stm32h7xx_it.o(i.TIM8_CC_IRQHandler) for TIM8_CC_IRQHandler
    startup_stm32h743xx.o(RESET) refers to timer.o(i.TIM5_IRQHandler) for TIM5_IRQHandler
    startup_stm32h743xx.o(RESET) refers to timer.o(i.TIM7_IRQHandler) for TIM7_IRQHandler
    startup_stm32h743xx.o(RESET) refers to uart.o(i.UART7_IRQHandler) for UART7_IRQHandler
    startup_stm32h743xx.o(.text) refers to system_stm32h7xx.o(i.SystemInit) for SystemInit
    startup_stm32h743xx.o(.text) refers to entry.o(.ARM.Collect$$$$00000000) for __main
    delay.o(i.delay_init) refers to stm32h7xx_hal_cortex.o(i.HAL_SYSTICK_CLKSourceConfig) for HAL_SYSTICK_CLKSourceConfig
    delay.o(i.delay_init) refers to delay.o(.data) for fac_us
    delay.o(i.delay_ms) refers to delay.o(i.delay_us) for delay_us
    delay.o(i.delay_us) refers to delay.o(.data) for fac_us
    sys.o(i.Cache_Enable) refers to sys.o(i.SCB_EnableICache) for SCB_EnableICache
    sys.o(i.Cache_Enable) refers to sys.o(i.SCB_EnableDCache) for SCB_EnableDCache
[...]
    .ARM.Collect$$$$00000000                 0x08000298   Section        0  entry.o(.ARM.Collect$$$$00000000)
    .ARM.Collect$$$$00000001                 0x08000298   Section        4  entry2.o(.ARM.Collect$$$$00000001)
    .ARM.Collect$$$$00000004                 0x0800029c   Section        4  entry5.o(.ARM.Collect$$$$00000004)
    .ARM.Collect$$$$00000008                 0x080002a0   Section        0  entry7b.o(.ARM.Collect$$$$00000008)
    .ARM.Collect$$$$0000000A                 0x080002a0   Section        0  entry8b.o(.ARM.Collect$$$$0000000A)
    .ARM.Collect$$$$0000000B                 0x080002a0   Section        8  entry9a.o(.ARM.Collect$$$$0000000B)
    .ARM.Collect$$$$0000000D                 0x080002a8   Section        0  entry10a.o(.ARM.Collect$$$$0000000D)
    .ARM.Collect$$$$0000000F                 0x080002a8   Section        0  entry11a.o(.ARM.Collect$$$$0000000F)
    .ARM.Collect$$$$00002712                 0x080002a8   Section        4  entry2.o(.ARM.Collect$$$$00002712)
    __lit__00000000                          0x080002a8   Data           4  entry2.o(.ARM.Collect$$$$00002712)
    .text                                    0x080002ac   Section       36  startup_stm32h743xx.o(.text)
    $v0                                      0x080002ac   Number         0  startup_stm32h743xx.o(.text)
    .text                                    0x080002d0   Section        0  uldiv.o(.text)
    .text                                    0x08000332   Section        0  memseta.o(.text)
    .text                                    0x08000356   Section        0  llshl.o(.text)
    .text                                    0x08000374   Section        0  llushr.o(.text)
    .text                                    0x08000394   Section        0  iusefp.o(.text)
    .text                                    0x08000394   Section       36  init.o(.text)
    i.ADC_Disable                            0x080003b8   Section        0  stm32h7xx_hal_adc.o(i.ADC_Disable)
    i.Angle                                  0x08000450   Section        0  gait.o(i.Angle)
    i.BusFault_Handler                       0x08000548   Section        0  stm32h7xx_it.o(i.BusFault_Handler)
    i.Cache_Enable                           0x0800054c   Section        0  sys.o(i.Cache_Enable)
    i.DebugMon_Handler                       0x08000568   Section        0  stm32h7xx_it.o(i.DebugMon_Handler)
    i.FDCAN1_Mode_Init                       0x0800056c   Section        0  can.o(i.FDCAN1_Mode_Init)
    i.FDCAN_CalcultateRamBlockAddresses      0x08000618   Section        0  stm32h7xx_hal_fdcan.o(i.FDCAN_CalcultateRamBlockAddresses)
    FDCAN_CalcultateRamBlockAddresses        0x08000619   Thumb Code   592  stm32h7xx_hal_fdcan.o(i.FDCAN_CalcultateRamBlockAddresses)
    i.HAL_ADCEx_Calibration_Start            0x08000870   Section        0  stm32h7xx_hal_adc_ex.o(i.HAL_ADCEx_Calibration_Start)
    i.HAL_ADC_Init                           0x0800092c   Section        0  stm32h7xx_hal_adc.o(i.HAL_ADC_Init)
    i.HAL_ADC_MspInit                        0x08000c84   Section        0  adc.o(i.HAL_ADC_MspInit)
    i.HAL_DMA_Abort_IT                       0x08000cfc   Section        0  stm32h7xx_hal_dma.o(i.HAL_DMA_Abort_IT)
    i.HAL_Delay                              0x08000df4   Section        0  stm32h7xx_hal.o(i.HAL_Delay)
    i.HAL_EnableCompensationCell             0x08000e1c   Section        0  stm32h7xx_hal.o(i.HAL_EnableCompensationCell)
    i.HAL_FDCAN_ActivateNotification         0x08000e30   Section        0  stm32h7xx_hal_fdcan.o(i.HAL_FDCAN_ActivateNotification)
    i.HAL_FDCAN_ConfigFilter                 0x08000edc   Section        0  stm32h7xx_hal_fdcan.o(i.HAL_FDCAN_ConfigFilter)
    i.HAL_FDCAN_DeInit                       0x08000f86   Section        0  stm32h7xx_hal_fdcan.o(i.HAL_FDCAN_DeInit)
    i.HAL_FDCAN_Init                         0x08000fac   Section        0  stm32h7xx_hal_fdcan.o(i.HAL_FDCAN_Init)
    i.HAL_FDCAN_MspDeInit                    0x0800125c   Section        0  can.o(i.HAL_FDCAN_MspDeInit)
    i.HAL_FDCAN_MspInit                      0x08001278   Section        0  can.o(i.HAL_FDCAN_MspInit)
    i.HAL_FDCAN_Start                        0x080012f4   Section        0  stm32h7xx_hal_fdcan.o(i.HAL_FDCAN_Start)
    i.HAL_FDCAN_Stop                         0x08001328   Section        0  stm32h7xx_hal_fdcan.o(i.HAL_FDCAN_Stop)
    i.HAL_GPIO_Init                          0x08001390   Section        0  stm32h7xx_hal_gpio.o(i.HAL_GPIO_Init)
    i.HAL_GPIO_WritePin                      0x080015dc   Section        0  stm32h7xx_hal_gpio.o(i.HAL_GPIO_WritePin)
    i.HAL_GetTick                            0x080015e8   Section        0  stm32h7xx_hal.o(i.HAL_GetTick)
    i.HAL_IncTick                            0x080015f4   Section        0  stm32h7xx_hal.o(i.HAL_IncTick)
    i.HAL_Init                               0x0800160c   Section        0  stm32h7xx_hal.o(i.HAL_Init)
    i.HAL_InitTick                           0x08001628   Section        0  stm32h7xx_hal.o(i.HAL_InitTick)
    i.HAL_MspInit                            0x08001674   Section        0  stm32h7xx_hal_msp.o(i.HAL_MspInit)
    i.HAL_NVIC_EnableIRQ                     0x08001676   Section        0  stm32h7xx_hal_cortex.o(i.HAL_NVIC_EnableIRQ)
    i.HAL_NVIC_SetPriority                   0x08001696   Section        0  stm32h7xx_hal_cortex.o(i.HAL_NVIC_SetPriority)
    i.HAL_NVIC_SetPriorityGrouping           0x08001710   Section        0  stm32h7xx_hal_cortex.o(i.HAL_NVIC_SetPriorityGrouping)
    i.HAL_RCCEx_GetD1SysClockFreq            0x08001738   Section        0  stm32h7xx_hal_rcc_ex.o(i.HAL_RCCEx_GetD1SysClockFreq)
    i.HAL_RCCEx_GetD3PCLK1Freq               0x08001770   Section        0  stm32h7xx_hal_rcc_ex.o(i.HAL_RCCEx_GetD3PCLK1Freq)
    i.HAL_RCCEx_GetPLL2ClockFreq             0x0800179c   Section        0  stm32h7xx_hal_rcc_ex.o(i.HAL_RCCEx_GetPLL2ClockFreq)
    i.HAL_RCCEx_GetPLL3ClockFreq             0x080019c8   Section        0  stm32h7xx_hal_rcc_ex.o(i.HAL_RCCEx_GetPLL3ClockFreq)
    i.HAL_RCCEx_PeriphCLKConfig              0x08001bf4   Section        0  stm32h7xx_hal_rcc_ex.o(i.HAL_RCCEx_PeriphCLKConfig)
    i.HAL_RCC_ClockConfig                    0x0800272c   Section        0  stm32h7xx_hal_rcc.o(i.HAL_RCC_ClockConfig)
    i.HAL_RCC_GetHCLKFreq                    0x0800297c   Section        0  stm32h7xx_hal_rcc.o(i.HAL_RCC_GetHCLKFreq)
    i.HAL_RCC_GetPCLK1Freq                   0x080029b4   Section        0  stm32h7xx_hal_rcc.o(i.HAL_RCC_GetPCLK1Freq)
    i.HAL_RCC_GetPCLK2Freq                   0x080029e0   Section        0  stm32h7xx_hal_rcc.o(i.HAL_RCC_GetPCLK2Freq)
    i.HAL_RCC_GetSysClockFreq                0x08002a0c   Section        0  stm32h7xx_hal_rcc.o(i.HAL_RCC_GetSysClockFreq)
    i.HAL_RCC_OscConfig                      0x08002c50   Section        0  stm32h7xx_hal_rcc.o(i.HAL_RCC_OscConfig)
    i.HAL_SYSTICK_CLKSourceConfig            0x08003314   Section        0  stm32h7xx_hal_cortex.o(i.HAL_SYSTICK_CLKSourceConfig)
    i.HAL_SYSTICK_Config                     0x0800333c   Section        0  stm32h7xx_hal_cortex.o(i.HAL_SYSTICK_Config)
    i.HAL_TIMEx_BreakCallback                0x08003370   Section        0  stm32h7xx_hal_tim_ex.o(i.HAL_TIMEx_BreakCallback)
    i.HAL_TIMEx_CommutationCallback          0x08003372   Section        0  stm32h7xx_hal_tim_ex.o(i.HAL_TIMEx_CommutationCallback)
    i.HAL_TIM_Base_Init                      0x08003374   Section        0  stm32h7xx_hal_tim.o(i.HAL_TIM_Base_Init)
    i.HAL_TIM_Base_MspInit                   0x080033a8   Section        0  timer.o(i.HAL_TIM_Base_MspInit)
    i.HAL_TIM_Base_Start_IT                  0x08003458   Section        0  stm32h7xx_hal_tim.o(i.HAL_TIM_Base_Start_IT)
    i.HAL_TIM_IC_CaptureCallback             0x08003476   Section        0  stm32h7xx_hal_tim.o(i.HAL_TIM_IC_CaptureCallback)
    i.HAL_TIM_IRQHandler                     0x08003478   Section        0  stm32h7xx_hal_tim.o(i.HAL_TIM_IRQHandler)
    i.HAL_TIM_OC_DelayElapsedCallback        0x08003630   Section        0  stm32h7xx_hal_tim.o(i.HAL_TIM_OC_DelayElapsedCallback)
    i.HAL_TIM_PWM_ConfigChannel              0x08003632   Section        0  stm32h7xx_hal_tim.o(i.HAL_TIM_PWM_ConfigChannel)
    i.HAL_TIM_PWM_Init                       0x080037a6   Section        0  stm32h7xx_hal_tim.o(i.HAL_TIM_PWM_Init)
    i.HAL_TIM_PWM_MspInit                    0x080037dc   Section        0  pwm.o(i.HAL_TIM_PWM_MspInit)
    i.HAL_TIM_PWM_PulseFinishedCallback      0x08003ad0   Section        0  stm32h7xx_hal_tim.o(i.HAL_TIM_PWM_PulseFinishedCallback)
    i.HAL_TIM_PWM_Start                      0x08003ad4   Section        0  stm32h7xx_hal_tim.o(i.HAL_TIM_PWM_Start)
    i.HAL_TIM_PeriodElapsedCallback          0x08003b44   Section        0  timer.o(i.HAL_TIM_PeriodElapsedCallback)
    i.HAL_TIM_TriggerCallback                0x08003b7c   Section        0  stm32h7xx_hal_tim.o(i.HAL_TIM_TriggerCallback)
    i.HAL_UARTEx_WakeupCallback              0x08003b7e   Section        0  stm32h7xx_hal_uart_ex.o(i.HAL_UARTEx_WakeupCallback)
    i.HAL_UART_ErrorCallback                 0x08003b80   Section        0  stm32h7xx_hal_uart.o(i.HAL_UART_ErrorCallback)
    i.HAL_UART_IRQHandler                    0x08003b84   Section        0  stm32h7xx_hal_uart.o(i.HAL_UART_IRQHandler)
    i.HAL_UART_Init                          0x08003d40   Section        0  stm32h7xx_hal_uart.o(i.HAL_UART_Init)
    i.HAL_UART_MspInit                       0x08003db8   Section        0  uart.o(i.HAL_UART_MspInit)
    i.HAL_UART_Receive_IT                    0x08003e40   Section        0  stm32h7xx_hal_uart.o(i.HAL_UART_Receive_IT)
    i.HAL_UART_RxCpltCallback                0x08003f20   Section        0  uart.o(i.HAL_UART_RxCpltCallback)
    i.HAL_UART_Transmit                      0x08003fb0   Section        0  stm32h7xx_hal_uart.o(i.HAL_UART_Transmit)
    i.HAL_UART_TxCpltCallback                0x08004076   Section        0  stm32h7xx_hal_uart.o(i.HAL_UART_TxCpltCallback)
    i.HardFault_Handler                      0x08004078   Section        0  stm32h7xx_it.o(i.HardFault_Handler)
    i.InitRobotPosion                        0x0800407c   Section        0  gait.o(i.InitRobotPosion)
    i.MX_ADC1_Init                           0x08004144   Section        0  adc.o(i.MX_ADC1_Init)
    i.MY_UART7_Init                          0x080041a0   Section        0  uart.o(i.MY_UART7_Init)
    i.MemManage_Handler                      0x080041dc   Section        0  stm32h7xx_it.o(i.MemManage_Handler)
    i.NMI_Handler                            0x080041e0   Section        0  stm32h7xx_it.o(i.NMI_Handler)
    i.PendSV_Handler                         0x080041e2   Section        0  stm32h7xx_it.o(i.PendSV_Handler)
    i.RCCEx_PLL2_Config                      0x080041e4   Section        0  stm32h7xx_hal_rcc_ex.o(i.RCCEx_PLL2_Config)
    RCCEx_PLL2_Config                        0x080041e5   Thumb Code   300  stm32h7xx_hal_rcc_ex.o(i.RCCEx_PLL2_Config)
    i.RCCEx_PLL3_Config                      0x08004314   Section        0  stm32h7xx_hal_rcc_ex.o(i.RCCEx_PLL3_Config)
    RCCEx_PLL3_Config                        0x08004315   Thumb Code   300  stm32h7xx_hal_rcc_ex.o(i.RCCEx_PLL3_Config)
    i.SCB_EnableDCache                       0x08004444   Section        0  sys.o(i.SCB_EnableDCache)
    SCB_EnableDCache                         0x08004445   Thumb Code   148  sys.o(i.SCB_EnableDCache)
    i.SCB_EnableICache                       0x080044e0   Section        0  sys.o(i.SCB_EnableICache)
    SCB_EnableICache                         0x080044e1   Thumb Code   116  sys.o(i.SCB_EnableICache)
    i.SVC_Handler                            0x0800455c   Section        0  stm32h7xx_it.o(i.SVC_Handler)
    i.SV_ESTIMATE                            0x08004560   Section        0  sv.o(i.SV_ESTIMATE)
    i.SV_Init                                0x080047a8   Section        0  sv.o(i.SV_Init)
    i.SV_test1                               0x080048a0   Section        0  sv.o(i.SV_test1)
    i.SV_test2                               0x08004918   Section        0  sv.o(i.SV_test2)
    i.StartAngleInit                         0x0800498c   Section        0  gait.o(i.StartAngleInit)
    i.Stm32_Clock_Init                       0x080049f8   Section        0  sys.o(i.Stm32_Clock_Init)
    i.SysTick_Handler                        0x08004ae8   Section        0  stm32h7xx_it.o(i.SysTick_Handler)
    i.SystemInit                             0x08004af0   Section        0  system_stm32h7xx.o(i.SystemInit)
    i.TIM12_PWM_Init                         0x08004b84   Section        0  pwm.o(i.TIM12_PWM_Init)
    i.TIM15_PWM_Init                         0x08004c64   Section        0  pwm.o(i.TIM15_PWM_Init)
    i.TIM16_PWM_Init                         0x08004ce8   Section        0  pwm.o(i.TIM16_PWM_Init)
    i.TIM1_PWM_Init                          0x08004d3c   Section        0  pwm.o(i.TIM1_PWM_Init)
    i.TIM2_IRQHandler                        0x08004e1c   Section        0  timer.o(i.TIM2_IRQHandler)
    i.TIM3_PWM_Init                          0x08004e2c   Section        0  pwm.o(i.TIM3_PWM_Init)
    i.TIM4_IRQHandler                        0x08004f0c   Section        0  stm32h7xx_it.o(i.TIM4_IRQHandler)
    i.TIM4_PWM_Init                          0x08004f1c   Section        0  pwm.o(i.TIM4_PWM_Init)
    i.TIM5_IRQHandler                        0x08004ffc   Section        0  timer.o(i.TIM5_IRQHandler)
    i.TIM5_Init                              0x0800500c   Section        0  timer.o(i.TIM5_Init)
    i.TIM7_IRQHandler                        0x08005038   Section        0  timer.o(i.TIM7_IRQHandler)
    i.TIM8_CC_IRQHandler                     0x08005048   Section        0  stm32h7xx_it.o(i.TIM8_CC_IRQHandler)
    i.TIM_Base_SetConfig                     0x0800504c   Section        0  stm32h7xx_hal_tim.o(i.TIM_Base_SetConfig)
    i.TIM_CCxChannelCmd                      0x08005118   Section        0  stm32h7xx_hal_tim.o(i.TIM_CCxChannelCmd)
    i.TIM_OC1_SetConfig                      0x08005134   Section        0  stm32h7xx_hal_tim.o(i.TIM_OC1_SetConfig)
    i.TIM_OC2_SetConfig                      0x080051e4   Section        0  stm32h7xx_hal_tim.o(i.TIM_OC2_SetConfig)
    i.TIM_OC3_SetConfig                      0x080052a0   Section        0  stm32h7xx_hal_tim.o(i.TIM_OC3_SetConfig)
    i.TIM_OC4_SetConfig                      0x08005354   Section        0  stm32h7xx_hal_tim.o(i.TIM_OC4_SetConfig)
    i.TIM_OC5_SetConfig                      0x080053cc   Section        0  stm32h7xx_hal_tim.o(i.TIM_OC5_SetConfig)
    TIM_OC5_SetConfig                        0x080053cd   Thumb Code    92  stm32h7xx_hal_tim.o(i.TIM_OC5_SetConfig)
    i.TIM_OC6_SetConfig                      0x0800543c   Section        0  stm32h7xx_hal_tim.o(i.TIM_OC6_SetConfig)
    TIM_OC6_SetConfig                        0x0800543d   Thumb Code    94  stm32h7xx_hal_tim.o(i.TIM_OC6_SetConfig)
    i.TIM_SetCompare1                        0x080054b0   Section        0  pwm.o(i.TIM_SetCompare1)
    i.TIM_SetCompare2                        0x080054b6   Section        0  pwm.o(i.TIM_SetCompare2)
    i.TIM_SetCompare3                        0x080054bc   Section        0  pwm.o(i.TIM_SetCompare3)
    i.UART7_IRQHandler                       0x080054c4   Section        0  uart.o(i.UART7_IRQHandler)
    i.UART_AdvFeatureConfig                  0x080054e0   Section        0  stm32h7xx_hal_uart.o(i.UART_AdvFeatureConfig)
    i.UART_CheckIdleState                    0x080055ca   Section        0  stm32h7xx_hal_uart.o(i.UART_CheckIdleState)
    i.UART_DMAAbortOnError                   0x0800563e   Section        0  stm32h7xx_hal_uart.o(i.UART_DMAAbortOnError)
    UART_DMAAbortOnError                     0x0800563f   Thumb Code    24  stm32h7xx_hal_uart.o(i.UART_DMAAbortOnError)
    i.UART_EndRxTransfer                     0x08005656   Section        0  stm32h7xx_hal_uart.o(i.UART_EndRxTransfer)
    UART_EndRxTransfer                       0x08005657   Thumb Code    32  stm32h7xx_hal_uart.o(i.UART_EndRxTransfer)
    i.UART_EndTransmit_IT                    0x08005676   Section        0  stm32h7xx_hal_uart.o(i.UART_EndTransmit_IT)
    UART_EndTransmit_IT                      0x08005677   Thumb Code    32  stm32h7xx_hal_uart.o(i.UART_EndTransmit_IT)
    i.UART_Receive_IT                        0x08005696   Section        0  stm32h7xx_hal_uart.o(i.UART_Receive_IT)
    UART_Receive_IT                          0x08005697   Thumb Code   138  stm32h7xx_hal_uart.o(i.UART_Receive_IT)
    i.UART_SetConfig                         0x08005720   Section        0  stm32h7xx_hal_uart.o(i.UART_SetConfig)
    i.UART_Transmit_IT                       0x080060c4   Section        0  stm32h7xx_hal_uart.o(i.UART_Transmit_IT)
    UART_Transmit_IT                         0x080060c5   Thumb Code   130  stm32h7xx_hal_uart.o(i.UART_Transmit_IT)
    i.UART_WaitOnFlagUntilTimeout            0x08006146   Section        0  stm32h7xx_hal_uart.o(i.UART_WaitOnFlagUntilTimeout)
    i.UsageFault_Handler                     0x080061b2   Section        0  stm32h7xx_it.o(i.UsageFault_Handler)
    i.__ARM_fpclassify                       0x080061b6   Section        0  fpclassify.o(i.__ARM_fpclassify)
    i.__NVIC_GetPriorityGrouping             0x080061e8   Section        0  stm32h7xx_hal_cortex.o(i.__NVIC_GetPriorityGrouping)
    __NVIC_GetPriorityGrouping               0x080061e9   Thumb Code    10  stm32h7xx_hal_cortex.o(i.__NVIC_GetPriorityGrouping)
    i.__NVIC_SetPriority                     0x080061f8   Section        0  stm32h7xx_hal_cortex.o(i.__NVIC_SetPriority)
    __NVIC_SetPriority                       0x080061f9   Thumb Code    32  stm32h7xx_hal_cortex.o(i.__NVIC_SetPriority)
    i.__hardfp_acos                          0x08006220   Section        0  acos.o(i.__hardfp_acos)
    i.__hardfp_asin                          0x08006438   Section        0  asin.o(i.__hardfp_asin)
    i.__hardfp_atan                          0x08006640   Section        0  atan.o(i.__hardfp_atan)
    i.__hardfp_atan2                         0x08006840   Section        0  atan2.o(i.__hardfp_atan2)
    i.__hardfp_cos                           0x08006a00   Section        0  cos.o(i.__hardfp_cos)
    i.__hardfp_sin                           0x08006ab0   Section        0  sin.o(i.__hardfp_sin)
    i.__hardfp_sqrt                          0x08006b60   Section        0  sqrt.o(i.__hardfp_sqrt)
    i.__ieee754_rem_pio2                     0x08006bc8   Section        0  rred.o(i.__ieee754_rem_pio2)
    i.__kernel_cos                           0x08006ed8   Section        0  cos_i.o(i.__kernel_cos)
    i.__kernel_poly                          0x08006fb8   Section        0  poly.o(i.__kernel_poly)
    i.__kernel_sin                           0x08007028   Section        0  sin_i.o(i.__kernel_sin)
    i.__mathlib_dbl_infnan                   0x080070d0   Section        0  dunder.o(i.__mathlib_dbl_infnan)
    i.__mathlib_dbl_infnan2                  0x080070d6   Section        0  dunder.o(i.__mathlib_dbl_infnan2)
    i.__mathlib_dbl_invalid                  0x080070e0   Section        0  dunder.o(i.__mathlib_dbl_invalid)
    i.__mathlib_dbl_underflow                0x080070f8   Section        0  dunder.o(i.__mathlib_dbl_underflow)
    i.__scatterload_copy                     0x08007110   Section       14  handlers.o(i.__scatterload_copy)
    i.__scatterload_null                     0x0800711e   Section        2  handlers.o(i.__scatterload_null)
    i.__scatterload_zeroinit                 0x08007120   Section       14  handlers.o(i.__scatterload_zeroinit)
    i.__set_errno                            0x08007130   Section        0  errno.o(i.__set_errno)
    i.air_control                            0x0800713c   Section        0  sv.o(i.air_control)
    i.atan                                   0x080074f0   Section        0  atan.o(i.atan)
    i.delay_init                             0x08007500   Section        0  delay.o(i.delay_init)
    i.fabs                                   0x08007514   Section        0  fabs.o(i.fabs)
    i.main                                   0x0800752c   Section        0  main.o(i.main)
    i.movement                               0x08007608   Section        0  gait.o(i.movement)
    i.pid_value_init                         0x0800a7d4   Section        0  sv.o(i.pid_value_init)
    i.sqrt                                   0x0800a840   Section        0  sqrt.o(i.sqrt)
    i.take_step                              0x0800a8ac   Section        0  uart.o(i.take_step)
    i.update_integral_list                   0x0800a8f0   Section        0  sv.o(i.update_integral_list)
    .constdata                               0x0800a928   Section       64  system_stm32h7xx.o(.constdata)
    UARTPrescTable                           0x0800a928   Data          24  system_stm32h7xx.o(.constdata)
    USARTPrescTable                          0x0800a940   Data          24  system_stm32h7xx.o(.constdata)
    .constdata                               0x0800a968   Section       48  stm32h7xx_hal_uart.o(.constdata)
    UARTPrescTable                           0x0800a968   Data          24  stm32h7xx_hal_uart.o(.constdata)
    USARTPrescTable                          0x0800a980   Data          24  stm32h7xx_hal_uart.o(.constdata)
    .constdata                               0x0800a998   Section       83  stm32h7xx_hal_fdcan.o(.constdata)
    UARTPrescTable                           0x0800a998   Data          24  stm32h7xx_hal_fdcan.o(.constdata)
    USARTPrescTable                          0x0800a9b0   Data          24  stm32h7xx_hal_fdcan.o(.constdata)
    DLCtoBytes                               0x0800a9c8   Data          16  stm32h7xx_hal_fdcan.o(.constdata)
    CvtEltSize                               0x0800a9d8   Data          19  stm32h7xx_hal_fdcan.o(.constdata)
    .constdata                               0x0800a9f0   Section       80  acos.o(.constdata)
    pS                                       0x0800a9f0   Data          48  acos.o(.constdata)
    qS                                       0x0800aa20   Data          32  acos.o(.constdata)
    .constdata                               0x0800aa40   Section       80  asin.o(.constdata)
    pS                                       0x0800aa40   Data          48  asin.o(.constdata)
    qS                                       0x0800aa70   Data          32  asin.o(.constdata)
    .constdata                               0x0800aa90   Section      152  atan.o(.constdata)
    atanhi                                   0x0800aa90   Data          32  atan.o(.constdata)
    atanlo                                   0x0800aab0   Data          32  atan.o(.constdata)
    aTodd                                    0x0800aad0   Data          40  atan.o(.constdata)
    aTeven                                   0x0800aaf8   Data          48  atan.o(.constdata)
    .constdata                               0x0800ab28   Section       48  cos_i.o(.constdata)
    C                                        0x0800ab28   Data          48  cos_i.o(.constdata)
    .constdata                               0x0800ab58   Section        8  qnan.o(.constdata)
    .constdata                               0x0800ab60   Section      200  rred.o(.constdata)
    pio2s                                    0x0800ab60   Data          48  rred.o(.constdata)
    twooverpi                                0x0800ab90   Data         152  rred.o(.constdata)
    .constdata                               0x0800ac28   Section       40  sin_i.o(.constdata)
    S                                        0x0800ac28   Data          40  sin_i.o(.constdata)
    .data                                    0x24000000   Section        8  system_stm32h7xx.o(.data)
    .data                                    0x24000008   Section        4  delay.o(.data)
    fac_us                                   0x24000008   Data           4  delay.o(.data)
    .data                                    0x2400000c   Section        9  stm32h7xx_hal.o(.data)
    uwTick                                   0x2400000c   Data           4  stm32h7xx_hal.o(.data)
    uwTickPrio                               0x24000010   Data           4  stm32h7xx_hal.o(.data)
    uwTickFreq                               0x24000014   Data           1  stm32h7xx_hal.o(.data)
    .data                                    0x24000018   Section       36  timer.o(.data)
    .data                                    0x2400003c   Section        9  uart.o(.data)
    .data                                    0x24000046   Section       17  adc.o(.data)
    .data                                    0x24000058   Section       52  sv.o(.data)
    .data                                    0x2400008c   Section       56  gait.o(.data)
    .data                                    0x240000c4   Section        4  errno.o(.data)
    _errno                                   0x240000c4   Data           4  errno.o(.data)
    .bss                                     0x240000c8   Section      220  timer.o(.bss)
    .bss                                     0x240001a4   Section      148  uart.o(.bss)
    .bss                                     0x24000238   Section      120  adc.o(.bss)
    .bss                                     0x240002b0   Section      916  pwm.o(.bss)
    .bss                                     0x24000644   Section      232  can.o(.bss)
    .bss                                     0x2400072c   Section       40  sv.o(.bss)
    .bss                                     0x24000754   Section      148  gait.o(.bss)
    STACK                                    0x240007e8   Section     1024  startup_stm32h743xx.o(STACK)

    Global Symbols

    Symbol Name                              Value     Ov Type        Size  Object(Section)

    BuildAttributes$$THM_ISAv4$E$P$D$K$B$S$7EM$VFPv5_D16$PE$PLD8$A:L22UL41UL21$X:L11$S22US41US21$IEEE1$IW$USESV6$~STKCKD$USESV7$~SHL$OTIME$ROPI$IEEEX$EBA8$MICROLIB$REQ8$PRES8$EABIv2 0x00000000   Number         0  anon$$obj.o ABSOLUTE
    __ARM_use_no_argv                        0x00000000   Number         0  main.o ABSOLUTE
    __cpp_initialize__aeabi_                  - Undefined Weak Reference
    __cxa_finalize                            - Undefined Weak Reference
    __decompress                              - Undefined Weak Reference
    _clock_init                               - Undefined Weak Reference
    _microlib_exit                            - Undefined Weak Reference
    __Vectors_Size                           0x00000298   Number         0  startup_stm32h743xx.o ABSOLUTE
    __Vectors                                0x08000000   Data           4  startup_stm32h743xx.o(RESET)
    __Vectors_End                            0x08000298   Data           0  startup_stm32h743xx.o(RESET)
    __main                                   0x08000299   Thumb Code     0  entry.o(.ARM.Collect$$$$00000000)
    _main_stk                                0x08000299   Thumb Code     0  entry2.o(.ARM.Collect$$$$00000001)
    _main_scatterload                        0x0800029d   Thumb Code     0  entry5.o(.ARM.Collect$$$$00000004)
    __main_after_scatterload                 0x080002a1   Thumb Code     0  entry5.o(.ARM.Collect$$$$00000004)
    _main_clock                              0x080002a1   Thumb Code     0  entry7b.o(.ARM.Collect$$$$00000008)
    _main_cpp_init                           0x080002a1   Thumb Code     0  entry8b.o(.ARM.Collect$$$$0000000A)
    _main_init                               0x080002a1   Thumb Code     0  entry9a.o(.ARM.Collect$$$$0000000B)
    __rt_final_cpp                           0x080002a9   Thumb Code     0  entry10a.o(.ARM.Collect$$$$0000000D)
    __rt_final_exit                          0x080002a9   Thumb Code     0  entry11a.o(.ARM.Collect$$$$0000000F)
    Reset_Handler                            0x080002ad   Thumb Code     8  startup_stm32h743xx.o(.text)
    ADC3_IRQHandler                          0x080002c7   Thumb Code     0  startup_stm32h743xx.o(.text)
    ADC_IRQHandler                           0x080002c7   Thumb Code     0  startup_stm32h743xx.o(.text)
    BDMA_Channel0_IRQHandler                 0x080002c7   Thumb Code     0  startup_stm32h743xx.o(.text)
    BDMA_Channel1_IRQHandler                 0x080002c7   Thumb Code     0  startup_stm32h743xx.o(.text)
    BDMA_Channel2_IRQHandler                 0x080002c7   Thumb Code     0  startup_stm32h743xx.o(.text)
    BDMA_Channel3_IRQHandler                 0x080002c7   Thumb Code     0  startup_stm32h743xx.o(.text)
    BDMA_Channel4_IRQHandler                 0x080002c7   Thumb Code     0  startup_stm32h743xx.o(.text)
    BDMA_Channel5_IRQHandler                 0x080002c7   Thumb Code     0  startup_stm32h743xx.o(.text)
    BDMA_Channel6_IRQHandler                 0x080002c7   Thumb Code     0  startup_stm32h743xx.o(.text)
    BDMA_Channel7_IRQHandler                 0x080002c7   Thumb Code     0  startup_stm32h743xx.o(.text)
    CEC_IRQHandler                           0x080002c7   Thumb Code     0  startup_stm32h743xx.o(.text)
    COMP1_IRQHandler                         0x080002c7   Thumb Code     0  startup_stm32h743xx.o(.text)
    CRS_IRQHandler                           0x080002c7   Thumb Code     0  startup_stm32h743xx.o(.text)
    DCMI_IRQHandler                          0x080002c7   Thumb Code     0  startup_stm32h743xx.o(.text)
    DFSDM1_FLT0_IRQHandler                   0x080002c7   Thumb Code     0  startup_stm32h743xx.o(.text)
    DFSDM1_FLT1_IRQHandler                   0x080002c7   Thumb Code     0  startup_stm32h743xx.o(.text)
    DFSDM1_FLT2_IRQHandler                   0x080002c7   Thumb Code     0  startup_stm32h743xx.o(.text)
    DFSDM1_FLT3_IRQHandler                   0x080002c7   Thumb Code     0  startup_stm32h743xx.o(.text)
    DMA1_Stream0_IRQHandler                  0x080002c7   Thumb Code     0  startup_stm32h743xx.o(.text)
    DMA1_Stream1_IRQHandler                  0x080002c7   Thumb Code     0  startup_stm32h743xx.o(.text)
    DMA1_Stream2_IRQHandler                  0x080002c7   Thumb Code     0  startup_stm32h743xx.o(.text)
    DMA1_Stream3_IRQHandler                  0x080002c7   Thumb Code     0  startup_stm32h743xx.o(.text)
    DMA1_Stream4_IRQHandler                  0x080002c7   Thumb Code     0  startup_stm32h743xx.o(.text)
    DMA1_Stream5_IRQHandler                  0x080002c7   Thumb Code     0  startup_stm32h743xx.o(.text)
    DMA1_Stream6_IRQHandler                  0x080002c7   Thumb Code     0  startup_stm32h743xx.o(.text)
    DMA1_Stream7_IRQHandler                  0x080002c7   Thumb Code     0  startup_stm32h743xx.o(.text)
    DMA2D_IRQHandler                         0x080002c7   Thumb Code     0  startup_stm32h743xx.o(.text)
    DMA2_Stream0_IRQHandler                  0x080002c7   Thumb Code     0  startup_stm32h743xx.o(.text)
    DMA2_Stream1_IRQHandler                  0x080002c7   Thumb Code     0  startup_stm32h743xx.o(.text)
    DMA2_Stream2_IRQHandler                  0x080002c7   Thumb Code     0  startup_stm32h743xx.o(.text)
    DMA2_Stream3_IRQHandler                  0x080002c7   Thumb Code     0  startup_stm32h743xx.o(.text)
    DMA2_Stream4_IRQHandler                  0x080002c7   Thumb Code     0  startup_stm32h743xx.o(.text)
    DMA2_Stream5_IRQHandler                  0x080002c7   Thumb Code     0  startup_stm32h743xx.o(.text)
    DMA2_Stream6_IRQHandler                  0x080002c7   Thumb Code     0  startup_stm32h743xx.o(.text)
    DMA2_Stream7_IRQHandler                  0x080002c7   Thumb Code     0  startup_stm32h743xx.o(.text)
    DMAMUX1_OVR_IRQHandler                   0x080002c7   Thumb Code     0  startup_stm32h743xx.o(.text)
    DMAMUX2_OVR_IRQHandler                   0x080002c7   Thumb Code     0  startup_stm32h743xx.o(.text)
    ETH_IRQHandler                           0x080002c7   Thumb Code     0  startup_stm32h743xx.o(.text)
    ETH_WKUP_IRQHandler                      0x080002c7   Thumb Code     0  startup_stm32h743xx.o(.text)
    EXTI0_IRQHandler                         0x080002c7   Thumb Code     0  startup_stm32h743xx.o(.text)
    EXTI15_10_IRQHandler                     0x080002c7   Thumb Code     0  startup_stm32h743xx.o(.text)
    EXTI1_IRQHandler                         0x080002c7   Thumb Code     0  startup_stm32h743xx.o(.text)
    EXTI2_IRQHandler                         0x080002c7   Thumb Code     0  startup_stm32h743xx.o(.text)
    EXTI3_IRQHandler                         0x080002c7   Thumb Code     0  startup_stm32h743xx.o(.text)
    EXTI4_IRQHandler                         0x080002c7   Thumb Code     0  startup_stm32h743xx.o(.text)
    EXTI9_5_IRQHandler                       0x080002c7   Thumb Code     0  startup_stm32h743xx.o(.text)
    FDCAN1_IT0_IRQHandler                    0x080002c7   Thumb Code     0  startup_stm32h743xx.o(.text)
    FDCAN1_IT1_IRQHandler                    0x080002c7   Thumb Code     0  startup_stm32h743xx.o(.text)
    FDCAN2_IT0_IRQHandler                    0x080002c7   Thumb Code     0  startup_stm32h743xx.o(.text)
    FDCAN2_IT1_IRQHandler                    0x080002c7   Thumb Code     0  startup_stm32h743xx.o(.text)
    FDCAN_CAL_IRQHandler                     0x080002c7   Thumb Code     0  startup_stm32h743xx.o(.text)
    FLASH_IRQHandler                         0x080002c7   Thumb Code     0  startup_stm32h743xx.o(.text)
    FMC_IRQHandler                           0x080002c7   Thumb Code     0  startup_stm32h743xx.o(.text)
    FPU_IRQHandler                           0x080002c7   Thumb Code     0  startup_stm32h743xx.o(.text)
    HRTIM1_FLT_IRQHandler                    0x080002c7   Thumb Code     0  startup_stm32h743xx.o(.text)
    HRTIM1_Master_IRQHandler                 0x080002c7   Thumb Code     0  startup_stm32h743xx.o(.text)
    HRTIM1_TIMA_IRQHandler                   0x080002c7   Thumb Code     0  startup_stm32h743xx.o(.text)
    HRTIM1_TIMB_IRQHandler                   0x080002c7   Thumb Code     0  startup_stm32h743xx.o(.text)
    HRTIM1_TIMC_IRQHandler                   0x080002c7   Thumb Code     0  startup_stm32h743xx.o(.text)
    HRTIM1_TIMD_IRQHandler                   0x080002c7   Thumb Code     0  startup_stm32h743xx.o(.text)
    HRTIM1_TIME_IRQHandler                   0x080002c7   Thumb Code     0  startup_stm32h743xx.o(.text)
    HSEM1_IRQHandler                         0x080002c7   Thumb Code     0  startup_stm32h743xx.o(.text)
    I2C1_ER_IRQHandler                       0x080002c7   Thumb Code     0  startup_stm32h743xx.o(.text)
    I2C1_EV_IRQHandler                       0x080002c7   Thumb Code     0  startup_stm32h743xx.o(.text)
    I2C2_ER_IRQHandler                       0x080002c7   Thumb Code     0  startup_stm32h743xx.o(.text)
    I2C2_EV_IRQHandler                       0x080002c7   Thumb Code     0  startup_stm32h743xx.o(.text)
    I2C3_ER_IRQHandler                       0x080002c7   Thumb Code     0  startup_stm32h743xx.o(.text)
    I2C3_EV_IRQHandler                       0x080002c7   Thumb Code     0  startup_stm32h743xx.o(.text)
    I2C4_ER_IRQHandler                       0x080002c7   Thumb Code     0  startup_stm32h743xx.o(.text)
    I2C4_EV_IRQHandler                       0x080002c7   Thumb Code     0  startup_stm32h743xx.o(.text)
    JPEG_IRQHandler                          0x080002c7   Thumb Code     0  startup_stm32h743xx.o(.text)
    LPTIM1_IRQHandler                        0x080002c7   Thumb Code     0  startup_stm32h743xx.o(.text)
    LPTIM2_IRQHandler                        0x080002c7   Thumb Code     0  startup_stm32h743xx.o(.text)
    LPTIM3_IRQHandler                        0x080002c7   Thumb Code     0  startup_stm32h743xx.o(.text)
    LPTIM4_IRQHandler                        0x080002c7   Thumb Code     0  startup_stm32h743xx.o(.text)
    LPTIM5_IRQHandler                        0x080002c7   Thumb Code     0  startup_stm32h743xx.o(.text)
    LPUART1_IRQHandler                       0x080002c7   Thumb Code     0  startup_stm32h743xx.o(.text)
    LTDC_ER_IRQHandler                       0x080002c7   Thumb Code     0  startup_stm32h743xx.o(.text)
    LTDC_IRQHandler                          0x080002c7   Thumb Code     0  startup_stm32h743xx.o(.text)
    MDIOS_IRQHandler                         0x080002c7   Thumb Code     0  startup_stm32h743xx.o(.text)
    MDIOS_WKUP_IRQHandler                    0x080002c7   Thumb Code     0  startup_stm32h743xx.o(.text)
    MDMA_IRQHandler                          0x080002c7   Thumb Code     0  startup_stm32h743xx.o(.text)
    OTG_FS_EP1_IN_IRQHandler                 0x080002c7   Thumb Code     0  startup_stm32h743xx.o(.text)
    OTG_FS_EP1_OUT_IRQHandler                0x080002c7   Thumb Code     0  startup_stm32h743xx.o(.text)
    OTG_FS_IRQHandler                        0x080002c7   Thumb Code     0  startup_stm32h743xx.o(.text)
    OTG_FS_WKUP_IRQHandler                   0x080002c7   Thumb Code     0  startup_stm32h743xx.o(.text)
    OTG_HS_EP1_IN_IRQHandler                 0x080002c7   Thumb Code     0  startup_stm32h743xx.o(.text)
    OTG_HS_EP1_OUT_IRQHandler                0x080002c7   Thumb Code     0  startup_stm32h743xx.o(.text)
    OTG_HS_IRQHandler                        0x080002c7   Thumb Code     0  startup_stm32h743xx.o(.text)
    OTG_HS_WKUP_IRQHandler                   0x080002c7   Thumb Code     0  startup_stm32h743xx.o(.text)
    PVD_AVD_IRQHandler                       0x080002c7   Thumb Code     0  startup_stm32h743xx.o(.text)
    QUADSPI_IRQHandler                       0x080002c7   Thumb Code     0  startup_stm32h743xx.o(.text)
    RCC_IRQHandler                           0x080002c7   Thumb Code     0  startup_stm32h743xx.o(.text)
    RNG_IRQHandler                           0x080002c7   Thumb Code     0  startup_stm32h743xx.o(.text)
    RTC_Alarm_IRQHandler                     0x080002c7   Thumb Code     0  startup_stm32h743xx.o(.text)
    RTC_WKUP_IRQHandler                      0x080002c7   Thumb Code     0  startup_stm32h743xx.o(.text)
    SAI1_IRQHandler                          0x080002c7   Thumb Code     0  startup_stm32h743xx.o(.text)
    SAI2_IRQHandler                          0x080002c7   Thumb Code     0  startup_stm32h743xx.o(.text)
    SAI3_IRQHandler                          0x080002c7   Thumb Code     0  startup_stm32h743xx.o(.text)
    SAI4_IRQHandler                          0x080002c7   Thumb Code     0  startup_stm32h743xx.o(.text)
    SDMMC1_IRQHandler                        0x080002c7   Thumb Code     0  startup_stm32h743xx.o(.text)
    SDMMC2_IRQHandler                        0x080002c7   Thumb Code     0  startup_stm32h743xx.o(.text)
    SPDIF_RX_IRQHandler                      0x080002c7   Thumb Code     0  startup_stm32h743xx.o(.text)
    SPI1_IRQHandler                          0x080002c7   Thumb Code     0  startup_stm32h743xx.o(.text)
    SPI2_IRQHandler                          0x080002c7   Thumb Code     0  startup_stm32h743xx.o(.text)
    SPI3_IRQHandler                          0x080002c7   Thumb Code     0  startup_stm32h743xx.o(.text)
    SPI4_IRQHandler                          0x080002c7   Thumb Code     0  startup_stm32h743xx.o(.text)
    SPI5_IRQHandler                          0x080002c7   Thumb Code     0  startup_stm32h743xx.o(.text)
    SPI6_IRQHandler                          0x080002c7   Thumb Code     0  startup_stm32h743xx.o(.text)
    SWPMI1_IRQHandler                        0x080002c7   Thumb Code     0  startup_stm32h743xx.o(.text)
    TAMP_STAMP_IRQHandler                    0x080002c7   Thumb Code     0  startup_stm32h743xx.o(.text)
    TIM15_IRQHandler                         0x080002c7   Thumb Code     0  startup_stm32h743xx.o(.text)
    TIM16_IRQHandler                         0x080002c7   Thumb Code     0  startup_stm32h743xx.o(.text)
    TIM17_IRQHandler                         0x080002c7   Thumb Code     0  startup_stm32h743xx.o(.text)
    TIM1_BRK_IRQHandler                      0x080002c7   Thumb Code     0  startup_stm32h743xx.o(.text)
    TIM1_CC_IRQHandler                       0x080002c7   Thumb Code     0  startup_stm32h743xx.o(.text)
    TIM1_TRG_COM_IRQHandler                  0x080002c7   Thumb Code     0  startup_stm32h743xx.o(.text)
    TIM1_UP_IRQHandler                       0x080002c7   Thumb Code     0  startup_stm32h743xx.o(.text)
    TIM3_IRQHandler                          0x080002c7   Thumb Code     0  startup_stm32h743xx.o(.text)
    TIM6_DAC_IRQHandler                      0x080002c7   Thumb Code     0  startup_stm32h743xx.o(.text)
    TIM8_BRK_TIM12_IRQHandler                0x080002c7   Thumb Code     0  startup_stm32h743xx.o(.text)
    TIM8_TRG_COM_TIM14_IRQHandler            0x080002c7   Thumb Code     0  startup_stm32h743xx.o(.text)
    TIM8_UP_TIM13_IRQHandler                 0x080002c7   Thumb Code     0  startup_stm32h743xx.o(.text)
    UART4_IRQHandler                         0x080002c7   Thumb Code     0  startup_stm32h743xx.o(.text)
    UART5_IRQHandler                         0x080002c7   Thumb Code     0  startup_stm32h743xx.o(.text)
    UART8_IRQHandler                         0x080002c7   Thumb Code     0  startup_stm32h743xx.o(.text)
    USART1_IRQHandler                        0x080002c7   Thumb Code     0  startup_stm32h743xx.o(.text)
    USART2_IRQHandler                        0x080002c7   Thumb Code     0  startup_stm32h743xx.o(.text)
    USART3_IRQHandler                        0x080002c7   Thumb Code     0  startup_stm32h743xx.o(.text)
    USART6_IRQHandler                        0x080002c7   Thumb Code     0  startup_stm32h743xx.o(.text)
    WAKEUP_PIN_IRQHandler                    0x080002c7   Thumb Code     0  startup_stm32h743xx.o(.text)
    WWDG_IRQHandler                          0x080002c7   Thumb Code     0  startup_stm32h743xx.o(.text)
    __aeabi_uldivmod                         0x080002d1   Thumb Code    98  uldiv.o(.text)
    __aeabi_memset                           0x08000333   Thumb Code    14  memseta.o(.text)
    __aeabi_memset4                          0x08000333   Thumb Code     0  memseta.o(.text)
    __aeabi_memset8                          0x08000333   Thumb Code     0  memseta.o(.text)
    __aeabi_memclr                           0x08000341   Thumb Code     4  memseta.o(.text)
    __aeabi_memclr4                          0x08000341   Thumb Code     0  memseta.o(.text)
    __aeabi_memclr8                          0x08000341   Thumb Code     0  memseta.o(.text)
    _memset$wrapper                          0x08000345   Thumb Code    18  memseta.o(.text)
    __aeabi_llsl                             0x08000357   Thumb Code    30  llshl.o(.text)
    _ll_shift_l                              0x08000357   Thumb Code     0  llshl.o(.text)
    __aeabi_llsr                             0x08000375   Thumb Code    32  llushr.o(.text)
    _ll_ushift_r                             0x08000375   Thumb Code     0  llushr.o(.text)
    __I$use$fp                               0x08000395   Thumb Code     0  iusefp.o(.text)
    __scatterload                            0x08000395   Thumb Code    28  init.o(.text)
    __scatterload_rt2                        0x08000395   Thumb Code     0  init.o(.text)
    ADC_Disable                              0x080003b9   Thumb Code   152  stm32h7xx_hal_adc.o(i.ADC_Disable)
    Angle                                    0x08000451   Thumb Code   210  gait.o(i.Angle)
    BusFault_Handler                         0x08000549   Thumb Code     4  stm32h7xx_it.o(i.BusFault_Handler)
    Cache_Enable                             0x0800054d   Thumb Code    24  sys.o(i.Cache_Enable)
    DebugMon_Handler                         0x08000569   Thumb Code     2  stm32h7xx_it.o(i.DebugMon_Handler)
    FDCAN1_Mode_Init                         0x0800056d   Thumb Code   162  can.o(i.FDCAN1_Mode_Init)
    HAL_ADCEx_Calibration_Start              0x08000871   Thumb Code   188  stm32h7xx_hal_adc_ex.o(i.HAL_ADCEx_Calibration_Start)
    HAL_ADC_Init                             0x0800092d   Thumb Code   820  stm32h7xx_hal_adc.o(i.HAL_ADC_Init)
    HAL_ADC_MspInit                          0x08000c85   Thumb Code   106  adc.o(i.HAL_ADC_MspInit)
    HAL_DMA_Abort_IT                         0x08000cfd   Thumb Code   236  stm32h7xx_hal_dma.o(i.HAL_DMA_Abort_IT)
    HAL_Delay                                0x08000df5   Thumb Code    36  stm32h7xx_hal.o(i.HAL_Delay)
    HAL_EnableCompensationCell               0x08000e1d   Thumb Code    14  stm32h7xx_hal.o(i.HAL_EnableCompensationCell)
    HAL_FDCAN_ActivateNotification           0x08000e31   Thumb Code   162  stm32h7xx_hal_fdcan.o(i.HAL_FDCAN_ActivateNotification)
    HAL_FDCAN_ConfigFilter                   0x08000edd   Thumb Code   170  stm32h7xx_hal_fdcan.o(i.HAL_FDCAN_ConfigFilter)
    HAL_FDCAN_DeInit                         0x08000f87   Thumb Code    36  stm32h7xx_hal_fdcan.o(i.HAL_FDCAN_DeInit)
    HAL_FDCAN_Init                           0x08000fad   Thumb Code   678  stm32h7xx_hal_fdcan.o(i.HAL_FDCAN_Init)
    HAL_FDCAN_MspDeInit                      0x0800125d   Thumb Code    24  can.o(i.HAL_FDCAN_MspDeInit)
    HAL_FDCAN_MspInit                        0x08001279   Thumb Code   114  can.o(i.HAL_FDCAN_MspInit)
    HAL_FDCAN_Start                          0x080012f5   Thumb Code    52  stm32h7xx_hal_fdcan.o(i.HAL_FDCAN_Start)
    HAL_FDCAN_Stop                           0x08001329   Thumb Code   104  stm32h7xx_hal_fdcan.o(i.HAL_FDCAN_Stop)
    HAL_GPIO_Init                            0x08001391   Thumb Code   534  stm32h7xx_hal_gpio.o(i.HAL_GPIO_Init)
    HAL_GPIO_WritePin                        0x080015dd   Thumb Code    10  stm32h7xx_hal_gpio.o(i.HAL_GPIO_WritePin)
    HAL_GetTick                              0x080015e9   Thumb Code     6  stm32h7xx_hal.o(i.HAL_GetTick)
    HAL_IncTick                              0x080015f5   Thumb Code    16  stm32h7xx_hal.o(i.HAL_IncTick)
    HAL_Init                                 0x0800160d   Thumb Code    28  stm32h7xx_hal.o(i.HAL_Init)
    HAL_InitTick                             0x08001629   Thumb Code    64  stm32h7xx_hal.o(i.HAL_InitTick)
    HAL_MspInit                              0x08001675   Thumb Code     2  stm32h7xx_hal_msp.o(i.HAL_MspInit)
    HAL_NVIC_EnableIRQ                       0x08001677   Thumb Code    32  stm32h7xx_hal_cortex.o(i.HAL_NVIC_EnableIRQ)
    HAL_NVIC_SetPriority                     0x08001697   Thumb Code   122  stm32h7xx_hal_cortex.o(i.HAL_NVIC_SetPriority)
    HAL_NVIC_SetPriorityGrouping             0x08001711   Thumb Code    32  stm32h7xx_hal_cortex.o(i.HAL_NVIC_SetPriorityGrouping)
    HAL_RCCEx_GetD1SysClockFreq              0x08001739   Thumb Code    44  stm32h7xx_hal_rcc_ex.o(i.HAL_RCCEx_GetD1SysClockFreq)
    HAL_RCCEx_GetD3PCLK1Freq                 0x08001771   Thumb Code    34  stm32h7xx_hal_rcc_ex.o(i.HAL_RCCEx_GetD3PCLK1Freq)
    HAL_RCCEx_GetPLL2ClockFreq               0x0800179d   Thumb Code   532  stm32h7xx_hal_rcc_ex.o(i.HAL_RCCEx_GetPLL2ClockFreq)
    HAL_RCCEx_GetPLL3ClockFreq               0x080019c9   Thumb Code   532  stm32h7xx_hal_rcc_ex.o(i.HAL_RCCEx_GetPLL3ClockFreq)
    HAL_RCCEx_PeriphCLKConfig                0x08001bf5   Thumb Code  2868  stm32h7xx_hal_rcc_ex.o(i.HAL_RCCEx_PeriphCLKConfig)
    HAL_RCC_ClockConfig                      0x0800272d   Thumb Code   574  stm32h7xx_hal_rcc.o(i.HAL_RCC_ClockConfig)
    HAL_RCC_GetHCLKFreq                      0x0800297d   Thumb Code    42  stm32h7xx_hal_rcc.o(i.HAL_RCC_GetHCLKFreq)
    HAL_RCC_GetPCLK1Freq                     0x080029b5   Thumb Code    34  stm32h7xx_hal_rcc.o(i.HAL_RCC_GetPCLK1Freq)
    HAL_RCC_GetPCLK2Freq                     0x080029e1   Thumb Code    36  stm32h7xx_hal_rcc.o(i.HAL_RCC_GetPCLK2Freq)
    HAL_RCC_GetSysClockFreq                  0x08002a0d   Thumb Code   556  stm32h7xx_hal_rcc.o(i.HAL_RCC_GetSysClockFreq)
    HAL_RCC_OscConfig                        0x08002c51   Thumb Code  1724  stm32h7xx_hal_rcc.o(i.HAL_RCC_OscConfig)
    HAL_SYSTICK_CLKSourceConfig              0x08003315   Thumb Code    40  stm32h7xx_hal_cortex.o(i.HAL_SYSTICK_CLKSourceConfig)
    HAL_SYSTICK_Config                       0x0800333d   Thumb Code    52  stm32h7xx_hal_cortex.o(i.HAL_SYSTICK_Config)
    HAL_TIMEx_BreakCallback                  0x08003371   Thumb Code     2  stm32h7xx_hal_tim_ex.o(i.HAL_TIMEx_BreakCallback)
    HAL_TIMEx_CommutationCallback            0x08003373   Thumb Code     2  stm32h7xx_hal_tim_ex.o(i.HAL_TIMEx_CommutationCallback)
    HAL_TIM_Base_Init                        0x08003375   Thumb Code    52  stm32h7xx_hal_tim.o(i.HAL_TIM_Base_Init)
    HAL_TIM_Base_MspInit                     0x080033a9   Thumb Code   162  timer.o(i.HAL_TIM_Base_MspInit)
    HAL_TIM_Base_Start_IT                    0x08003459   Thumb Code    30  stm32h7xx_hal_tim.o(i.HAL_TIM_Base_Start_IT)
    HAL_TIM_IC_CaptureCallback               0x08003477   Thumb Code     2  stm32h7xx_hal_tim.o(i.HAL_TIM_IC_CaptureCallback)
    HAL_TIM_IRQHandler                       0x08003479   Thumb Code   440  stm32h7xx_hal_tim.o(i.HAL_TIM_IRQHandler)
    HAL_TIM_OC_DelayElapsedCallback          0x08003631   Thumb Code     2  stm32h7xx_hal_tim.o(i.HAL_TIM_OC_DelayElapsedCallback)
    HAL_TIM_PWM_ConfigChannel                0x08003633   Thumb Code   372  stm32h7xx_hal_tim.o(i.HAL_TIM_PWM_ConfigChannel)
    HAL_TIM_PWM_Init                         0x080037a7   Thumb Code    52  stm32h7xx_hal_tim.o(i.HAL_TIM_PWM_Init)
    HAL_TIM_PWM_MspInit                      0x080037dd   Thumb Code   710  pwm.o(i.HAL_TIM_PWM_MspInit)
    HAL_TIM_PWM_PulseFinishedCallback        0x08003ad1   Thumb Code     2  stm32h7xx_hal_tim.o(i.HAL_TIM_PWM_PulseFinishedCallback)
    HAL_TIM_PWM_Start                        0x08003ad5   Thumb Code    92  stm32h7xx_hal_tim.o(i.HAL_TIM_PWM_Start)
    HAL_TIM_PeriodElapsedCallback            0x08003b45   Thumb Code    42  timer.o(i.HAL_TIM_PeriodElapsedCallback)
    HAL_TIM_TriggerCallback                  0x08003b7d   Thumb Code     2  stm32h7xx_hal_tim.o(i.HAL_TIM_TriggerCallback)
    HAL_UARTEx_WakeupCallback                0x08003b7f   Thumb Code     2  stm32h7xx_hal_uart_ex.o(i.HAL_UARTEx_WakeupCallback)
    HAL_UART_ErrorCallback                   0x08003b81   Thumb Code     2  stm32h7xx_hal_uart.o(i.HAL_UART_ErrorCallback)
    HAL_UART_IRQHandler                      0x08003b85   Thumb Code   434  stm32h7xx_hal_uart.o(i.HAL_UART_IRQHandler)
    HAL_UART_Init                            0x08003d41   Thumb Code   120  stm32h7xx_hal_uart.o(i.HAL_UART_Init)
    HAL_UART_MspInit                         0x08003db9   Thumb Code   122  uart.o(i.HAL_UART_MspInit)
    HAL_UART_Receive_IT                      0x08003e41   Thumb Code   224  stm32h7xx_hal_uart.o(i.HAL_UART_Receive_IT)
    HAL_UART_RxCpltCallback                  0x08003f21   Thumb Code   126  uart.o(i.HAL_UART_RxCpltCallback)
    HAL_UART_Transmit                        0x08003fb1   Thumb Code   198  stm32h7xx_hal_uart.o(i.HAL_UART_Transmit)
    HAL_UART_TxCpltCallback                  0x08004077   Thumb Code     2  stm32h7xx_hal_uart.o(i.HAL_UART_TxCpltCallback)
    HardFault_Handler                        0x08004079   Thumb Code     4  stm32h7xx_it.o(i.HardFault_Handler)
    InitRobotPosion                          0x0800407d   Thumb Code   196  gait.o(i.InitRobotPosion)
    MX_ADC1_Init                             0x08004145   Thumb Code    84  adc.o(i.MX_ADC1_Init)
    MY_UART7_Init                            0x080041a1   Thumb Code    46  uart.o(i.MY_UART7_Init)
    MemManage_Handler                        0x080041dd   Thumb Code     4  stm32h7xx_it.o(i.MemManage_Handler)
    NMI_Handler                              0x080041e1   Thumb Code     2  stm32h7xx_it.o(i.NMI_Handler)
    PendSV_Handler                           0x080041e3   Thumb Code     2  stm32h7xx_it.o(i.PendSV_Handler)
    SVC_Handler                              0x0800455d   Thumb Code     2  stm32h7xx_it.o(i.SVC_Handler)
    SV_ESTIMATE                              0x08004561   Thumb Code   482  sv.o(i.SV_ESTIMATE)
    SV_Init                                  0x080047a9   Thumb Code   234  sv.o(i.SV_Init)
    SV_test1                                 0x080048a1   Thumb Code   116  sv.o(i.SV_test1)
    SV_test2                                 0x08004919   Thumb Code   112  sv.o(i.SV_test2)
    StartAngleInit                           0x0800498d   Thumb Code   100  gait.o(i.StartAngleInit)
    Stm32_Clock_Init                         0x080049f9   Thumb Code   232  sys.o(i.Stm32_Clock_Init)
    SysTick_Handler                          0x08004ae9   Thumb Code     8  stm32h7xx_it.o(i.SysTick_Handler)
    SystemInit                               0x08004af1   Thumb Code   130  system_stm32h7xx.o(i.SystemInit)
    TIM12_PWM_Init                           0x08004b85   Thumb Code   198  pwm.o(i.TIM12_PWM_Init)
    TIM15_PWM_Init                           0x08004c65   Thumb Code   114  pwm.o(i.TIM15_PWM_Init)
    TIM16_PWM_Init                           0x08004ce9   Thumb Code    70  pwm.o(i.TIM16_PWM_Init)
    TIM1_PWM_Init                            0x08004d3d   Thumb Code   198  pwm.o(i.TIM1_PWM_Init)
    TIM2_IRQHandler                          0x08004e1d   Thumb Code    10  timer.o(i.TIM2_IRQHandler)
    TIM3_PWM_Init                            0x08004e2d   Thumb Code   198  pwm.o(i.TIM3_PWM_Init)
    TIM4_IRQHandler                          0x08004f0d   Thumb Code    10  stm32h7xx_it.o(i.TIM4_IRQHandler)
    TIM4_PWM_Init                            0x08004f1d   Thumb Code   198  pwm.o(i.TIM4_PWM_Init)
    TIM5_IRQHandler                          0x08004ffd   Thumb Code    10  timer.o(i.TIM5_IRQHandler)
    TIM5_Init                                0x0800500d   Thumb Code    36  timer.o(i.TIM5_Init)
    TIM7_IRQHandler                          0x08005039   Thumb Code    10  timer.o(i.TIM7_IRQHandler)
    TIM8_CC_IRQHandler                       0x08005049   Thumb Code     2  stm32h7xx_it.o(i.TIM8_CC_IRQHandler)
    TIM_Base_SetConfig                       0x0800504d   Thumb Code   172  stm32h7xx_hal_tim.o(i.TIM_Base_SetConfig)
    TIM_CCxChannelCmd                        0x08005119   Thumb Code    28  stm32h7xx_hal_tim.o(i.TIM_CCxChannelCmd)
    TIM_OC1_SetConfig                        0x08005135   Thumb Code   152  stm32h7xx_hal_tim.o(i.TIM_OC1_SetConfig)
    TIM_OC2_SetConfig                        0x080051e5   Thumb Code   162  stm32h7xx_hal_tim.o(i.TIM_OC2_SetConfig)
    TIM_OC3_SetConfig                        0x080052a1   Thumb Code   160  stm32h7xx_hal_tim.o(i.TIM_OC3_SetConfig)
    TIM_OC4_SetConfig                        0x08005355   Thumb Code    98  stm32h7xx_hal_tim.o(i.TIM_OC4_SetConfig)
    TIM_SetCompare1                          0x080054b1   Thumb Code     6  pwm.o(i.TIM_SetCompare1)
    TIM_SetCompare2                          0x080054b7   Thumb Code     6  pwm.o(i.TIM_SetCompare2)
    TIM_SetCompare3                          0x080054bd   Thumb Code     6  pwm.o(i.TIM_SetCompare3)
    UART7_IRQHandler                         0x080054c5   Thumb Code    20  uart.o(i.UART7_IRQHandler)
    UART_AdvFeatureConfig                    0x080054e1   Thumb Code   234  stm32h7xx_hal_uart.o(i.UART_AdvFeatureConfig)
    UART_CheckIdleState                      0x080055cb   Thumb Code   116  stm32h7xx_hal_uart.o(i.UART_CheckIdleState)
    UART_SetConfig                           0x08005721   Thumb Code  2452  stm32h7xx_hal_uart.o(i.UART_SetConfig)
    UART_WaitOnFlagUntilTimeout              0x08006147   Thumb Code   108  stm32h7xx_hal_uart.o(i.UART_WaitOnFlagUntilTimeout)
    UsageFault_Handler                       0x080061b3   Thumb Code     4  stm32h7xx_it.o(i.UsageFault_Handler)
    __ARM_fpclassify                         0x080061b7   Thumb Code    48  fpclassify.o(i.__ARM_fpclassify)
    __hardfp_acos                            0x08006221   Thumb Code   422  acos.o(i.__hardfp_acos)
    __hardfp_asin                            0x08006439   Thumb Code   432  asin.o(i.__hardfp_asin)
    __hardfp_atan                            0x08006641   Thumb Code   402  atan.o(i.__hardfp_atan)
    __hardfp_atan2                           0x08006841   Thumb Code   380  atan2.o(i.__hardfp_atan2)
    __hardfp_cos                             0x08006a01   Thumb Code   158  cos.o(i.__hardfp_cos)
    __hardfp_sin                             0x08006ab1   Thumb Code   158  sin.o(i.__hardfp_sin)
    __hardfp_sqrt                            0x08006b61   Thumb Code   102  sqrt.o(i.__hardfp_sqrt)
    __ieee754_rem_pio2                       0x08006bc9   Thumb Code   646  rred.o(i.__ieee754_rem_pio2)
    __kernel_cos                             0x08006ed9   Thumb Code   182  cos_i.o(i.__kernel_cos)
    __kernel_poly                            0x08006fb9   Thumb Code   112  poly.o(i.__kernel_poly)
    __kernel_sin                             0x08007029   Thumb Code   144  sin_i.o(i.__kernel_sin)
    __mathlib_dbl_infnan                     0x080070d1   Thumb Code     6  dunder.o(i.__mathlib_dbl_infnan)
    __mathlib_dbl_infnan2                    0x080070d7   Thumb Code     6  dunder.o(i.__mathlib_dbl_infnan2)
    __mathlib_dbl_invalid                    0x080070e1   Thumb Code    10  dunder.o(i.__mathlib_dbl_invalid)
    __mathlib_dbl_underflow                  0x080070f9   Thumb Code    10  dunder.o(i.__mathlib_dbl_underflow)
    __scatterload_copy                       0x08007111   Thumb Code    14  handlers.o(i.__scatterload_copy)
    __scatterload_null                       0x0800711f   Thumb Code     2  handlers.o(i.__scatterload_null)
    __scatterload_zeroinit                   0x08007121   Thumb Code    14  handlers.o(i.__scatterload_zeroinit)
    __set_errno                              0x08007131   Thumb Code     6  errno.o(i.__set_errno)
    air_control                              0x0800713d   Thumb Code   920  sv.o(i.air_control)
    atan                                     0x080074f1   Thumb Code    16  atan.o(i.atan)
    delay_init                               0x08007501   Thumb Code    16  delay.o(i.delay_init)
    fabs                                     0x08007515   Thumb Code    24  fabs.o(i.fabs)
    main                                     0x0800752d   Thumb Code   212  main.o(i.main)
    movement                                 0x08007609   Thumb Code 12732  gait.o(i.movement)
    pid_value_init                           0x0800a7d5   Thumb Code    68  sv.o(i.pid_value_init)
    sqrt                                     0x0800a841   Thumb Code   106  sqrt.o(i.sqrt)
    take_step                                0x0800a8ad   Thumb Code    58  uart.o(i.take_step)
    update_integral_list                     0x0800a8f1   Thumb Code    50  sv.o(i.update_integral_list)
    D1CorePrescTable                         0x0800a958   Data          16  system_stm32h7xx.o(.constdata)
    __mathlib_zero                           0x0800ab58   Data           8  qnan.o(.constdata)
    Region$$Table$$Base                      0x0800ac50   Number         0  anon$$obj.o(Region$$Table)
    Region$$Table$$Limit                     0x0800ac70   Number         0  anon$$obj.o(Region$$Table)
    SystemCoreClock                          0x24000000   Data           4  system_stm32h7xx.o(.data)
    SystemD2Clock                            0x24000004   Data           4  system_stm32h7xx.o(.data)
    mesg                                     0x24000018   Data           4  timer.o(.data)
    canbuf1                                  0x2400001c   Data           8  timer.o(.data)
    canbuf2                                  0x24000024   Data           8  timer.o(.data)
    canbuf3                                  0x2400002c   Data           4  timer.o(.data)
    s                                        0x24000030   Data           4  timer.o(.data)
    T                                        0x24000034   Data           4  timer.o(.data)
    delta_t                                  0x24000038   Data           4  timer.o(.data)
    onestep                                  0x2400003c   Data           1  uart.o(.data)
    UART_RX_BUF                              0x2400003d   Data           3  uart.o(.data)
    UART_RX_STA                              0x24000040   Data           2  uart.o(.data)
    aRxBuffer                                0x24000042   Data           1  uart.o(.data)
    rdata                                    0x24000043   Data           1  uart.o(.data)
    res                                      0x24000044   Data           1  uart.o(.data)
    adc1                                     0x24000046   Data           2  adc.o(.data)
    adc2                                     0x24000048   Data           2  adc.o(.data)
    adc3                                     0x2400004a   Data           2  adc.o(.data)
    adc4                                     0x2400004c   Data           2  adc.o(.data)
    adc_1_H                                  0x2400004e   Data           1  adc.o(.data)
    adc_1_L                                  0x2400004f   Data           1  adc.o(.data)
    adc_2_H                                  0x24000050   Data           1  adc.o(.data)
    adc_2_L                                  0x24000051   Data           1  adc.o(.data)
    adc_3_H                                  0x24000052   Data           1  adc.o(.data)
    adc_3_L                                  0x24000053   Data           1  adc.o(.data)
    adc_4_H                                  0x24000054   Data           1  adc.o(.data)
    adc_4_L                                  0x24000055   Data           1  adc.o(.data)
    aa                                       0x24000056   Data           1  adc.o(.data)
    target_p                                 0x24000058   Data           1  sv.o(.data)
    p                                        0x2400005c   Data           4  sv.o(.data)
    set_p                                    0x24000060   Data           4  sv.o(.data)
    set_speed                                0x24000064   Data           4  sv.o(.data)
    speed                                    0x24000068   Data           4  sv.o(.data)
    actual_p                                 0x2400006c   Data           4  sv.o(.data)
    err                                      0x24000070   Data           4  sv.o(.data)
    err_last                                 0x24000074   Data           4  sv.o(.data)
    integral                                 0x24000078   Data           4  sv.o(.data)
    Kp                                       0x2400007c   Data           4  sv.o(.data)
    Ki                                       0x24000080   Data           4  sv.o(.data)
    Kd                                       0x24000084   Data           4  sv.o(.data)
    sv_flag                                  0x24000088   Data           4  sv.o(.data)
    i                                        0x2400008c   Data           4  gait.o(.data)
    F1                                       0x24000090   Data           4  gait.o(.data)
    F2                                       0x24000094   Data           4  gait.o(.data)
    F3                                       0x24000098   Data           4  gait.o(.data)
    x_b                                      0x2400009c   Data           4  gait.o(.data)
    y_b                                      0x240000a0   Data           4  gait.o(.data)
    D                                        0x240000a4   Data           4  gait.o(.data)
    B                                        0x240000a8   Data           4  gait.o(.data)
    D_onestep                                0x240000ac   Data           4  gait.o(.data)
    L_onestep                                0x240000b0   Data           4  gait.o(.data)
    W_onestep                                0x240000b4   Data           4  gait.o(.data)
    delta                                    0x240000b8   Data           4  gait.o(.data)
    H_onestep                                0x240000bc   Data           4  gait.o(.data)
    s_time                                   0x240000c0   Data           4  gait.o(.data)
    TIM5_Handler                             0x240000c8   Data          64  timer.o(.bss)
    TIM2_Handler                             0x24000108   Data          64  timer.o(.bss)
    TIM7_Handler                             0x24000148   Data          64  timer.o(.bss)
    TIM2_CH2Handler                          0x24000188   Data          28  timer.o(.bss)
    huart7                                   0x240001a4   Data         128  uart.o(.bss)
    receive                                  0x24000224   Data          20  uart.o(.bss)
    ADC1_Handler                             0x24000238   Data         100  adc.o(.bss)
    c                                        0x2400029c   Data          20  adc.o(.bss)
    TIM1_Handler                             0x240002b0   Data          64  pwm.o(.bss)
    TIM3_Handler                             0x240002f0   Data          64  pwm.o(.bss)
    TIM4_Handler                             0x24000330   Data          64  pwm.o(.bss)
    TIM12_Handler                            0x24000370   Data          64  pwm.o(.bss)
    TIM15_Handler                            0x240003b0   Data          64  pwm.o(.bss)
    TIM16_Handler                            0x240003f0   Data          64  pwm.o(.bss)
    TIM1_CH1Handler                          0x24000430   Data          28  pwm.o(.bss)
    TIM1_CH2Handler                          0x2400044c   Data          28  pwm.o(.bss)
    TIM1_CH3Handler                          0x24000468   Data          28  pwm.o(.bss)
    TIM1_CH4Handler                          0x24000484   Data          28  pwm.o(.bss)
    TIM3_CH1Handler                          0x240004a0   Data          28  pwm.o(.bss)
    TIM3_CH2Handler                          0x240004bc   Data          28  pwm.o(.bss)
    TIM3_CH3Handler                          0x240004d8   Data          28  pwm.o(.bss)
    TIM3_CH4Handler                          0x240004f4   Data          28  pwm.o(.bss)
    TIM4_CH1Handler                          0x24000510   Data          28  pwm.o(.bss)
    TIM4_CH2Handler                          0x2400052c   Data          28  pwm.o(.bss)
    TIM4_CH3Handler                          0x24000548   Data          28  pwm.o(.bss)
    TIM4_CH4Handler                          0x24000564   Data          28  pwm.o(.bss)
    TIM12_CH1Handler                         0x24000580   Data          28  pwm.o(.bss)
    TIM12_CH2Handler                         0x2400059c   Data          28  pwm.o(.bss)
    TIM12_CH3Handler                         0x240005b8   Data          28  pwm.o(.bss)
    TIM12_CH4Handler                         0x240005d4   Data          28  pwm.o(.bss)
    TIM15_CH1Handler                         0x240005f0   Data          28  pwm.o(.bss)
    TIM15_CH2Handler                         0x2400060c   Data          28  pwm.o(.bss)
    TIM16_CH1Handler                         0x24000628   Data          28  pwm.o(.bss)
    FDCAN1_Handler                           0x24000644   Data         156  can.o(.bss)
    FDCAN1_RxHeader                          0x240006e0   Data          40  can.o(.bss)
    FDCAN1_TxHeader                          0x24000708   Data          36  can.o(.bss)
    P                                        0x2400072c   Data          16  sv.o(.bss)
    integral_list                            0x2400073c   Data          24  sv.o(.bss)
    KMGecko                                  0x24000754   Data          52  gait.o(.bss)
    x                                        0x24000788   Data          16  gait.o(.bss)
    y                                        0x24000798   Data          16  gait.o(.bss)
    z                                        0x240007a8   Data          16  gait.o(.bss)
    cx                                       0x240007b8   Data          16  gait.o(.bss)
    cy                                       0x240007c8   Data          16  gait.o(.bss)
    cz                                       0x240007d8   Data          16  gait.o(.bss)
    __initial_sp                             0x24000be8   Data           0  startup_stm32h743xx.o(STACK)



==============================================================================

Memory Map of the image

  Image Entry point : 0x08000299

  Load Region LR_IROM1 (Base: 0x08000000, Size: 0x0000ad38, Max: 0x00200000, ABSOLUTE)

    Execution Region ER_IROM1 (Base: 0x08000000, Size: 0x0000ac70, Max: 0x00200000, ABSOLUTE)

    Base Addr    Size         Type   Attr      Idx    E Section Name        Object

    0x08000000   0x00000298   Data   RO          513    RESET               startup_stm32h743xx.o
    0x08000298   0x00000000   Code   RO         5393  * .ARM.Collect$$$$00000000  mc_w.l(entry.o)
    0x08000298   0x00000004   Code   RO         5457    .ARM.Collect$$$$00000001  mc_w.l(entry2.o)
    0x0800029c   0x00000004   Code   RO         5460    .ARM.Collect$$$$00000004  mc_w.l(entry5.o)
    0x080002a0   0x00000000   Code   RO         5462    .ARM.Collect$$$$00000008  mc_w.l(entry7b.o)
    0x080002a0   0x00000000   Code   RO         5464    .ARM.Collect$$$$0000000A  mc_w.l(entry8b.o)
    0x080002a0   0x00000008   Code   RO         5465    .ARM.Collect$$$$0000000B  mc_w.l(entry9a.o)
    0x080002a8   0x00000000   Code   RO         5467    .ARM.Collect$$$$0000000D  mc_w.l(entry10a.o)
    0x080002a8   0x00000000   Code   RO         5469    .ARM.Collect$$$$0000000F  mc_w.l(entry11a.o)
    0x080002a8   0x00000004   Code   RO         5458    .ARM.Collect$$$$00002712  mc_w.l(entry2.o)
    0x080002ac   0x00000024   Code   RO          514    .text               startup_stm32h743xx.o
    0x080002d0   0x00000062   Code   RO         5396    .text               mc_w.l(uldiv.o)
    0x08000332   0x00000024   Code   RO         5400    .text               mc_w.l(memseta.o)
    0x08000356   0x0000001e   Code   RO         5471    .text               mc_w.l(llshl.o)
    0x08000374   0x00000020   Code   RO         5473    .text               mc_w.l(llushr.o)
    0x08000394   0x00000000   Code   RO         5482    .text               mc_w.l(iusefp.o)
    0x08000394   0x00000024   Code   RO         5483    .text               mc_w.l(init.o)
    0x080003b8   0x00000098   Code   RO         3737    i.ADC_Disable       stm32h7xx_hal_adc.o
    0x08000450   0x000000f8   Code   RO         5262    i.Angle             gait.o
    0x08000548   0x00000004   Code   RO          346    i.BusFault_Handler  stm32h7xx_it.o
    0x0800054c   0x0000001c   Code   RO          561    i.Cache_Enable      sys.o
    0x08000568   0x00000002   Code   RO          347    i.DebugMon_Handler  stm32h7xx_it.o
    0x0800056a   0x00000002   PAD
    0x0800056c   0x000000ac   Code   RO         5138    i.FDCAN1_Mode_Init  can.o
    0x08000618   0x00000258   Code   RO         4115    i.FDCAN_CalcultateRamBlockAddresses  stm32h7xx_hal_fdcan.o
    0x08000870   0x000000bc   Code   RO         3923    i.HAL_ADCEx_Calibration_Start  stm32h7xx_hal_adc_ex.o
    0x0800092c   0x00000358   Code   RO         3749    i.HAL_ADC_Init      stm32h7xx_hal_adc.o
    0x08000c84   0x00000078   Code   RO         4956    i.HAL_ADC_MspInit   adc.o
    0x08000cfc   0x000000f8   Code   RO         1097    i.HAL_DMA_Abort_IT  stm32h7xx_hal_dma.o
    0x08000df4   0x00000028   Code   RO          635    i.HAL_Delay         stm32h7xx_hal.o
    0x08000e1c   0x00000014   Code   RO          644    i.HAL_EnableCompensationCell  stm32h7xx_hal.o
    0x08000e30   0x000000ac   Code   RO         4118    i.HAL_FDCAN_ActivateNotification  stm32h7xx_hal_fdcan.o
    0x08000edc   0x000000aa   Code   RO         4125    i.HAL_FDCAN_ConfigFilter  stm32h7xx_hal_fdcan.o
    0x08000f86   0x00000024   Code   RO         4133    i.HAL_FDCAN_DeInit  stm32h7xx_hal_fdcan.o
    0x08000faa   0x00000002   PAD
    0x08000fac   0x000002b0   Code   RO         4161    i.HAL_FDCAN_Init    stm32h7xx_hal_fdcan.o
    0x0800125c   0x0000001c   Code   RO         5141    i.HAL_FDCAN_MspDeInit  can.o
    0x08001278   0x0000007c   Code   RO         5142    i.HAL_FDCAN_MspInit  can.o
    0x080012f4   0x00000034   Code   RO         4173    i.HAL_FDCAN_Start   stm32h7xx_hal_fdcan.o
    0x08001328   0x00000068   Code   RO         4174    i.HAL_FDCAN_Stop    stm32h7xx_hal_fdcan.o
    0x08001390   0x0000024c   Code   RO         1284    i.HAL_GPIO_Init     stm32h7xx_hal_gpio.o
    0x080015dc   0x0000000a   Code   RO         1288    i.HAL_GPIO_WritePin  stm32h7xx_hal_gpio.o
    0x080015e6   0x00000002   PAD
    0x080015e8   0x0000000c   Code   RO          651    i.HAL_GetTick       stm32h7xx_hal.o
    0x080015f4   0x00000018   Code   RO          654    i.HAL_IncTick       stm32h7xx_hal.o
    0x0800160c   0x0000001c   Code   RO          655    i.HAL_Init          stm32h7xx_hal.o
    0x08001628   0x0000004c   Code   RO          656    i.HAL_InitTick      stm32h7xx_hal.o
    0x08001674   0x00000002   Code   RO          483    i.HAL_MspInit       stm32h7xx_hal_msp.o
    0x08001676   0x00000020   Code   RO          949    i.HAL_NVIC_EnableIRQ  stm32h7xx_hal_cortex.o
    0x08001696   0x0000007a   Code   RO          955    i.HAL_NVIC_SetPriority  stm32h7xx_hal_cortex.o
    0x08001710   0x00000028   Code   RO          956    i.HAL_NVIC_SetPriorityGrouping  stm32h7xx_hal_cortex.o
    0x08001738   0x00000038   Code   RO         1979    i.HAL_RCCEx_GetD1SysClockFreq  stm32h7xx_hal_rcc_ex.o
    0x08001770   0x0000002c   Code   RO         1980    i.HAL_RCCEx_GetD3PCLK1Freq  stm32h7xx_hal_rcc_ex.o
    0x0800179c   0x0000022c   Code   RO         1982    i.HAL_RCCEx_GetPLL2ClockFreq  stm32h7xx_hal_rcc_ex.o
    0x080019c8   0x0000022c   Code   RO         1983    i.HAL_RCCEx_GetPLL3ClockFreq  stm32h7xx_hal_rcc_ex.o
    0x08001bf4   0x00000b38   Code   RO         1987    i.HAL_RCCEx_PeriphCLKConfig  stm32h7xx_hal_rcc_ex.o
    0x0800272c   0x00000250   Code   RO         1870    i.HAL_RCC_ClockConfig  stm32h7xx_hal_rcc.o
    0x0800297c   0x00000038   Code   RO         1874    i.HAL_RCC_GetHCLKFreq  stm32h7xx_hal_rcc.o
    0x080029b4   0x0000002c   Code   RO         1876    i.HAL_RCC_GetPCLK1Freq  stm32h7xx_hal_rcc.o
    0x080029e0   0x0000002c   Code   RO         1877    i.HAL_RCC_GetPCLK2Freq  stm32h7xx_hal_rcc.o
    0x08002a0c   0x00000244   Code   RO         1878    i.HAL_RCC_GetSysClockFreq  stm32h7xx_hal_rcc.o
    0x08002c50   0x000006c4   Code   RO         1881    i.HAL_RCC_OscConfig  stm32h7xx_hal_rcc.o
    0x08003314   0x00000028   Code   RO          958    i.HAL_SYSTICK_CLKSourceConfig  stm32h7xx_hal_cortex.o
    0x0800333c   0x00000034   Code   RO          960    i.HAL_SYSTICK_Config  stm32h7xx_hal_cortex.o
    0x08003370   0x00000002   Code   RO         3474    i.HAL_TIMEx_BreakCallback  stm32h7xx_hal_tim_ex.o
    0x08003372   0x00000002   Code   RO         3475    i.HAL_TIMEx_CommutationCallback  stm32h7xx_hal_tim_ex.o
    0x08003374   0x00000034   Code   RO         2819    i.HAL_TIM_Base_Init  stm32h7xx_hal_tim.o
    0x080033a8   0x000000b0   Code   RO         4807    i.HAL_TIM_Base_MspInit  timer.o
    0x08003458   0x0000001e   Code   RO         2824    i.HAL_TIM_Base_Start_IT  stm32h7xx_hal_tim.o
    0x08003476   0x00000002   Code   RO         2848    i.HAL_TIM_IC_CaptureCallback  stm32h7xx_hal_tim.o
    0x08003478   0x000001b8   Code   RO         2861    i.HAL_TIM_IRQHandler  stm32h7xx_hal_tim.o
    0x08003630   0x00000002   Code   RO         2864    i.HAL_TIM_OC_DelayElapsedCallback  stm32h7xx_hal_tim.o
    0x08003632   0x00000174   Code   RO         2885    i.HAL_TIM_PWM_ConfigChannel  stm32h7xx_hal_tim.o
    0x080037a6   0x00000034   Code   RO         2888    i.HAL_TIM_PWM_Init  stm32h7xx_hal_tim.o
    0x080037da   0x00000002   PAD
    0x080037dc   0x000002f4   Code   RO         5022    i.HAL_TIM_PWM_MspInit  pwm.o
    0x08003ad0   0x00000002   Code   RO         2891    i.HAL_TIM_PWM_PulseFinishedCallback  stm32h7xx_hal_tim.o
    0x08003ad2   0x00000002   PAD
    0x08003ad4   0x00000070   Code   RO         2892    i.HAL_TIM_PWM_Start  stm32h7xx_hal_tim.o
    0x08003b44   0x00000038   Code   RO         4808    i.HAL_TIM_PeriodElapsedCallback  timer.o
    0x08003b7c   0x00000002   Code   RO         2902    i.HAL_TIM_TriggerCallback  stm32h7xx_hal_tim.o
    0x08003b7e   0x00000002   Code   RO         2493    i.HAL_UARTEx_WakeupCallback  stm32h7xx_hal_uart_ex.o
    0x08003b80   0x00000002   Code   RO         2157    i.HAL_UART_ErrorCallback  stm32h7xx_hal_uart.o
    0x08003b82   0x00000002   PAD
    0x08003b84   0x000001bc   Code   RO         2160    i.HAL_UART_IRQHandler  stm32h7xx_hal_uart.o
    0x08003d40   0x00000078   Code   RO         2161    i.HAL_UART_Init     stm32h7xx_hal_uart.o
    0x08003db8   0x00000088   Code   RO         4897    i.HAL_UART_MspInit  uart.o
    0x08003e40   0x000000e0   Code   RO         2166    i.HAL_UART_Receive_IT  stm32h7xx_hal_uart.o
    0x08003f20   0x00000090   Code   RO         4898    i.HAL_UART_RxCpltCallback  uart.o
    0x08003fb0   0x000000c6   Code   RO         2169    i.HAL_UART_Transmit  stm32h7xx_hal_uart.o
    0x08004076   0x00000002   Code   RO         2172    i.HAL_UART_TxCpltCallback  stm32h7xx_hal_uart.o
    0x08004078   0x00000004   Code   RO          348    i.HardFault_Handler  stm32h7xx_it.o
    0x0800407c   0x000000c8   Code   RO         5263    i.InitRobotPosion   gait.o
    0x08004144   0x0000005c   Code   RO         4957    i.MX_ADC1_Init      adc.o
    0x080041a0   0x0000003c   Code   RO         4899    i.MY_UART7_Init     uart.o
    0x080041dc   0x00000004   Code   RO          349    i.MemManage_Handler  stm32h7xx_it.o
    0x080041e0   0x00000002   Code   RO          350    i.NMI_Handler       stm32h7xx_it.o
    0x080041e2   0x00000002   Code   RO          351    i.PendSV_Handler    stm32h7xx_it.o
    0x080041e4   0x00000130   Code   RO         1990    i.RCCEx_PLL2_Config  stm32h7xx_hal_rcc_ex.o
    0x08004314   0x00000130   Code   RO         1991    i.RCCEx_PLL3_Config  stm32h7xx_hal_rcc_ex.o
    0x08004444   0x0000009c   Code   RO          564    i.SCB_EnableDCache  sys.o
    0x080044e0   0x0000007c   Code   RO          565    i.SCB_EnableICache  sys.o
    0x0800455c   0x00000002   Code   RO          352    i.SVC_Handler       stm32h7xx_it.o
    0x0800455e   0x00000002   PAD
    0x08004560   0x00000248   Code   RO         5194    i.SV_ESTIMATE       sv.o
    0x080047a8   0x000000f8   Code   RO         5195    i.SV_Init           sv.o
    0x080048a0   0x00000078   Code   RO         5196    i.SV_test1          sv.o
    0x08004918   0x00000074   Code   RO         5197    i.SV_test2          sv.o
    0x0800498c   0x0000006c   Code   RO         5264    i.StartAngleInit    gait.o
    0x080049f8   0x000000f0   Code   RO          566    i.Stm32_Clock_Init  sys.o
    0x08004ae8   0x00000008   Code   RO          353    i.SysTick_Handler   stm32h7xx_it.o
    0x08004af0   0x00000094   Code   RO          446    i.SystemInit        system_stm32h7xx.o
    0x08004b84   0x000000e0   Code   RO         5023    i.TIM12_PWM_Init    pwm.o
    0x08004c64   0x00000084   Code   RO         5024    i.TIM15_PWM_Init    pwm.o
    0x08004ce8   0x00000054   Code   RO         5025    i.TIM16_PWM_Init    pwm.o
    0x08004d3c   0x000000e0   Code   RO         5026    i.TIM1_PWM_Init     pwm.o
    0x08004e1c   0x00000010   Code   RO         4809    i.TIM2_IRQHandler   timer.o
    0x08004e2c   0x000000e0   Code   RO         5027    i.TIM3_PWM_Init     pwm.o
    0x08004f0c   0x00000010   Code   RO          354    i.TIM4_IRQHandler   stm32h7xx_it.o
    0x08004f1c   0x000000e0   Code   RO         5028    i.TIM4_PWM_Init     pwm.o
    0x08004ffc   0x00000010   Code   RO         4811    i.TIM5_IRQHandler   timer.o
    0x0800500c   0x0000002c   Code   RO         4812    i.TIM5_Init         timer.o
    0x08005038   0x00000010   Code   RO         4813    i.TIM7_IRQHandler   timer.o
    0x08005048   0x00000002   Code   RO          355    i.TIM8_CC_IRQHandler  stm32h7xx_it.o
    0x0800504a   0x00000002   PAD
    0x0800504c   0x000000cc   Code   RO         2903    i.TIM_Base_SetConfig  stm32h7xx_hal_tim.o
    0x08005118   0x0000001c   Code   RO         2904    i.TIM_CCxChannelCmd  stm32h7xx_hal_tim.o
    0x08005134   0x000000b0   Code   RO         2912    i.TIM_OC1_SetConfig  stm32h7xx_hal_tim.o
    0x080051e4   0x000000bc   Code   RO         2913    i.TIM_OC2_SetConfig  stm32h7xx_hal_tim.o
    0x080052a0   0x000000b4   Code   RO         2914    i.TIM_OC3_SetConfig  stm32h7xx_hal_tim.o
    0x08005354   0x00000078   Code   RO         2915    i.TIM_OC4_SetConfig  stm32h7xx_hal_tim.o
    0x080053cc   0x00000070   Code   RO         2916    i.TIM_OC5_SetConfig  stm32h7xx_hal_tim.o
    0x0800543c   0x00000074   Code   RO         2917    i.TIM_OC6_SetConfig  stm32h7xx_hal_tim.o
    0x080054b0   0x00000006   Code   RO         5029    i.TIM_SetCompare1   pwm.o
    0x080054b6   0x00000006   Code   RO         5030    i.TIM_SetCompare2   pwm.o
    0x080054bc   0x00000006   Code   RO         5031    i.TIM_SetCompare3   pwm.o
    0x080054c2   0x00000002   PAD
    0x080054c4   0x0000001c   Code   RO         4900    i.UART7_IRQHandler  uart.o
    0x080054e0   0x000000ea   Code   RO         2174    i.UART_AdvFeatureConfig  stm32h7xx_hal_uart.o
    0x080055ca   0x00000074   Code   RO         2175    i.UART_CheckIdleState  stm32h7xx_hal_uart.o
    0x0800563e   0x00000018   Code   RO         2176    i.UART_DMAAbortOnError  stm32h7xx_hal_uart.o
    0x08005656   0x00000020   Code   RO         2186    i.UART_EndRxTransfer  stm32h7xx_hal_uart.o
    0x08005676   0x00000020   Code   RO         2187    i.UART_EndTransmit_IT  stm32h7xx_hal_uart.o
    0x08005696   0x0000008a   Code   RO         2189    i.UART_Receive_IT   stm32h7xx_hal_uart.o
    0x08005720   0x000009a4   Code   RO         2190    i.UART_SetConfig    stm32h7xx_hal_uart.o
    0x080060c4   0x00000082   Code   RO         2191    i.UART_Transmit_IT  stm32h7xx_hal_uart.o
    0x08006146   0x0000006c   Code   RO         2192    i.UART_WaitOnFlagUntilTimeout  stm32h7xx_hal_uart.o
    0x080061b2   0x00000004   Code   RO          357    i.UsageFault_Handler  stm32h7xx_it.o
    0x080061b6   0x00000030   Code   RO         5441    i.__ARM_fpclassify  m_wv.l(fpclassify.o)
    0x080061e6   0x00000002   PAD
    0x080061e8   0x00000010   Code   RO          962    i.__NVIC_GetPriorityGrouping  stm32h7xx_hal_cortex.o
    0x080061f8   0x00000028   Code   RO          963    i.__NVIC_SetPriority  stm32h7xx_hal_cortex.o
    0x08006220   0x00000218   Code   RO         5317    i.__hardfp_acos     m_wv.l(acos.o)
    0x08006438   0x00000208   Code   RO         5331    i.__hardfp_asin     m_wv.l(asin.o)
    0x08006640   0x00000200   Code   RO         5404    i.__hardfp_atan     m_wv.l(atan.o)
    0x08006840   0x000001c0   Code   RO         5345    i.__hardfp_atan2    m_wv.l(atan2.o)
    0x08006a00   0x000000b0   Code   RO         5357    i.__hardfp_cos      m_wv.l(cos.o)
    0x08006ab0   0x000000b0   Code   RO         5369    i.__hardfp_sin      m_wv.l(sin.o)
    0x08006b60   0x00000066   Code   RO         5381    i.__hardfp_sqrt     m_wv.l(sqrt.o)
    0x08006bc6   0x00000002   PAD
    0x08006bc8   0x00000310   Code   RO         5446    i.__ieee754_rem_pio2  m_wv.l(rred.o)
    0x08006ed8   0x000000e0   Code   RO         5418    i.__kernel_cos      m_wv.l(cos_i.o)
    0x08006fb8   0x00000070   Code   RO         5443    i.__kernel_poly     m_wv.l(poly.o)
    0x08007028   0x000000a8   Code   RO         5451    i.__kernel_sin      m_wv.l(sin_i.o)
    0x080070d0   0x00000006   Code   RO         5422    i.__mathlib_dbl_infnan  m_wv.l(dunder.o)
    0x080070d6   0x00000006   Code   RO         5423    i.__mathlib_dbl_infnan2  m_wv.l(dunder.o)
    0x080070dc   0x00000004   PAD
    0x080070e0   0x00000018   Code   RO         5424    i.__mathlib_dbl_invalid  m_wv.l(dunder.o)
    0x080070f8   0x00000018   Code   RO         5427    i.__mathlib_dbl_underflow  m_wv.l(dunder.o)
    0x08007110   0x0000000e   Code   RO         5487    i.__scatterload_copy  mc_w.l(handlers.o)
    0x0800711e   0x00000002   Code   RO         5488    i.__scatterload_null  mc_w.l(handlers.o)
    0x08007120   0x0000000e   Code   RO         5489    i.__scatterload_zeroinit  mc_w.l(handlers.o)
    0x0800712e   0x00000002   PAD
    0x08007130   0x0000000c   Code   RO         5477    i.__set_errno       mc_w.l(errno.o)
    0x0800713c   0x000003b4   Code   RO         5198    i.air_control       sv.o
    0x080074f0   0x00000010   Code   RO         5406    i.atan              m_wv.l(atan.o)
    0x08007500   0x00000014   Code   RO          521    i.delay_init        delay.o
    0x08007514   0x00000018   Code   RO         5437    i.fabs              m_wv.l(fabs.o)
    0x0800752c   0x000000dc   Code   RO            4    i.main              main.o
    0x08007608   0x000031cc   Code   RO         5265    i.movement          gait.o
    0x0800a7d4   0x0000006c   Code   RO         5199    i.pid_value_init    sv.o
    0x0800a840   0x0000006a   Code   RO         5383    i.sqrt              m_wv.l(sqrt.o)
    0x0800a8aa   0x00000002   PAD
    0x0800a8ac   0x00000044   Code   RO         4901    i.take_step         uart.o
    0x0800a8f0   0x00000038   Code   RO         5200    i.update_integral_list  sv.o
    0x0800a928   0x00000040   Data   RO          447    .constdata          system_stm32h7xx.o
    0x0800a968   0x00000030   Data   RO         2193    .constdata          stm32h7xx_hal_uart.o
    0x0800a998   0x00000053   Data   RO         4209    .constdata          stm32h7xx_hal_fdcan.o
    0x0800a9eb   0x00000005   PAD
    0x0800a9f0   0x00000050   Data   RO         5320    .constdata          m_wv.l(acos.o)
    0x0800aa40   0x00000050   Data   RO         5334    .constdata          m_wv.l(asin.o)
    0x0800aa90   0x00000098   Data   RO         5407    .constdata          m_wv.l(atan.o)
    0x0800ab28   0x00000030   Data   RO         5419    .constdata          m_wv.l(cos_i.o)
    0x0800ab58   0x00000008   Data   RO         5445    .constdata          m_wv.l(qnan.o)
    0x0800ab60   0x000000c8   Data   RO         5448    .constdata          m_wv.l(rred.o)
    0x0800ac28   0x00000028   Data   RO         5452    .constdata          m_wv.l(sin_i.o)
    0x0800ac50   0x00000020   Data   RO         5485    Region$$Table       anon$$obj.o


    Execution Region RW_IRAM1 (Base: 0x20000000, Size: 0x00000000, Max: 0x00020000, ABSOLUTE)

    **** No section assigned to this execution region ****


    Execution Region RW_IRAM2 (Base: 0x24000000, Size: 0x00000be8, Max: 0x00080000, ABSOLUTE)

    Base Addr    Size         Type   Attr      Idx    E Section Name        Object

    0x24000000   0x00000008   Data   RW          448    .data               system_stm32h7xx.o
    0x24000008   0x00000004   Data   RW          525    .data               delay.o
    0x2400000c   0x00000009   Data   RW          678    .data               stm32h7xx_hal.o
    0x24000015   0x00000003   PAD
    0x24000018   0x00000024   Data   RW         4817    .data               timer.o
    0x2400003c   0x00000009   Data   RW         4904    .data               uart.o
    0x24000045   0x00000001   PAD
    0x24000046   0x00000011   Data   RW         4963    .data               adc.o
    0x24000057   0x00000001   PAD
    0x24000058   0x00000034   Data   RW         5203    .data               sv.o
    0x2400008c   0x00000038   Data   RW         5268    .data               gait.o
    0x240000c4   0x00000004   Data   RW         5478    .data               mc_w.l(errno.o)
    0x240000c8   0x000000dc   Zero   RW         4815    .bss                timer.o
    0x240001a4   0x00000094   Zero   RW         4902    .bss                uart.o
    0x24000238   0x00000078   Zero   RW         4961    .bss                adc.o
    0x240002b0   0x00000394   Zero   RW         5033    .bss                pwm.o
    0x24000644   0x000000e8   Zero   RW         5143    .bss                can.o
    0x2400072c   0x00000028   Zero   RW         5201    .bss                sv.o
    0x24000754   0x00000094   Zero   RW         5266    .bss                gait.o
    0x240007e8   0x00000400   Zero   RW          511    STACK               startup_stm32h743xx.o


==============================================================================

Image component sizes


      Code (inc. data)   RO Data    RW Data    ZI Data      Debug   Object Name

       212         22          0         17        120       2241   adc.o
       324         24          0          0        232       2766   can.o
        20          4          0          4          0        785   delay.o
     13304        562          0         56        148       5156   gait.o
       220          8          0          0          0    1290323   main.o
      1886        182          0          0        916       8609   pwm.o
        36          8        664          0       1024        824   startup_stm32h743xx.o
       200         36          0          9          0       4611   stm32h7xx_hal.o
      1008         36          0          0          0       3117   stm32h7xx_hal_adc.o
       188          0          0          0          0       1670   stm32h7xx_hal_adc_ex.o
       342         22          0          0          0      39401   stm32h7xx_hal_cortex.o
       248         12          0          0          0       2079   stm32h7xx_hal_dma.o
      1822         28         83          0          0       8217   stm32h7xx_hal_fdcan.o
       598         54          0          0          0       2488   stm32h7xx_hal_gpio.o
         2          0          0          0          0        450   stm32h7xx_hal_msp.o
      3048         86          0          0          0       5992   stm32h7xx_hal_rcc.o
      4692        118          0          0          0       7419   stm32h7xx_hal_rcc_ex.o
      2190        186          0          0          0      13530   stm32h7xx_hal_tim.o
         4          0          0          0          0       1726   stm32h7xx_hal_tim_ex.o
      4272        140         48          0          0      13228   stm32h7xx_hal_uart.o
         2          0          0          0          0        972   stm32h7xx_hal_uart_ex.o
        50          6          0          0          0       5009   stm32h7xx_it.o
      2180        198          0         52         40       5099   sv.o
       548         28          0          0          0      37309   sys.o
       148         18         64          8          0       1242   system_stm32h7xx.o
       324         54          0         36        220       4431   timer.o
       436         64          0          9        148       3637   uart.o

    ----------------------------------------------------------------------
     38322       1896        896        196       2848    1472331   Object Totals
         0          0         32          0          0          0   (incl. Generated)
        18          0          5          5          0          0   (incl. Padding)

    ----------------------------------------------------------------------

      Code (inc. data)   RO Data    RW Data    ZI Data      Debug   Library Member Name

       536        114         80          0          0        256   acos.o
       520         88         80          0          0        252   asin.o
       528        110        152          0          0        348   atan.o
       448         68          0          0          0        180   atan2.o
       176         18          0          0          0        156   cos.o
       224         42         48          0          0        184   cos_i.o
        60         28          0          0          0        464   dunder.o
        24          0          0          0          0        124   fabs.o
        48          0          0          0          0        124   fpclassify.o
       112          0          0          0          0        116   poly.o
         0          0          8          0          0          0   qnan.o
       784        138        200          0          0        172   rred.o
       176         18          0          0          0        160   sin.o
       168         24         40          0          0        196   sin_i.o
       208          0          0          0          0        280   sqrt.o
         0          0          0          0          0          0   entry.o
         0          0          0          0          0          0   entry10a.o
         0          0          0          0          0          0   entry11a.o
         8          4          0          0          0          0   entry2.o
         4          0          0          0          0          0   entry5.o
         0          0          0          0          0          0   entry7b.o
         0          0          0          0          0          0   entry8b.o
         8          4          0          0          0          0   entry9a.o
        12          6          0          4          0         68   errno.o
        30          0          0          0          0          0   handlers.o
        36          8          0          0          0         68   init.o
         0          0          0          0          0          0   iusefp.o
        30          0          0          0          0         68   llshl.o
        32          0          0          0          0         68   llushr.o
        36          0          0          0          0        108   memseta.o
        98          0          0          0          0         92   uldiv.o

    ----------------------------------------------------------------------
      4318        670        608          4          0       3484   Library Totals
        12          0          0          0          0          0   (incl. Padding)

    ----------------------------------------------------------------------

      Code (inc. data)   RO Data    RW Data    ZI Data      Debug   Library Name

      4012        648        608          0          0       3012   m_wv.l
       294         22          0          4          0        472   mc_w.l

    ----------------------------------------------------------------------
      4318        670        608          4          0       3484   Library Totals

    ----------------------------------------------------------------------

==============================================================================


      Code (inc. data)   RO Data    RW Data    ZI Data      Debug   

     42640       2566       1504        200       2848    1461815   Grand Totals
     42640       2566       1504        200       2848    1461815   ELF Image Totals
     42640       2566       1504        200          0          0   ROM Totals

==============================================================================

    Total RO  Size (Code + RO Data)                44144 (  43.11kB)
    Total RW  Size (RW Data + ZI Data)              3048 (   2.98kB)
    Total ROM Size (Code + RO Data + RW Data)      44344 (  43.30kB)

==============================================================================

