Component: ARM Compiler 5.06 update 4 (build 422) Tool: armlink [4d35d2]

==============================================================================

Section Cross References

    main.o(i.main) refers to sys.o(i.Cache_Enable) for Cache_Enable
    main.o(i.main) refers to stm32h7xx_hal.o(i.HAL_Init) for HAL_Init
    main.o(i.main) refers to sys.o(i.Stm32_Clock_Init) for Stm32_Clock_Init
    main.o(i.main) refers to delay.o(i.delay_init) for delay_init
    main.o(i.main) refers to can.o(i.FDCAN1_Mode_Init) for FDCAN1_Mode_Init
    main.o(i.main) refers to stm32h7xx_hal.o(i.HAL_Delay) for HAL_Delay
    main.o(i.main) refers to uart.o(i.MY_UART7_Init) for MY_UART7_Init
    main.o(i.main) refers to sv.o(i.SV_Init) for SV_Init
    main.o(i.main) refers to sv.o(i.pid_value_init) for pid_value_init
    main.o(i.main) refers to pwm.o(i.TIM1_PWM_Init) for TIM1_PWM_Init
    main.o(i.main) refers to pwm.o(i.TIM3_PWM_Init) for TIM3_PWM_Init
    main.o(i.main) refers to pwm.o(i.TIM4_PWM_Init) for TIM4_PWM_Init
    main.o(i.main) refers to pwm.o(i.TIM12_PWM_Init) for TIM12_PWM_Init
    main.o(i.main) refers to pwm.o(i.TIM15_PWM_Init) for TIM15_PWM_Init
    main.o(i.main) refers to pwm.o(i.TIM16_PWM_Init) for TIM16_PWM_Init
    main.o(i.main) refers to stm32h7xx_hal_gpio.o(i.HAL_GPIO_WritePin) for HAL_GPIO_WritePin
    main.o(i.main) refers to adc.o(i.MX_ADC1_Init) for MX_ADC1_Init
    main.o(i.main) refers to timer.o(i.TIM2_Init) for TIM2_Init
    main.o(i.main) refers to gait.o(i.StartAngleInit1) for StartAngleInit1
    main.o(i.main) refers to gait.o(i.InitRobotPosion) for InitRobotPosion
    main.o(i.main) refers to gait.o(i.StartAngleInit2) for StartAngleInit2
    main.o(i.main) refers to sv.o(i.SV_test1) for SV_test1
    main.o(i.main) refers to sv.o(i.SV_test2) for SV_test2
    stm32h7xx_it.o(i.SysTick_Handler) refers to stm32h7xx_hal.o(i.HAL_IncTick) for HAL_IncTick
    stm32h7xx_it.o(i.TIM4_IRQHandler) refers to stm32h7xx_hal_tim.o(i.HAL_TIM_IRQHandler) for HAL_TIM_IRQHandler
    stm32h7xx_it.o(i.TIM4_IRQHandler) refers to pwm.o(.bss) for TIM4_Handler
    stm32h7xx_it.o(i.USART7_IRQHandler) refers to stm32h7xx_hal_uart.o(i.HAL_UART_IRQHandler) for HAL_UART_IRQHandler
    stm32h7xx_it.o(i.USART7_IRQHandler) refers to stm32h7xx_hal_uart.o(i.HAL_UART_GetState) for HAL_UART_GetState
    stm32h7xx_it.o(i.USART7_IRQHandler) refers to stm32h7xx_hal_uart.o(i.HAL_UART_Receive_IT) for HAL_UART_Receive_IT
    stm32h7xx_it.o(i.USART7_IRQHandler) refers to uart.o(.bss) for huart7
    stm32h7xx_it.o(i.USART7_IRQHandler) refers to receive.o(.data) for aRxBuffer3
    system_stm32h7xx.o(i.SystemCoreClockUpdate) refers to system_stm32h7xx.o(.data) for SystemCoreClock
    system_stm32h7xx.o(i.SystemCoreClockUpdate) refers to system_stm32h7xx.o(.constdata) for D1CorePrescTable
    startup_stm32h743xx.o(RESET) refers to startup_stm32h743xx.o(STACK) for __initial_sp
    startup_stm32h743xx.o(RESET) refers to startup_stm32h743xx.o(.text) for Reset_Handler
    startup_stm32h743xx.o(RESET) refers to stm32h7xx_it.o(i.NMI_Handler) for NMI_Handler
    startup_stm32h743xx.o(RESET) refers to stm32h7xx_it.o(i.HardFault_Handler) for HardFault_Handler
    startup_stm32h743xx.o(RESET) refers to stm32h7xx_it.o(i.MemManage_Handler) for MemManage_Handler
    startup_stm32h743xx.o(RESET) refers to stm32h7xx_it.o(i.BusFault_Handler) for BusFault_Handler
    startup_stm32h743xx.o(RESET) refers to stm32h7xx_it.o(i.UsageFault_Handler) for UsageFault_Handler
    startup_stm32h743xx.o(RESET) refers to stm32h7xx_it.o(i.SVC_Handler) for SVC_Handler
    startup_stm32h743xx.o(RESET) refers to stm32h7xx_it.o(i.DebugMon_Handler) for DebugMon_Handler
    startup_stm32h743xx.o(RESET) refers to stm32h7xx_it.o(i.PendSV_Handler) for PendSV_Handler
    startup_stm32h743xx.o(RESET) refers to stm32h7xx_it.o(i.SysTick_Handler) for SysTick_Handler
    startup_stm32h743xx.o(RESET) refers to timer.o(i.TIM2_IRQHandler) for TIM2_IRQHandler
    startup_stm32h743xx.o(RESET) refers to stm32h7xx_it.o(i.TIM4_IRQHandler) for TIM4_IRQHandler
    startup_stm32h743xx.o(RESET) refers to stm32h7xx_it.o(i.TIM8_CC_IRQHandler) for TIM8_CC_IRQHandler
    startup_stm32h743xx.o(RESET) refers to timer.o(i.TIM5_IRQHandler) for TIM5_IRQHandler
    startup_stm32h743xx.o(RESET) refers to timer.o(i.TIM7_IRQHandler) for TIM7_IRQHandler
    startup_stm32h743xx.o(RESET) refers to uart.o(i.UART7_IRQHandler) for UART7_IRQHandler
    startup_stm32h743xx.o(.text) refers to system_stm32h7xx.o(i.SystemInit) for SystemInit
    startup_stm32h743xx.o(.text) refers to entry.o(.ARM.Collect$$$$00000000) for __main
    delay.o(i.delay_init) refers to stm32h7xx_hal_cortex.o(i.HAL_SYSTICK_CLKSourceConfig) for HAL_SYSTICK_CLKSourceConfig
    delay.o(i.delay_init) refers to delay.o(.data) for fac_us
    delay.o(i.delay_ms) refers to delay.o(i.delay_us) for delay_us
    delay.o(i.delay_us) refers to delay.o(.data) for fac_us
    sys.o(i.Cache_Enable) refers to sys.o(i.SCB_EnableICache) for SCB_EnableICache
[...]
    i.HAL_Init                               0x08002308   Section        0  stm32h7xx_hal.o(i.HAL_Init)
    i.HAL_InitTick                           0x08002324   Section        0  stm32h7xx_hal.o(i.HAL_InitTick)
    i.HAL_MspInit                            0x08002370   Section        0  stm32h7xx_hal_msp.o(i.HAL_MspInit)
    i.HAL_NVIC_EnableIRQ                     0x08002372   Section        0  stm32h7xx_hal_cortex.o(i.HAL_NVIC_EnableIRQ)
    i.HAL_NVIC_SetPriority                   0x08002392   Section        0  stm32h7xx_hal_cortex.o(i.HAL_NVIC_SetPriority)
    i.HAL_NVIC_SetPriorityGrouping           0x0800240c   Section        0  stm32h7xx_hal_cortex.o(i.HAL_NVIC_SetPriorityGrouping)
    i.HAL_RCCEx_GetD1SysClockFreq            0x08002434   Section        0  stm32h7xx_hal_rcc_ex.o(i.HAL_RCCEx_GetD1SysClockFreq)
    i.HAL_RCCEx_GetD3PCLK1Freq               0x0800246c   Section        0  stm32h7xx_hal_rcc_ex.o(i.HAL_RCCEx_GetD3PCLK1Freq)
    i.HAL_RCCEx_GetPLL2ClockFreq             0x08002498   Section        0  stm32h7xx_hal_rcc_ex.o(i.HAL_RCCEx_GetPLL2ClockFreq)
    i.HAL_RCCEx_GetPLL3ClockFreq             0x080026c4   Section        0  stm32h7xx_hal_rcc_ex.o(i.HAL_RCCEx_GetPLL3ClockFreq)
    i.HAL_RCCEx_PeriphCLKConfig              0x080028f0   Section        0  stm32h7xx_hal_rcc_ex.o(i.HAL_RCCEx_PeriphCLKConfig)
    i.HAL_RCC_ClockConfig                    0x08003428   Section        0  stm32h7xx_hal_rcc.o(i.HAL_RCC_ClockConfig)
    i.HAL_RCC_GetHCLKFreq                    0x08003678   Section        0  stm32h7xx_hal_rcc.o(i.HAL_RCC_GetHCLKFreq)
    i.HAL_RCC_GetPCLK1Freq                   0x080036b0   Section        0  stm32h7xx_hal_rcc.o(i.HAL_RCC_GetPCLK1Freq)
    i.HAL_RCC_GetPCLK2Freq                   0x080036dc   Section        0  stm32h7xx_hal_rcc.o(i.HAL_RCC_GetPCLK2Freq)
    i.HAL_RCC_GetSysClockFreq                0x08003708   Section        0  stm32h7xx_hal_rcc.o(i.HAL_RCC_GetSysClockFreq)
    i.HAL_RCC_OscConfig                      0x0800394c   Section        0  stm32h7xx_hal_rcc.o(i.HAL_RCC_OscConfig)
    i.HAL_SYSTICK_CLKSourceConfig            0x08004010   Section        0  stm32h7xx_hal_cortex.o(i.HAL_SYSTICK_CLKSourceConfig)
    i.HAL_SYSTICK_Config                     0x08004038   Section        0  stm32h7xx_hal_cortex.o(i.HAL_SYSTICK_Config)
    i.HAL_TIMEx_BreakCallback                0x0800406c   Section        0  stm32h7xx_hal_tim_ex.o(i.HAL_TIMEx_BreakCallback)
    i.HAL_TIMEx_CommutationCallback          0x0800406e   Section        0  stm32h7xx_hal_tim_ex.o(i.HAL_TIMEx_CommutationCallback)
    i.HAL_TIM_Base_Init                      0x08004070   Section        0  stm32h7xx_hal_tim.o(i.HAL_TIM_Base_Init)
    i.HAL_TIM_Base_MspInit                   0x080040a4   Section        0  timer.o(i.HAL_TIM_Base_MspInit)
    i.HAL_TIM_Base_Start_IT                  0x08004154   Section        0  stm32h7xx_hal_tim.o(i.HAL_TIM_Base_Start_IT)
    i.HAL_TIM_IC_CaptureCallback             0x08004172   Section        0  stm32h7xx_hal_tim.o(i.HAL_TIM_IC_CaptureCallback)
    i.HAL_TIM_IRQHandler                     0x08004174   Section        0  stm32h7xx_hal_tim.o(i.HAL_TIM_IRQHandler)
    i.HAL_TIM_OC_DelayElapsedCallback        0x0800432c   Section        0  stm32h7xx_hal_tim.o(i.HAL_TIM_OC_DelayElapsedCallback)
    i.HAL_TIM_PWM_ConfigChannel              0x0800432e   Section        0  stm32h7xx_hal_tim.o(i.HAL_TIM_PWM_ConfigChannel)
    i.HAL_TIM_PWM_Init                       0x080044a2   Section        0  stm32h7xx_hal_tim.o(i.HAL_TIM_PWM_Init)
    i.HAL_TIM_PWM_MspInit                    0x080044d8   Section        0  pwm.o(i.HAL_TIM_PWM_MspInit)
    i.HAL_TIM_PWM_PulseFinishedCallback      0x080047cc   Section        0  stm32h7xx_hal_tim.o(i.HAL_TIM_PWM_PulseFinishedCallback)
    i.HAL_TIM_PWM_Start                      0x080047d0   Section        0  stm32h7xx_hal_tim.o(i.HAL_TIM_PWM_Start)
    i.HAL_TIM_PeriodElapsedCallback          0x08004840   Section        0  timer.o(i.HAL_TIM_PeriodElapsedCallback)
    i.HAL_TIM_TriggerCallback                0x08004884   Section        0  stm32h7xx_hal_tim.o(i.HAL_TIM_TriggerCallback)
    i.HAL_UARTEx_WakeupCallback              0x08004886   Section        0  stm32h7xx_hal_uart_ex.o(i.HAL_UARTEx_WakeupCallback)
    i.HAL_UART_ErrorCallback                 0x08004888   Section        0  stm32h7xx_hal_uart.o(i.HAL_UART_ErrorCallback)
    i.HAL_UART_IRQHandler                    0x0800488c   Section        0  stm32h7xx_hal_uart.o(i.HAL_UART_IRQHandler)
    i.HAL_UART_Init                          0x08004a48   Section        0  stm32h7xx_hal_uart.o(i.HAL_UART_Init)
    i.HAL_UART_MspInit                       0x08004ac0   Section        0  uart.o(i.HAL_UART_MspInit)
    i.HAL_UART_Receive_IT                    0x08004b48   Section        0  stm32h7xx_hal_uart.o(i.HAL_UART_Receive_IT)
    i.HAL_UART_RxCpltCallback                0x08004c28   Section        0  uart.o(i.HAL_UART_RxCpltCallback)
    i.HAL_UART_Transmit                      0x08004ce8   Section        0  stm32h7xx_hal_uart.o(i.HAL_UART_Transmit)
    i.HAL_UART_TxCpltCallback                0x08004dae   Section        0  stm32h7xx_hal_uart.o(i.HAL_UART_TxCpltCallback)
    i.HardFault_Handler                      0x08004db0   Section        0  stm32h7xx_it.o(i.HardFault_Handler)
    i.InitRobotPosion                        0x08004db4   Section        0  gait.o(i.InitRobotPosion)
    i.MX_ADC1_Init                           0x08004e7c   Section        0  adc.o(i.MX_ADC1_Init)
    i.MY_UART7_Init                          0x08004ed8   Section        0  uart.o(i.MY_UART7_Init)
    i.MemManage_Handler                      0x08004f14   Section        0  stm32h7xx_it.o(i.MemManage_Handler)
    i.NMI_Handler                            0x08004f18   Section        0  stm32h7xx_it.o(i.NMI_Handler)
    i.PendSV_Handler                         0x08004f1a   Section        0  stm32h7xx_it.o(i.PendSV_Handler)
    i.RCCEx_PLL2_Config                      0x08004f1c   Section        0  stm32h7xx_hal_rcc_ex.o(i.RCCEx_PLL2_Config)
    RCCEx_PLL2_Config                        0x08004f1d   Thumb Code   300  stm32h7xx_hal_rcc_ex.o(i.RCCEx_PLL2_Config)
    i.RCCEx_PLL3_Config                      0x0800504c   Section        0  stm32h7xx_hal_rcc_ex.o(i.RCCEx_PLL3_Config)
    RCCEx_PLL3_Config                        0x0800504d   Thumb Code   300  stm32h7xx_hal_rcc_ex.o(i.RCCEx_PLL3_Config)
    i.Read_All_Ad                            0x0800517c   Section        0  adc.o(i.Read_All_Ad)
    i.SCB_EnableDCache                       0x08005260   Section        0  sys.o(i.SCB_EnableDCache)
    SCB_EnableDCache                         0x08005261   Thumb Code   148  sys.o(i.SCB_EnableDCache)
    i.SCB_EnableICache                       0x080052fc   Section        0  sys.o(i.SCB_EnableICache)
    SCB_EnableICache                         0x080052fd   Thumb Code   116  sys.o(i.SCB_EnableICache)
    i.SVC_Handler                            0x08005378   Section        0  stm32h7xx_it.o(i.SVC_Handler)
    i.SV_Init                                0x0800537c   Section        0  sv.o(i.SV_Init)
    i.SV_test1                               0x08005474   Section        0  sv.o(i.SV_test1)
    i.SV_test2                               0x080054ec   Section        0  sv.o(i.SV_test2)
    i.StartAngleInit1                        0x08005560   Section        0  gait.o(i.StartAngleInit1)
    i.StartAngleInit2                        0x080055ec   Section        0  gait.o(i.StartAngleInit2)
    i.Stm32_Clock_Init                       0x08007768   Section        0  sys.o(i.Stm32_Clock_Init)
    i.SysTick_Handler                        0x08007858   Section        0  stm32h7xx_it.o(i.SysTick_Handler)
    i.SystemInit                             0x08007860   Section        0  system_stm32h7xx.o(i.SystemInit)
    i.TIM12_PWM_Init                         0x080078f4   Section        0  pwm.o(i.TIM12_PWM_Init)
    i.TIM15_PWM_Init                         0x080079d4   Section        0  pwm.o(i.TIM15_PWM_Init)
    i.TIM16_PWM_Init                         0x08007a58   Section        0  pwm.o(i.TIM16_PWM_Init)
    i.TIM1_PWM_Init                          0x08007aac   Section        0  pwm.o(i.TIM1_PWM_Init)
    i.TIM2_IRQHandler                        0x08007b8c   Section        0  timer.o(i.TIM2_IRQHandler)
    i.TIM2_Init                              0x08007b9c   Section        0  timer.o(i.TIM2_Init)
    i.TIM3_PWM_Init                          0x08007bdc   Section        0  pwm.o(i.TIM3_PWM_Init)
    i.TIM4_IRQHandler                        0x08007cbc   Section        0  stm32h7xx_it.o(i.TIM4_IRQHandler)
    i.TIM4_PWM_Init                          0x08007ccc   Section        0  pwm.o(i.TIM4_PWM_Init)
    i.TIM5_IRQHandler                        0x08007dac   Section        0  timer.o(i.TIM5_IRQHandler)
    i.TIM7_IRQHandler                        0x08007dbc   Section        0  timer.o(i.TIM7_IRQHandler)
    i.TIM8_CC_IRQHandler                     0x08007dcc   Section        0  stm32h7xx_it.o(i.TIM8_CC_IRQHandler)
    i.TIM_Base_SetConfig                     0x08007dd0   Section        0  stm32h7xx_hal_tim.o(i.TIM_Base_SetConfig)
    i.TIM_CCxChannelCmd                      0x08007e9c   Section        0  stm32h7xx_hal_tim.o(i.TIM_CCxChannelCmd)
    i.TIM_OC1_SetConfig                      0x08007eb8   Section        0  stm32h7xx_hal_tim.o(i.TIM_OC1_SetConfig)
    i.TIM_OC2_SetConfig                      0x08007f68   Section        0  stm32h7xx_hal_tim.o(i.TIM_OC2_SetConfig)
    i.TIM_OC3_SetConfig                      0x08008024   Section        0  stm32h7xx_hal_tim.o(i.TIM_OC3_SetConfig)
    i.TIM_OC4_SetConfig                      0x080080d8   Section        0  stm32h7xx_hal_tim.o(i.TIM_OC4_SetConfig)
    i.TIM_OC5_SetConfig                      0x08008150   Section        0  stm32h7xx_hal_tim.o(i.TIM_OC5_SetConfig)
    TIM_OC5_SetConfig                        0x08008151   Thumb Code    92  stm32h7xx_hal_tim.o(i.TIM_OC5_SetConfig)
    i.TIM_OC6_SetConfig                      0x080081c0   Section        0  stm32h7xx_hal_tim.o(i.TIM_OC6_SetConfig)
    TIM_OC6_SetConfig                        0x080081c1   Thumb Code    94  stm32h7xx_hal_tim.o(i.TIM_OC6_SetConfig)
    i.TIM_SetCompare1                        0x08008234   Section        0  pwm.o(i.TIM_SetCompare1)
    i.TIM_SetCompare2                        0x0800823a   Section        0  pwm.o(i.TIM_SetCompare2)
    i.TIM_SetCompare3                        0x08008240   Section        0  pwm.o(i.TIM_SetCompare3)
    i.UART7_IRQHandler                       0x08008248   Section        0  uart.o(i.UART7_IRQHandler)
    i.UART_AdvFeatureConfig                  0x08008264   Section        0  stm32h7xx_hal_uart.o(i.UART_AdvFeatureConfig)
    i.UART_CheckIdleState                    0x0800834e   Section        0  stm32h7xx_hal_uart.o(i.UART_CheckIdleState)
    i.UART_DMAAbortOnError                   0x080083c2   Section        0  stm32h7xx_hal_uart.o(i.UART_DMAAbortOnError)
    UART_DMAAbortOnError                     0x080083c3   Thumb Code    24  stm32h7xx_hal_uart.o(i.UART_DMAAbortOnError)
    i.UART_EndRxTransfer                     0x080083da   Section        0  stm32h7xx_hal_uart.o(i.UART_EndRxTransfer)
    UART_EndRxTransfer                       0x080083db   Thumb Code    32  stm32h7xx_hal_uart.o(i.UART_EndRxTransfer)
    i.UART_EndTransmit_IT                    0x080083fa   Section        0  stm32h7xx_hal_uart.o(i.UART_EndTransmit_IT)
    UART_EndTransmit_IT                      0x080083fb   Thumb Code    32  stm32h7xx_hal_uart.o(i.UART_EndTransmit_IT)
    i.UART_Receive_IT                        0x0800841a   Section        0  stm32h7xx_hal_uart.o(i.UART_Receive_IT)
    UART_Receive_IT                          0x0800841b   Thumb Code   138  stm32h7xx_hal_uart.o(i.UART_Receive_IT)
    i.UART_SetConfig                         0x080084a4   Section        0  stm32h7xx_hal_uart.o(i.UART_SetConfig)
    i.UART_Transmit_IT                       0x08008e48   Section        0  stm32h7xx_hal_uart.o(i.UART_Transmit_IT)
    UART_Transmit_IT                         0x08008e49   Thumb Code   130  stm32h7xx_hal_uart.o(i.UART_Transmit_IT)
    i.UART_WaitOnFlagUntilTimeout            0x08008eca   Section        0  stm32h7xx_hal_uart.o(i.UART_WaitOnFlagUntilTimeout)
    i.UsageFault_Handler                     0x08008f36   Section        0  stm32h7xx_it.o(i.UsageFault_Handler)
    i.__ARM_fpclassify                       0x08008f3a   Section        0  fpclassify.o(i.__ARM_fpclassify)
    i.__NVIC_GetPriorityGrouping             0x08008f6c   Section        0  stm32h7xx_hal_cortex.o(i.__NVIC_GetPriorityGrouping)
    __NVIC_GetPriorityGrouping               0x08008f6d   Thumb Code    10  stm32h7xx_hal_cortex.o(i.__NVIC_GetPriorityGrouping)
    i.__NVIC_SetPriority                     0x08008f7c   Section        0  stm32h7xx_hal_cortex.o(i.__NVIC_SetPriority)
    __NVIC_SetPriority                       0x08008f7d   Thumb Code    32  stm32h7xx_hal_cortex.o(i.__NVIC_SetPriority)
    i.__aeabi_errno_addr                     0x08008fa4   Section        0  errno.o(i.__aeabi_errno_addr)
    i.__hardfp_acos                          0x08008fb0   Section        0  acos.o(i.__hardfp_acos)
    i.__hardfp_asin                          0x080091c8   Section        0  asin.o(i.__hardfp_asin)
    i.__hardfp_atan                          0x080093d0   Section        0  atan.o(i.__hardfp_atan)
    i.__hardfp_atan2                         0x080095d0   Section        0  atan2.o(i.__hardfp_atan2)
    i.__hardfp_cos                           0x08009790   Section        0  cos.o(i.__hardfp_cos)
    i.__hardfp_sin                           0x08009840   Section        0  sin.o(i.__hardfp_sin)
    i.__hardfp_sqrt                          0x080098f0   Section        0  sqrt.o(i.__hardfp_sqrt)
    i.__ieee754_rem_pio2                     0x08009958   Section        0  rred.o(i.__ieee754_rem_pio2)
    i.__kernel_cos                           0x08009c68   Section        0  cos_i.o(i.__kernel_cos)
    i.__kernel_poly                          0x08009d48   Section        0  poly.o(i.__kernel_poly)
    i.__kernel_sin                           0x08009db8   Section        0  sin_i.o(i.__kernel_sin)
    i.__mathlib_dbl_infnan                   0x08009e60   Section        0  dunder.o(i.__mathlib_dbl_infnan)
    i.__mathlib_dbl_infnan2                  0x08009e66   Section        0  dunder.o(i.__mathlib_dbl_infnan2)
    i.__mathlib_dbl_invalid                  0x08009e70   Section        0  dunder.o(i.__mathlib_dbl_invalid)
    i.__mathlib_dbl_underflow                0x08009e88   Section        0  dunder.o(i.__mathlib_dbl_underflow)
    i.__scatterload_copy                     0x08009ea0   Section       14  handlers.o(i.__scatterload_copy)
    i.__scatterload_null                     0x08009eae   Section        2  handlers.o(i.__scatterload_null)
    i.__scatterload_zeroinit                 0x08009eb0   Section       14  handlers.o(i.__scatterload_zeroinit)
    i.__set_errno                            0x08009ec0   Section        0  errno.o(i.__set_errno)
    i.atan                                   0x08009ecc   Section        0  atan.o(i.atan)
    i.battery_indicatior                     0x08009edc   Section        0  adc.o(i.battery_indicatior)
    i.delay_init                             0x08009fe4   Section        0  delay.o(i.delay_init)
    i.fabs                                   0x08009ff8   Section        0  fabs.o(i.fabs)
    i.main                                   0x0800a010   Section        0  main.o(i.main)
    i.movement_tripod_br                     0x0800a0e4   Section        0  gait.o(i.movement_tripod_br)
    i.pid_value_init                         0x0800f194   Section        0  sv.o(i.pid_value_init)
    i.split                                  0x0800f1fc   Section        0  uart.o(i.split)
    i.sqrt                                   0x0800f24e   Section        0  sqrt.o(i.sqrt)
    .constdata                               0x0800f2b8   Section       64  system_stm32h7xx.o(.constdata)
    UARTPrescTable                           0x0800f2b8   Data          24  system_stm32h7xx.o(.constdata)
    USARTPrescTable                          0x0800f2d0   Data          24  system_stm32h7xx.o(.constdata)
    .constdata                               0x0800f2f8   Section       48  stm32h7xx_hal_uart.o(.constdata)
    UARTPrescTable                           0x0800f2f8   Data          24  stm32h7xx_hal_uart.o(.constdata)
    USARTPrescTable                          0x0800f310   Data          24  stm32h7xx_hal_uart.o(.constdata)
    .constdata                               0x0800f328   Section       83  stm32h7xx_hal_fdcan.o(.constdata)
    UARTPrescTable                           0x0800f328   Data          24  stm32h7xx_hal_fdcan.o(.constdata)
    USARTPrescTable                          0x0800f340   Data          24  stm32h7xx_hal_fdcan.o(.constdata)
    DLCtoBytes                               0x0800f358   Data          16  stm32h7xx_hal_fdcan.o(.constdata)
    CvtEltSize                               0x0800f368   Data          19  stm32h7xx_hal_fdcan.o(.constdata)
    .constdata                               0x0800f380   Section       80  acos.o(.constdata)
    pS                                       0x0800f380   Data          48  acos.o(.constdata)
    qS                                       0x0800f3b0   Data          32  acos.o(.constdata)
    .constdata                               0x0800f3d0   Section       80  asin.o(.constdata)
    pS                                       0x0800f3d0   Data          48  asin.o(.constdata)
    qS                                       0x0800f400   Data          32  asin.o(.constdata)
    .constdata                               0x0800f420   Section      152  atan.o(.constdata)
    atanhi                                   0x0800f420   Data          32  atan.o(.constdata)
    atanlo                                   0x0800f440   Data          32  atan.o(.constdata)
    aTodd                                    0x0800f460   Data          40  atan.o(.constdata)
    aTeven                                   0x0800f488   Data          48  atan.o(.constdata)
    .constdata                               0x0800f4b8   Section       48  cos_i.o(.constdata)
    C                                        0x0800f4b8   Data          48  cos_i.o(.constdata)
    .constdata                               0x0800f4e8   Section        8  qnan.o(.constdata)
    .constdata                               0x0800f4f0   Section      200  rred.o(.constdata)
    pio2s                                    0x0800f4f0   Data          48  rred.o(.constdata)
    twooverpi                                0x0800f520   Data         152  rred.o(.constdata)
    .constdata                               0x0800f5b8   Section       40  sin_i.o(.constdata)
    S                                        0x0800f5b8   Data          40  sin_i.o(.constdata)
    .constdata                               0x0800f5e0   Section      129  ctype_o.o(.constdata)
    .constdata                               0x0800f664   Section        4  ctype_o.o(.constdata)
    table                                    0x0800f664   Data           4  ctype_o.o(.constdata)
    .data                                    0x24000000   Section        8  system_stm32h7xx.o(.data)
    .data                                    0x24000008   Section        4  delay.o(.data)
    fac_us                                   0x24000008   Data           4  delay.o(.data)
    .data                                    0x2400000c   Section        9  stm32h7xx_hal.o(.data)
    uwTick                                   0x2400000c   Data           4  stm32h7xx_hal.o(.data)
    uwTickPrio                               0x24000010   Data           4  stm32h7xx_hal.o(.data)
    uwTickFreq                               0x24000014   Data           1  stm32h7xx_hal.o(.data)
    .data                                    0x24000018   Section       36  timer.o(.data)
    .data                                    0x2400003c   Section       13  uart.o(.data)
    .data                                    0x2400004c   Section       28  adc.o(.data)
    .data                                    0x24000068   Section       52  sv.o(.data)
    .data                                    0x2400009c   Section       60  gait.o(.data)
    .data                                    0x240000d8   Section        4  strtok.o(.data)
    state                                    0x240000d8   Data           4  strtok.o(.data)
    .data                                    0x240000dc   Section        4  errno.o(.data)
    _errno                                   0x240000dc   Data           4  errno.o(.data)
    .bss                                     0x240000e0   Section      220  timer.o(.bss)
    .bss                                     0x240001bc   Section      180  uart.o(.bss)
    .bss                                     0x24000270   Section      120  adc.o(.bss)
    .bss                                     0x240002e8   Section      916  pwm.o(.bss)
    .bss                                     0x2400067c   Section      232  can.o(.bss)
    .bss                                     0x24000764   Section      148  gait.o(.bss)
    STACK                                    0x240007f8   Section     1024  startup_stm32h743xx.o(STACK)

    Global Symbols

    Symbol Name                              Value     Ov Type        Size  Object(Section)

    BuildAttributes$$THM_ISAv4$E$P$D$K$B$S$7EM$VFPv5_D16$PE$PLD8$A:L22UL41UL21$X:L11$S22US41US21$IEEE1$IW$USESV6$~STKCKD$USESV7$~SHL$OTIME$ROPI$IEEEX$EBA8$MICROLIB$REQ8$PRES8$EABIv2 0x00000000   Number         0  anon$$obj.o ABSOLUTE
    __ARM_use_no_argv                        0x00000000   Number         0  main.o ABSOLUTE
    __cpp_initialize__aeabi_                  - Undefined Weak Reference
    __cxa_finalize                            - Undefined Weak Reference
    __decompress                              - Undefined Weak Reference
    _clock_init                               - Undefined Weak Reference
    _microlib_exit                            - Undefined Weak Reference
    __Vectors_Size                           0x00000298   Number         0  startup_stm32h743xx.o ABSOLUTE
    __Vectors                                0x08000000   Data           4  startup_stm32h743xx.o(RESET)
    __Vectors_End                            0x08000298   Data           0  startup_stm32h743xx.o(RESET)
    __main                                   0x08000299   Thumb Code     0  entry.o(.ARM.Collect$$$$00000000)
    _main_stk                                0x08000299   Thumb Code     0  entry2.o(.ARM.Collect$$$$00000001)
    _main_scatterload                        0x0800029d   Thumb Code     0  entry5.o(.ARM.Collect$$$$00000004)
    __main_after_scatterload                 0x080002a1   Thumb Code     0  entry5.o(.ARM.Collect$$$$00000004)
    _main_clock                              0x080002a1   Thumb Code     0  entry7b.o(.ARM.Collect$$$$00000008)
    _main_cpp_init                           0x080002a1   Thumb Code     0  entry8b.o(.ARM.Collect$$$$0000000A)
    _main_init                               0x080002a1   Thumb Code     0  entry9a.o(.ARM.Collect$$$$0000000B)
    __rt_final_cpp                           0x080002a9   Thumb Code     0  entry10a.o(.ARM.Collect$$$$0000000D)
    __rt_final_exit                          0x080002a9   Thumb Code     0  entry11a.o(.ARM.Collect$$$$0000000F)
    Reset_Handler                            0x080002ad   Thumb Code     8  startup_stm32h743xx.o(.text)
    ADC3_IRQHandler                          0x080002c7   Thumb Code     0  startup_stm32h743xx.o(.text)
    ADC_IRQHandler                           0x080002c7   Thumb Code     0  startup_stm32h743xx.o(.text)
    BDMA_Channel0_IRQHandler                 0x080002c7   Thumb Code     0  startup_stm32h743xx.o(.text)
    BDMA_Channel1_IRQHandler                 0x080002c7   Thumb Code     0  startup_stm32h743xx.o(.text)
    BDMA_Channel2_IRQHandler                 0x080002c7   Thumb Code     0  startup_stm32h743xx.o(.text)
    BDMA_Channel3_IRQHandler                 0x080002c7   Thumb Code     0  startup_stm32h743xx.o(.text)
    BDMA_Channel4_IRQHandler                 0x080002c7   Thumb Code     0  startup_stm32h743xx.o(.text)
    BDMA_Channel5_IRQHandler                 0x080002c7   Thumb Code     0  startup_stm32h743xx.o(.text)
    BDMA_Channel6_IRQHandler                 0x080002c7   Thumb Code     0  startup_stm32h743xx.o(.text)
    BDMA_Channel7_IRQHandler                 0x080002c7   Thumb Code     0  startup_stm32h743xx.o(.text)
    CEC_IRQHandler                           0x080002c7   Thumb Code     0  startup_stm32h743xx.o(.text)
    COMP1_IRQHandler                         0x080002c7   Thumb Code     0  startup_stm32h743xx.o(.text)
    CRS_IRQHandler                           0x080002c7   Thumb Code     0  startup_stm32h743xx.o(.text)
    DCMI_IRQHandler                          0x080002c7   Thumb Code     0  startup_stm32h743xx.o(.text)
    DFSDM1_FLT0_IRQHandler                   0x080002c7   Thumb Code     0  startup_stm32h743xx.o(.text)
    DFSDM1_FLT1_IRQHandler                   0x080002c7   Thumb Code     0  startup_stm32h743xx.o(.text)
    DFSDM1_FLT2_IRQHandler                   0x080002c7   Thumb Code     0  startup_stm32h743xx.o(.text)
    DFSDM1_FLT3_IRQHandler                   0x080002c7   Thumb Code     0  startup_stm32h743xx.o(.text)
    DMA1_Stream0_IRQHandler                  0x080002c7   Thumb Code     0  startup_stm32h743xx.o(.text)
    DMA1_Stream1_IRQHandler                  0x080002c7   Thumb Code     0  startup_stm32h743xx.o(.text)
    DMA1_Stream2_IRQHandler                  0x080002c7   Thumb Code     0  startup_stm32h743xx.o(.text)
    DMA1_Stream3_IRQHandler                  0x080002c7   Thumb Code     0  startup_stm32h743xx.o(.text)
    DMA1_Stream4_IRQHandler                  0x080002c7   Thumb Code     0  startup_stm32h743xx.o(.text)
    DMA1_Stream5_IRQHandler                  0x080002c7   Thumb Code     0  startup_stm32h743xx.o(.text)
    DMA1_Stream6_IRQHandler                  0x080002c7   Thumb Code     0  startup_stm32h743xx.o(.text)
    DMA1_Stream7_IRQHandler                  0x080002c7   Thumb Code     0  startup_stm32h743xx.o(.text)
    DMA2D_IRQHandler                         0x080002c7   Thumb Code     0  startup_stm32h743xx.o(.text)
    DMA2_Stream0_IRQHandler                  0x080002c7   Thumb Code     0  startup_stm32h743xx.o(.text)
    DMA2_Stream1_IRQHandler                  0x080002c7   Thumb Code     0  startup_stm32h743xx.o(.text)
    DMA2_Stream2_IRQHandler                  0x080002c7   Thumb Code     0  startup_stm32h743xx.o(.text)
    DMA2_Stream3_IRQHandler                  0x080002c7   Thumb Code     0  startup_stm32h743xx.o(.text)
    DMA2_Stream4_IRQHandler                  0x080002c7   Thumb Code     0  startup_stm32h743xx.o(.text)
    DMA2_Stream5_IRQHandler                  0x080002c7   Thumb Code     0  startup_stm32h743xx.o(.text)
    DMA2_Stream6_IRQHandler                  0x080002c7   Thumb Code     0  startup_stm32h743xx.o(.text)
    DMA2_Stream7_IRQHandler                  0x080002c7   Thumb Code     0  startup_stm32h743xx.o(.text)
    DMAMUX1_OVR_IRQHandler                   0x080002c7   Thumb Code     0  startup_stm32h743xx.o(.text)
    DMAMUX2_OVR_IRQHandler                   0x080002c7   Thumb Code     0  startup_stm32h743xx.o(.text)
    ETH_IRQHandler                           0x080002c7   Thumb Code     0  startup_stm32h743xx.o(.text)
    ETH_WKUP_IRQHandler                      0x080002c7   Thumb Code     0  startup_stm32h743xx.o(.text)
    EXTI0_IRQHandler                         0x080002c7   Thumb Code     0  startup_stm32h743xx.o(.text)
    EXTI15_10_IRQHandler                     0x080002c7   Thumb Code     0  startup_stm32h743xx.o(.text)
    EXTI1_IRQHandler                         0x080002c7   Thumb Code     0  startup_stm32h743xx.o(.text)
    EXTI2_IRQHandler                         0x080002c7   Thumb Code     0  startup_stm32h743xx.o(.text)
    EXTI3_IRQHandler                         0x080002c7   Thumb Code     0  startup_stm32h743xx.o(.text)
    EXTI4_IRQHandler                         0x080002c7   Thumb Code     0  startup_stm32h743xx.o(.text)
    EXTI9_5_IRQHandler                       0x080002c7   Thumb Code     0  startup_stm32h743xx.o(.text)
    FDCAN1_IT0_IRQHandler                    0x080002c7   Thumb Code     0  startup_stm32h743xx.o(.text)
    FDCAN1_IT1_IRQHandler                    0x080002c7   Thumb Code     0  startup_stm32h743xx.o(.text)
    FDCAN2_IT0_IRQHandler                    0x080002c7   Thumb Code     0  startup_stm32h743xx.o(.text)
    FDCAN2_IT1_IRQHandler                    0x080002c7   Thumb Code     0  startup_stm32h743xx.o(.text)
    FDCAN_CAL_IRQHandler                     0x080002c7   Thumb Code     0  startup_stm32h743xx.o(.text)
    FLASH_IRQHandler                         0x080002c7   Thumb Code     0  startup_stm32h743xx.o(.text)
    FMC_IRQHandler                           0x080002c7   Thumb Code     0  startup_stm32h743xx.o(.text)
    FPU_IRQHandler                           0x080002c7   Thumb Code     0  startup_stm32h743xx.o(.text)
    HRTIM1_FLT_IRQHandler                    0x080002c7   Thumb Code     0  startup_stm32h743xx.o(.text)
    HRTIM1_Master_IRQHandler                 0x080002c7   Thumb Code     0  startup_stm32h743xx.o(.text)
    HRTIM1_TIMA_IRQHandler                   0x080002c7   Thumb Code     0  startup_stm32h743xx.o(.text)
    HRTIM1_TIMB_IRQHandler                   0x080002c7   Thumb Code     0  startup_stm32h743xx.o(.text)
    HRTIM1_TIMC_IRQHandler                   0x080002c7   Thumb Code     0  startup_stm32h743xx.o(.text)
    HRTIM1_TIMD_IRQHandler                   0x080002c7   Thumb Code     0  startup_stm32h743xx.o(.text)
    HRTIM1_TIME_IRQHandler                   0x080002c7   Thumb Code     0  startup_stm32h743xx.o(.text)
    HSEM1_IRQHandler                         0x080002c7   Thumb Code     0  startup_stm32h743xx.o(.text)
    I2C1_ER_IRQHandler                       0x080002c7   Thumb Code     0  startup_stm32h743xx.o(.text)
    I2C1_EV_IRQHandler                       0x080002c7   Thumb Code     0  startup_stm32h743xx.o(.text)
    I2C2_ER_IRQHandler                       0x080002c7   Thumb Code     0  startup_stm32h743xx.o(.text)
    I2C2_EV_IRQHandler                       0x080002c7   Thumb Code     0  startup_stm32h743xx.o(.text)
    I2C3_ER_IRQHandler                       0x080002c7   Thumb Code     0  startup_stm32h743xx.o(.text)
    I2C3_EV_IRQHandler                       0x080002c7   Thumb Code     0  startup_stm32h743xx.o(.text)
    I2C4_ER_IRQHandler                       0x080002c7   Thumb Code     0  startup_stm32h743xx.o(.text)
    I2C4_EV_IRQHandler                       0x080002c7   Thumb Code     0  startup_stm32h743xx.o(.text)
    JPEG_IRQHandler                          0x080002c7   Thumb Code     0  startup_stm32h743xx.o(.text)
    LPTIM1_IRQHandler                        0x080002c7   Thumb Code     0  startup_stm32h743xx.o(.text)
    LPTIM2_IRQHandler                        0x080002c7   Thumb Code     0  startup_stm32h743xx.o(.text)
    LPTIM3_IRQHandler                        0x080002c7   Thumb Code     0  startup_stm32h743xx.o(.text)
    LPTIM4_IRQHandler                        0x080002c7   Thumb Code     0  startup_stm32h743xx.o(.text)
    LPTIM5_IRQHandler                        0x080002c7   Thumb Code     0  startup_stm32h743xx.o(.text)
    LPUART1_IRQHandler                       0x080002c7   Thumb Code     0  startup_stm32h743xx.o(.text)
    LTDC_ER_IRQHandler                       0x080002c7   Thumb Code     0  startup_stm32h743xx.o(.text)
    LTDC_IRQHandler                          0x080002c7   Thumb Code     0  startup_stm32h743xx.o(.text)
    MDIOS_IRQHandler                         0x080002c7   Thumb Code     0  startup_stm32h743xx.o(.text)
    MDIOS_WKUP_IRQHandler                    0x080002c7   Thumb Code     0  startup_stm32h743xx.o(.text)
    MDMA_IRQHandler                          0x080002c7   Thumb Code     0  startup_stm32h743xx.o(.text)
    OTG_FS_EP1_IN_IRQHandler                 0x080002c7   Thumb Code     0  startup_stm32h743xx.o(.text)
    OTG_FS_EP1_OUT_IRQHandler                0x080002c7   Thumb Code     0  startup_stm32h743xx.o(.text)
    OTG_FS_IRQHandler                        0x080002c7   Thumb Code     0  startup_stm32h743xx.o(.text)
    OTG_FS_WKUP_IRQHandler                   0x080002c7   Thumb Code     0  startup_stm32h743xx.o(.text)
    OTG_HS_EP1_IN_IRQHandler                 0x080002c7   Thumb Code     0  startup_stm32h743xx.o(.text)
    OTG_HS_EP1_OUT_IRQHandler                0x080002c7   Thumb Code     0  startup_stm32h743xx.o(.text)
    OTG_HS_IRQHandler                        0x080002c7   Thumb Code     0  startup_stm32h743xx.o(.text)
    OTG_HS_WKUP_IRQHandler                   0x080002c7   Thumb Code     0  startup_stm32h743xx.o(.text)
    PVD_AVD_IRQHandler                       0x080002c7   Thumb Code     0  startup_stm32h743xx.o(.text)
    QUADSPI_IRQHandler                       0x080002c7   Thumb Code     0  startup_stm32h743xx.o(.text)
    RCC_IRQHandler                           0x080002c7   Thumb Code     0  startup_stm32h743xx.o(.text)
    RNG_IRQHandler                           0x080002c7   Thumb Code     0  startup_stm32h743xx.o(.text)
    RTC_Alarm_IRQHandler                     0x080002c7   Thumb Code     0  startup_stm32h743xx.o(.text)
    RTC_WKUP_IRQHandler                      0x080002c7   Thumb Code     0  startup_stm32h743xx.o(.text)
    SAI1_IRQHandler                          0x080002c7   Thumb Code     0  startup_stm32h743xx.o(.text)
    SAI2_IRQHandler                          0x080002c7   Thumb Code     0  startup_stm32h743xx.o(.text)
    SAI3_IRQHandler                          0x080002c7   Thumb Code     0  startup_stm32h743xx.o(.text)
    SAI4_IRQHandler                          0x080002c7   Thumb Code     0  startup_stm32h743xx.o(.text)
    SDMMC1_IRQHandler                        0x080002c7   Thumb Code     0  startup_stm32h743xx.o(.text)
    SDMMC2_IRQHandler                        0x080002c7   Thumb Code     0  startup_stm32h743xx.o(.text)
    SPDIF_RX_IRQHandler                      0x080002c7   Thumb Code     0  startup_stm32h743xx.o(.text)
    SPI1_IRQHandler                          0x080002c7   Thumb Code     0  startup_stm32h743xx.o(.text)
    SPI2_IRQHandler                          0x080002c7   Thumb Code     0  startup_stm32h743xx.o(.text)
    SPI3_IRQHandler                          0x080002c7   Thumb Code     0  startup_stm32h743xx.o(.text)
    SPI4_IRQHandler                          0x080002c7   Thumb Code     0  startup_stm32h743xx.o(.text)
    SPI5_IRQHandler                          0x080002c7   Thumb Code     0  startup_stm32h743xx.o(.text)
    SPI6_IRQHandler                          0x080002c7   Thumb Code     0  startup_stm32h743xx.o(.text)
    SWPMI1_IRQHandler                        0x080002c7   Thumb Code     0  startup_stm32h743xx.o(.text)
    TAMP_STAMP_IRQHandler                    0x080002c7   Thumb Code     0  startup_stm32h743xx.o(.text)
    TIM15_IRQHandler                         0x080002c7   Thumb Code     0  startup_stm32h743xx.o(.text)
    TIM16_IRQHandler                         0x080002c7   Thumb Code     0  startup_stm32h743xx.o(.text)
    TIM17_IRQHandler                         0x080002c7   Thumb Code     0  startup_stm32h743xx.o(.text)
    TIM1_BRK_IRQHandler                      0x080002c7   Thumb Code     0  startup_stm32h743xx.o(.text)
    TIM1_CC_IRQHandler                       0x080002c7   Thumb Code     0  startup_stm32h743xx.o(.text)
    TIM1_TRG_COM_IRQHandler                  0x080002c7   Thumb Code     0  startup_stm32h743xx.o(.text)
    TIM1_UP_IRQHandler                       0x080002c7   Thumb Code     0  startup_stm32h743xx.o(.text)
    TIM3_IRQHandler                          0x080002c7   Thumb Code     0  startup_stm32h743xx.o(.text)
    TIM6_DAC_IRQHandler                      0x080002c7   Thumb Code     0  startup_stm32h743xx.o(.text)
    TIM8_BRK_TIM12_IRQHandler                0x080002c7   Thumb Code     0  startup_stm32h743xx.o(.text)
    TIM8_TRG_COM_TIM14_IRQHandler            0x080002c7   Thumb Code     0  startup_stm32h743xx.o(.text)
    TIM8_UP_TIM13_IRQHandler                 0x080002c7   Thumb Code     0  startup_stm32h743xx.o(.text)
    UART4_IRQHandler                         0x080002c7   Thumb Code     0  startup_stm32h743xx.o(.text)
    UART5_IRQHandler                         0x080002c7   Thumb Code     0  startup_stm32h743xx.o(.text)
    UART8_IRQHandler                         0x080002c7   Thumb Code     0  startup_stm32h743xx.o(.text)
    USART1_IRQHandler                        0x080002c7   Thumb Code     0  startup_stm32h743xx.o(.text)
    USART2_IRQHandler                        0x080002c7   Thumb Code     0  startup_stm32h743xx.o(.text)
    USART3_IRQHandler                        0x080002c7   Thumb Code     0  startup_stm32h743xx.o(.text)
    USART6_IRQHandler                        0x080002c7   Thumb Code     0  startup_stm32h743xx.o(.text)
    WAKEUP_PIN_IRQHandler                    0x080002c7   Thumb Code     0  startup_stm32h743xx.o(.text)
    WWDG_IRQHandler                          0x080002c7   Thumb Code     0  startup_stm32h743xx.o(.text)
    __aeabi_uldivmod                         0x080002d1   Thumb Code    98  uldiv.o(.text)
    __aeabi_memset                           0x08000333   Thumb Code    14  memseta.o(.text)
    __aeabi_memset4                          0x08000333   Thumb Code     0  memseta.o(.text)
    __aeabi_memset8                          0x08000333   Thumb Code     0  memseta.o(.text)
    __aeabi_memclr                           0x08000341   Thumb Code     4  memseta.o(.text)
    __aeabi_memclr4                          0x08000341   Thumb Code     0  memseta.o(.text)
    __aeabi_memclr8                          0x08000341   Thumb Code     0  memseta.o(.text)
    _memset$wrapper                          0x08000345   Thumb Code    18  memseta.o(.text)
    strlen                                   0x08000357   Thumb Code    14  strlen.o(.text)
    strtok                                   0x08000365   Thumb Code    62  strtok.o(.text)
    atoi                                     0x080003a9   Thumb Code    26  atoi.o(.text)
    __aeabi_llsl                             0x080003c3   Thumb Code    30  llshl.o(.text)
    _ll_shift_l                              0x080003c3   Thumb Code     0  llshl.o(.text)
    __aeabi_llsr                             0x080003e1   Thumb Code    32  llushr.o(.text)
    _ll_ushift_r                             0x080003e1   Thumb Code     0  llushr.o(.text)
    strtol                                   0x08000401   Thumb Code   112  strtol.o(.text)
    __I$use$fp                               0x08000471   Thumb Code     0  iusefp.o(.text)
    __scatterload                            0x08000471   Thumb Code    28  init.o(.text)
    __scatterload_rt2                        0x08000471   Thumb Code     0  init.o(.text)
    __rt_ctype_table                         0x08000495   Thumb Code     4  ctype_o.o(.text)
    _strtoul                                 0x0800049d   Thumb Code   158  _strtoul.o(.text)
    _chval                                   0x0800053b   Thumb Code    28  _chval.o(.text)
    ADC_Disable                              0x08000557   Thumb Code   152  stm32h7xx_hal_adc.o(i.ADC_Disable)
    ADC_Enable                               0x080005f1   Thumb Code   154  stm32h7xx_hal_adc.o(i.ADC_Enable)
    Angle                                    0x08000691   Thumb Code   210  gait.o(i.Angle)
    BusFault_Handler                         0x08000789   Thumb Code     4  stm32h7xx_it.o(i.BusFault_Handler)
    Cache_Enable                             0x0800078d   Thumb Code    24  sys.o(i.Cache_Enable)
    DebugMon_Handler                         0x080007a9   Thumb Code     2  stm32h7xx_it.o(i.DebugMon_Handler)
    FDCAN1_Mode_Init                         0x080007ad   Thumb Code   162  can.o(i.FDCAN1_Mode_Init)
    Get_Adc                                  0x08000ab1   Thumb Code    60  adc.o(i.Get_Adc)
    Get_Adc_Average                          0x08000af1   Thumb Code    44  adc.o(i.Get_Adc_Average)
    HAL_ADCEx_Calibration_Start              0x08000b21   Thumb Code   188  stm32h7xx_hal_adc_ex.o(i.HAL_ADCEx_Calibration_Start)
    HAL_ADC_ConfigChannel                    0x08000bdd   Thumb Code  1722  stm32h7xx_hal_adc.o(i.HAL_ADC_ConfigChannel)
    HAL_ADC_GetValue                         0x080012b5   Thumb Code     8  stm32h7xx_hal_adc.o(i.HAL_ADC_GetValue)
    HAL_ADC_Init                             0x080012bd   Thumb Code   820  stm32h7xx_hal_adc.o(i.HAL_ADC_Init)
    HAL_ADC_MspInit                          0x08001615   Thumb Code   202  adc.o(i.HAL_ADC_MspInit)
    HAL_ADC_PollForConversion                0x080016f1   Thumb Code   410  stm32h7xx_hal_adc.o(i.HAL_ADC_PollForConversion)
    HAL_ADC_Start                            0x0800189d   Thumb Code   330  stm32h7xx_hal_adc.o(i.HAL_ADC_Start)
    HAL_DMA_Abort_IT                         0x080019f9   Thumb Code   236  stm32h7xx_hal_dma.o(i.HAL_DMA_Abort_IT)
    HAL_Delay                                0x08001af1   Thumb Code    36  stm32h7xx_hal.o(i.HAL_Delay)
    HAL_EnableCompensationCell               0x08001b19   Thumb Code    14  stm32h7xx_hal.o(i.HAL_EnableCompensationCell)
    HAL_FDCAN_ActivateNotification           0x08001b2d   Thumb Code   162  stm32h7xx_hal_fdcan.o(i.HAL_FDCAN_ActivateNotification)
    HAL_FDCAN_ConfigFilter                   0x08001bd9   Thumb Code   170  stm32h7xx_hal_fdcan.o(i.HAL_FDCAN_ConfigFilter)
    HAL_FDCAN_DeInit                         0x08001c83   Thumb Code    36  stm32h7xx_hal_fdcan.o(i.HAL_FDCAN_DeInit)
    HAL_FDCAN_Init                           0x08001ca9   Thumb Code   678  stm32h7xx_hal_fdcan.o(i.HAL_FDCAN_Init)
    HAL_FDCAN_MspDeInit                      0x08001f59   Thumb Code    24  can.o(i.HAL_FDCAN_MspDeInit)
    HAL_FDCAN_MspInit                        0x08001f75   Thumb Code   114  can.o(i.HAL_FDCAN_MspInit)
    HAL_FDCAN_Start                          0x08001ff1   Thumb Code    52  stm32h7xx_hal_fdcan.o(i.HAL_FDCAN_Start)
    HAL_FDCAN_Stop                           0x08002025   Thumb Code   104  stm32h7xx_hal_fdcan.o(i.HAL_FDCAN_Stop)
    HAL_GPIO_Init                            0x0800208d   Thumb Code   534  stm32h7xx_hal_gpio.o(i.HAL_GPIO_Init)
    HAL_GPIO_WritePin                        0x080022d9   Thumb Code    10  stm32h7xx_hal_gpio.o(i.HAL_GPIO_WritePin)
    HAL_GetTick                              0x080022e5   Thumb Code     6  stm32h7xx_hal.o(i.HAL_GetTick)
    HAL_IncTick                              0x080022f1   Thumb Code    16  stm32h7xx_hal.o(i.HAL_IncTick)
    HAL_Init                                 0x08002309   Thumb Code    28  stm32h7xx_hal.o(i.HAL_Init)
    HAL_InitTick                             0x08002325   Thumb Code    64  stm32h7xx_hal.o(i.HAL_InitTick)
    HAL_MspInit                              0x08002371   Thumb Code     2  stm32h7xx_hal_msp.o(i.HAL_MspInit)
    HAL_NVIC_EnableIRQ                       0x08002373   Thumb Code    32  stm32h7xx_hal_cortex.o(i.HAL_NVIC_EnableIRQ)
    HAL_NVIC_SetPriority                     0x08002393   Thumb Code   122  stm32h7xx_hal_cortex.o(i.HAL_NVIC_SetPriority)
    HAL_NVIC_SetPriorityGrouping             0x0800240d   Thumb Code    32  stm32h7xx_hal_cortex.o(i.HAL_NVIC_SetPriorityGrouping)
    HAL_RCCEx_GetD1SysClockFreq              0x08002435   Thumb Code    44  stm32h7xx_hal_rcc_ex.o(i.HAL_RCCEx_GetD1SysClockFreq)
    HAL_RCCEx_GetD3PCLK1Freq                 0x0800246d   Thumb Code    34  stm32h7xx_hal_rcc_ex.o(i.HAL_RCCEx_GetD3PCLK1Freq)
    HAL_RCCEx_GetPLL2ClockFreq               0x08002499   Thumb Code   532  stm32h7xx_hal_rcc_ex.o(i.HAL_RCCEx_GetPLL2ClockFreq)
    HAL_RCCEx_GetPLL3ClockFreq               0x080026c5   Thumb Code   532  stm32h7xx_hal_rcc_ex.o(i.HAL_RCCEx_GetPLL3ClockFreq)
    HAL_RCCEx_PeriphCLKConfig                0x080028f1   Thumb Code  2868  stm32h7xx_hal_rcc_ex.o(i.HAL_RCCEx_PeriphCLKConfig)
    HAL_RCC_ClockConfig                      0x08003429   Thumb Code   574  stm32h7xx_hal_rcc.o(i.HAL_RCC_ClockConfig)
    HAL_RCC_GetHCLKFreq                      0x08003679   Thumb Code    42  stm32h7xx_hal_rcc.o(i.HAL_RCC_GetHCLKFreq)
    HAL_RCC_GetPCLK1Freq                     0x080036b1   Thumb Code    34  stm32h7xx_hal_rcc.o(i.HAL_RCC_GetPCLK1Freq)
    HAL_RCC_GetPCLK2Freq                     0x080036dd   Thumb Code    36  stm32h7xx_hal_rcc.o(i.HAL_RCC_GetPCLK2Freq)
    HAL_RCC_GetSysClockFreq                  0x08003709   Thumb Code   556  stm32h7xx_hal_rcc.o(i.HAL_RCC_GetSysClockFreq)
    HAL_RCC_OscConfig                        0x0800394d   Thumb Code  1724  stm32h7xx_hal_rcc.o(i.HAL_RCC_OscConfig)
    HAL_SYSTICK_CLKSourceConfig              0x08004011   Thumb Code    40  stm32h7xx_hal_cortex.o(i.HAL_SYSTICK_CLKSourceConfig)
    HAL_SYSTICK_Config                       0x08004039   Thumb Code    52  stm32h7xx_hal_cortex.o(i.HAL_SYSTICK_Config)
    HAL_TIMEx_BreakCallback                  0x0800406d   Thumb Code     2  stm32h7xx_hal_tim_ex.o(i.HAL_TIMEx_BreakCallback)
    HAL_TIMEx_CommutationCallback            0x0800406f   Thumb Code     2  stm32h7xx_hal_tim_ex.o(i.HAL_TIMEx_CommutationCallback)
    HAL_TIM_Base_Init                        0x08004071   Thumb Code    52  stm32h7xx_hal_tim.o(i.HAL_TIM_Base_Init)
    HAL_TIM_Base_MspInit                     0x080040a5   Thumb Code   162  timer.o(i.HAL_TIM_Base_MspInit)
    HAL_TIM_Base_Start_IT                    0x08004155   Thumb Code    30  stm32h7xx_hal_tim.o(i.HAL_TIM_Base_Start_IT)
    HAL_TIM_IC_CaptureCallback               0x08004173   Thumb Code     2  stm32h7xx_hal_tim.o(i.HAL_TIM_IC_CaptureCallback)
    HAL_TIM_IRQHandler                       0x08004175   Thumb Code   440  stm32h7xx_hal_tim.o(i.HAL_TIM_IRQHandler)
    HAL_TIM_OC_DelayElapsedCallback          0x0800432d   Thumb Code     2  stm32h7xx_hal_tim.o(i.HAL_TIM_OC_DelayElapsedCallback)
    HAL_TIM_PWM_ConfigChannel                0x0800432f   Thumb Code   372  stm32h7xx_hal_tim.o(i.HAL_TIM_PWM_ConfigChannel)
    HAL_TIM_PWM_Init                         0x080044a3   Thumb Code    52  stm32h7xx_hal_tim.o(i.HAL_TIM_PWM_Init)
    HAL_TIM_PWM_MspInit                      0x080044d9   Thumb Code   710  pwm.o(i.HAL_TIM_PWM_MspInit)
    HAL_TIM_PWM_PulseFinishedCallback        0x080047cd   Thumb Code     2  stm32h7xx_hal_tim.o(i.HAL_TIM_PWM_PulseFinishedCallback)
    HAL_TIM_PWM_Start                        0x080047d1   Thumb Code    92  stm32h7xx_hal_tim.o(i.HAL_TIM_PWM_Start)
    HAL_TIM_PeriodElapsedCallback            0x08004841   Thumb Code    52  timer.o(i.HAL_TIM_PeriodElapsedCallback)
    HAL_TIM_TriggerCallback                  0x08004885   Thumb Code     2  stm32h7xx_hal_tim.o(i.HAL_TIM_TriggerCallback)
    HAL_UARTEx_WakeupCallback                0x08004887   Thumb Code     2  stm32h7xx_hal_uart_ex.o(i.HAL_UARTEx_WakeupCallback)
    HAL_UART_ErrorCallback                   0x08004889   Thumb Code     2  stm32h7xx_hal_uart.o(i.HAL_UART_ErrorCallback)
    HAL_UART_IRQHandler                      0x0800488d   Thumb Code   434  stm32h7xx_hal_uart.o(i.HAL_UART_IRQHandler)
    HAL_UART_Init                            0x08004a49   Thumb Code   120  stm32h7xx_hal_uart.o(i.HAL_UART_Init)
    HAL_UART_MspInit                         0x08004ac1   Thumb Code   122  uart.o(i.HAL_UART_MspInit)
    HAL_UART_Receive_IT                      0x08004b49   Thumb Code   224  stm32h7xx_hal_uart.o(i.HAL_UART_Receive_IT)
    HAL_UART_RxCpltCallback                  0x08004c29   Thumb Code   164  uart.o(i.HAL_UART_RxCpltCallback)
    HAL_UART_Transmit                        0x08004ce9   Thumb Code   198  stm32h7xx_hal_uart.o(i.HAL_UART_Transmit)
    HAL_UART_TxCpltCallback                  0x08004daf   Thumb Code     2  stm32h7xx_hal_uart.o(i.HAL_UART_TxCpltCallback)
    HardFault_Handler                        0x08004db1   Thumb Code     4  stm32h7xx_it.o(i.HardFault_Handler)
    InitRobotPosion                          0x08004db5   Thumb Code   196  gait.o(i.InitRobotPosion)
    MX_ADC1_Init                             0x08004e7d   Thumb Code    84  adc.o(i.MX_ADC1_Init)
    MY_UART7_Init                            0x08004ed9   Thumb Code    46  uart.o(i.MY_UART7_Init)
    MemManage_Handler                        0x08004f15   Thumb Code     4  stm32h7xx_it.o(i.MemManage_Handler)
    NMI_Handler                              0x08004f19   Thumb Code     2  stm32h7xx_it.o(i.NMI_Handler)
    PendSV_Handler                           0x08004f1b   Thumb Code     2  stm32h7xx_it.o(i.PendSV_Handler)
    Read_All_Ad                              0x0800517d   Thumb Code   164  adc.o(i.Read_All_Ad)
    SVC_Handler                              0x08005379   Thumb Code     2  stm32h7xx_it.o(i.SVC_Handler)
    SV_Init                                  0x0800537d   Thumb Code   234  sv.o(i.SV_Init)
    SV_test1                                 0x08005475   Thumb Code   116  sv.o(i.SV_test1)
    SV_test2                                 0x080054ed   Thumb Code   112  sv.o(i.SV_test2)
    StartAngleInit1                          0x08005561   Thumb Code   100  gait.o(i.StartAngleInit1)
    StartAngleInit2                          0x080055ed   Thumb Code  8552  gait.o(i.StartAngleInit2)
    Stm32_Clock_Init                         0x08007769   Thumb Code   232  sys.o(i.Stm32_Clock_Init)
    SysTick_Handler                          0x08007859   Thumb Code     8  stm32h7xx_it.o(i.SysTick_Handler)
    SystemInit                               0x08007861   Thumb Code   130  system_stm32h7xx.o(i.SystemInit)
    TIM12_PWM_Init                           0x080078f5   Thumb Code   198  pwm.o(i.TIM12_PWM_Init)
    TIM15_PWM_Init                           0x080079d5   Thumb Code   114  pwm.o(i.TIM15_PWM_Init)
    TIM16_PWM_Init                           0x08007a59   Thumb Code    70  pwm.o(i.TIM16_PWM_Init)
    TIM1_PWM_Init                            0x08007aad   Thumb Code   198  pwm.o(i.TIM1_PWM_Init)
    TIM2_IRQHandler                          0x08007b8d   Thumb Code    10  timer.o(i.TIM2_IRQHandler)
    TIM2_Init                                0x08007b9d   Thumb Code    56  timer.o(i.TIM2_Init)
    TIM3_PWM_Init                            0x08007bdd   Thumb Code   198  pwm.o(i.TIM3_PWM_Init)
    TIM4_IRQHandler                          0x08007cbd   Thumb Code    10  stm32h7xx_it.o(i.TIM4_IRQHandler)
    TIM4_PWM_Init                            0x08007ccd   Thumb Code   198  pwm.o(i.TIM4_PWM_Init)
    TIM5_IRQHandler                          0x08007dad   Thumb Code    10  timer.o(i.TIM5_IRQHandler)
    TIM7_IRQHandler                          0x08007dbd   Thumb Code    10  timer.o(i.TIM7_IRQHandler)
    TIM8_CC_IRQHandler                       0x08007dcd   Thumb Code     2  stm32h7xx_it.o(i.TIM8_CC_IRQHandler)
    TIM_Base_SetConfig                       0x08007dd1   Thumb Code   172  stm32h7xx_hal_tim.o(i.TIM_Base_SetConfig)
    TIM_CCxChannelCmd                        0x08007e9d   Thumb Code    28  stm32h7xx_hal_tim.o(i.TIM_CCxChannelCmd)
    TIM_OC1_SetConfig                        0x08007eb9   Thumb Code   152  stm32h7xx_hal_tim.o(i.TIM_OC1_SetConfig)
    TIM_OC2_SetConfig                        0x08007f69   Thumb Code   162  stm32h7xx_hal_tim.o(i.TIM_OC2_SetConfig)
    TIM_OC3_SetConfig                        0x08008025   Thumb Code   160  stm32h7xx_hal_tim.o(i.TIM_OC3_SetConfig)
    TIM_OC4_SetConfig                        0x080080d9   Thumb Code    98  stm32h7xx_hal_tim.o(i.TIM_OC4_SetConfig)
    TIM_SetCompare1                          0x08008235   Thumb Code     6  pwm.o(i.TIM_SetCompare1)
    TIM_SetCompare2                          0x0800823b   Thumb Code     6  pwm.o(i.TIM_SetCompare2)
    TIM_SetCompare3                          0x08008241   Thumb Code     6  pwm.o(i.TIM_SetCompare3)
    UART7_IRQHandler                         0x08008249   Thumb Code    20  uart.o(i.UART7_IRQHandler)
    UART_AdvFeatureConfig                    0x08008265   Thumb Code   234  stm32h7xx_hal_uart.o(i.UART_AdvFeatureConfig)
    UART_CheckIdleState                      0x0800834f   Thumb Code   116  stm32h7xx_hal_uart.o(i.UART_CheckIdleState)
    UART_SetConfig                           0x080084a5   Thumb Code  2452  stm32h7xx_hal_uart.o(i.UART_SetConfig)
    UART_WaitOnFlagUntilTimeout              0x08008ecb   Thumb Code   108  stm32h7xx_hal_uart.o(i.UART_WaitOnFlagUntilTimeout)
    UsageFault_Handler                       0x08008f37   Thumb Code     4  stm32h7xx_it.o(i.UsageFault_Handler)
    __ARM_fpclassify                         0x08008f3b   Thumb Code    48  fpclassify.o(i.__ARM_fpclassify)
    __aeabi_errno_addr                       0x08008fa5   Thumb Code     4  errno.o(i.__aeabi_errno_addr)
    __rt_errno_addr                          0x08008fa5   Thumb Code     0  errno.o(i.__aeabi_errno_addr)
    __hardfp_acos                            0x08008fb1   Thumb Code   422  acos.o(i.__hardfp_acos)
    __hardfp_asin                            0x080091c9   Thumb Code   432  asin.o(i.__hardfp_asin)
    __hardfp_atan                            0x080093d1   Thumb Code   402  atan.o(i.__hardfp_atan)
    __hardfp_atan2                           0x080095d1   Thumb Code   380  atan2.o(i.__hardfp_atan2)
    __hardfp_cos                             0x08009791   Thumb Code   158  cos.o(i.__hardfp_cos)
    __hardfp_sin                             0x08009841   Thumb Code   158  sin.o(i.__hardfp_sin)
    __hardfp_sqrt                            0x080098f1   Thumb Code   102  sqrt.o(i.__hardfp_sqrt)
    __ieee754_rem_pio2                       0x08009959   Thumb Code   646  rred.o(i.__ieee754_rem_pio2)
    __kernel_cos                             0x08009c69   Thumb Code   182  cos_i.o(i.__kernel_cos)
    __kernel_poly                            0x08009d49   Thumb Code   112  poly.o(i.__kernel_poly)
    __kernel_sin                             0x08009db9   Thumb Code   144  sin_i.o(i.__kernel_sin)
    __mathlib_dbl_infnan                     0x08009e61   Thumb Code     6  dunder.o(i.__mathlib_dbl_infnan)
    __mathlib_dbl_infnan2                    0x08009e67   Thumb Code     6  dunder.o(i.__mathlib_dbl_infnan2)
    __mathlib_dbl_invalid                    0x08009e71   Thumb Code    10  dunder.o(i.__mathlib_dbl_invalid)
    __mathlib_dbl_underflow                  0x08009e89   Thumb Code    10  dunder.o(i.__mathlib_dbl_underflow)
    __scatterload_copy                       0x08009ea1   Thumb Code    14  handlers.o(i.__scatterload_copy)
    __scatterload_null                       0x08009eaf   Thumb Code     2  handlers.o(i.__scatterload_null)
    __scatterload_zeroinit                   0x08009eb1   Thumb Code    14  handlers.o(i.__scatterload_zeroinit)
    __set_errno                              0x08009ec1   Thumb Code     6  errno.o(i.__set_errno)
    atan                                     0x08009ecd   Thumb Code    16  atan.o(i.atan)
    battery_indicatior                       0x08009edd   Thumb Code   214  adc.o(i.battery_indicatior)
    delay_init                               0x08009fe5   Thumb Code    16  delay.o(i.delay_init)
    fabs                                     0x08009ff9   Thumb Code    24  fabs.o(i.fabs)
    main                                     0x0800a011   Thumb Code   202  main.o(i.main)
    movement_tripod_br                       0x0800a0e5   Thumb Code 20640  gait.o(i.movement_tripod_br)
    pid_value_init                           0x0800f195   Thumb Code    68  sv.o(i.pid_value_init)
    split                                    0x0800f1fd   Thumb Code    82  uart.o(i.split)
    sqrt                                     0x0800f24f   Thumb Code   106  sqrt.o(i.sqrt)
    D1CorePrescTable                         0x0800f2e8   Data          16  system_stm32h7xx.o(.constdata)
    __mathlib_zero                           0x0800f4e8   Data           8  qnan.o(.constdata)
    __ctype_table                            0x0800f5e0   Data         129  ctype_o.o(.constdata)
    Region$$Table$$Base                      0x0800f668   Number         0  anon$$obj.o(Region$$Table)
    Region$$Table$$Limit                     0x0800f688   Number         0  anon$$obj.o(Region$$Table)
    SystemCoreClock                          0x24000000   Data           4  system_stm32h7xx.o(.data)
    SystemD2Clock                            0x24000004   Data           4  system_stm32h7xx.o(.data)
    mesg                                     0x24000018   Data           4  timer.o(.data)
    canbuf1                                  0x2400001c   Data           8  timer.o(.data)
    canbuf2                                  0x24000024   Data           8  timer.o(.data)
    canbuf3                                  0x2400002c   Data           4  timer.o(.data)
    s                                        0x24000030   Data           4  timer.o(.data)
    T                                        0x24000034   Data           4  timer.o(.data)
    delta_t                                  0x24000038   Data           4  timer.o(.data)
    onestep                                  0x2400003c   Data           4  uart.o(.data)
    UART_RX_BUF                              0x24000040   Data           3  uart.o(.data)
    UART_RX_STA                              0x24000044   Data           2  uart.o(.data)
    aRxBuffer                                0x24000046   Data           1  uart.o(.data)
    rdata                                    0x24000047   Data           1  uart.o(.data)
    res                                      0x24000048   Data           1  uart.o(.data)
    adc1                                     0x2400004c   Data           2  adc.o(.data)
    adc2                                     0x2400004e   Data           2  adc.o(.data)
    adc3                                     0x24000050   Data           2  adc.o(.data)
    adc4                                     0x24000052   Data           2  adc.o(.data)
    adc5                                     0x24000054   Data           2  adc.o(.data)
    adc_1_H                                  0x24000056   Data           1  adc.o(.data)
    adc_1_L                                  0x24000057   Data           1  adc.o(.data)
    adc_2_H                                  0x24000058   Data           1  adc.o(.data)
    adc_2_L                                  0x24000059   Data           1  adc.o(.data)
    adc_3_H                                  0x2400005a   Data           1  adc.o(.data)
    adc_3_L                                  0x2400005b   Data           1  adc.o(.data)
    adc_4_H                                  0x2400005c   Data           1  adc.o(.data)
    adc_4_L                                  0x2400005d   Data           1  adc.o(.data)
    adc_5_H                                  0x2400005e   Data           1  adc.o(.data)
    adc_5_L                                  0x2400005f   Data           1  adc.o(.data)
    aa                                       0x24000060   Data           1  adc.o(.data)
    remain_v                                 0x24000064   Data           4  adc.o(.data)
    target_p                                 0x24000068   Data           1  sv.o(.data)
    p                                        0x2400006c   Data           4  sv.o(.data)
    set_p                                    0x24000070   Data           4  sv.o(.data)
    set_speed                                0x24000074   Data           4  sv.o(.data)
    speed                                    0x24000078   Data           4  sv.o(.data)
    actual_p                                 0x2400007c   Data           4  sv.o(.data)
    err                                      0x24000080   Data           4  sv.o(.data)
    err_last                                 0x24000084   Data           4  sv.o(.data)
    integral                                 0x24000088   Data           4  sv.o(.data)
    Kp                                       0x2400008c   Data           4  sv.o(.data)
    Ki                                       0x24000090   Data           4  sv.o(.data)
    Kd                                       0x24000094   Data           4  sv.o(.data)
    sv_flag                                  0x24000098   Data           4  sv.o(.data)
    i                                        0x2400009c   Data           4  gait.o(.data)
    F1                                       0x240000a0   Data           4  gait.o(.data)
    F2                                       0x240000a4   Data           4  gait.o(.data)
    F3                                       0x240000a8   Data           4  gait.o(.data)
    x_b                                      0x240000ac   Data           4  gait.o(.data)
    y_b                                      0x240000b0   Data           4  gait.o(.data)
    D                                        0x240000b4   Data           4  gait.o(.data)
    B                                        0x240000b8   Data           4  gait.o(.data)
    D_onestep                                0x240000bc   Data           4  gait.o(.data)
    L_onestep                                0x240000c0   Data           4  gait.o(.data)
    W_onestep                                0x240000c4   Data           4  gait.o(.data)
    delta                                    0x240000c8   Data           4  gait.o(.data)
    H_onestep                                0x240000cc   Data           4  gait.o(.data)
    stime                                    0x240000d0   Data           4  gait.o(.data)
    Time                                     0x240000d4   Data           4  gait.o(.data)
    TIM5_Handler                             0x240000e0   Data          64  timer.o(.bss)
    TIM2_Handler                             0x24000120   Data          64  timer.o(.bss)
    TIM7_Handler                             0x24000160   Data          64  timer.o(.bss)
    TIM2_CH2Handler                          0x240001a0   Data          28  timer.o(.bss)
    huart7                                   0x240001bc   Data         128  uart.o(.bss)
    receive                                  0x2400023c   Data          20  uart.o(.bss)
    revbuf                                   0x24000250   Data          32  uart.o(.bss)
    ADC1_Handler                             0x24000270   Data         100  adc.o(.bss)
    c                                        0x240002d4   Data          20  adc.o(.bss)
    TIM1_Handler                             0x240002e8   Data          64  pwm.o(.bss)
    TIM3_Handler                             0x24000328   Data          64  pwm.o(.bss)
    TIM4_Handler                             0x24000368   Data          64  pwm.o(.bss)
    TIM12_Handler                            0x240003a8   Data          64  pwm.o(.bss)
    TIM15_Handler                            0x240003e8   Data          64  pwm.o(.bss)
    TIM16_Handler                            0x24000428   Data          64  pwm.o(.bss)
    TIM1_CH1Handler                          0x24000468   Data          28  pwm.o(.bss)
    TIM1_CH2Handler                          0x24000484   Data          28  pwm.o(.bss)
    TIM1_CH3Handler                          0x240004a0   Data          28  pwm.o(.bss)
    TIM1_CH4Handler                          0x240004bc   Data          28  pwm.o(.bss)
    TIM3_CH1Handler                          0x240004d8   Data          28  pwm.o(.bss)
    TIM3_CH2Handler                          0x240004f4   Data          28  pwm.o(.bss)
    TIM3_CH3Handler                          0x24000510   Data          28  pwm.o(.bss)
    TIM3_CH4Handler                          0x2400052c   Data          28  pwm.o(.bss)
    TIM4_CH1Handler                          0x24000548   Data          28  pwm.o(.bss)
    TIM4_CH2Handler                          0x24000564   Data          28  pwm.o(.bss)
    TIM4_CH3Handler                          0x24000580   Data          28  pwm.o(.bss)
    TIM4_CH4Handler                          0x2400059c   Data          28  pwm.o(.bss)
    TIM12_CH1Handler                         0x240005b8   Data          28  pwm.o(.bss)
    TIM12_CH2Handler                         0x240005d4   Data          28  pwm.o(.bss)
    TIM12_CH3Handler                         0x240005f0   Data          28  pwm.o(.bss)
    TIM12_CH4Handler                         0x2400060c   Data          28  pwm.o(.bss)
    TIM15_CH1Handler                         0x24000628   Data          28  pwm.o(.bss)
    TIM15_CH2Handler                         0x24000644   Data          28  pwm.o(.bss)
    TIM16_CH1Handler                         0x24000660   Data          28  pwm.o(.bss)
    FDCAN1_Handler                           0x2400067c   Data         156  can.o(.bss)
    FDCAN1_RxHeader                          0x24000718   Data          40  can.o(.bss)
    FDCAN1_TxHeader                          0x24000740   Data          36  can.o(.bss)
    KMGecko                                  0x24000764   Data          52  gait.o(.bss)
    x                                        0x24000798   Data          16  gait.o(.bss)
    y                                        0x240007a8   Data          16  gait.o(.bss)
    z                                        0x240007b8   Data          16  gait.o(.bss)
    cx                                       0x240007c8   Data          16  gait.o(.bss)
    cy                                       0x240007d8   Data          16  gait.o(.bss)
    cz                                       0x240007e8   Data          16  gait.o(.bss)
    __initial_sp                             0x24000bf8   Data           0  startup_stm32h743xx.o(STACK)



==============================================================================

Memory Map of the image

  Image Entry point : 0x08000299

  Load Region LR_IROM1 (Base: 0x08000000, Size: 0x0000f768, Max: 0x00200000, ABSOLUTE)

    Execution Region ER_IROM1 (Base: 0x08000000, Size: 0x0000f688, Max: 0x00200000, ABSOLUTE)

    Base Addr    Size         Type   Attr      Idx    E Section Name        Object

    0x08000000   0x00000298   Data   RO          513    RESET               startup_stm32h743xx.o
    0x08000298   0x00000000   Code   RO         5434  * .ARM.Collect$$$$00000000  mc_w.l(entry.o)
    0x08000298   0x00000004   Code   RO         5504    .ARM.Collect$$$$00000001  mc_w.l(entry2.o)
    0x0800029c   0x00000004   Code   RO         5507    .ARM.Collect$$$$00000004  mc_w.l(entry5.o)
    0x080002a0   0x00000000   Code   RO         5509    .ARM.Collect$$$$00000008  mc_w.l(entry7b.o)
    0x080002a0   0x00000000   Code   RO         5511    .ARM.Collect$$$$0000000A  mc_w.l(entry8b.o)
    0x080002a0   0x00000008   Code   RO         5512    .ARM.Collect$$$$0000000B  mc_w.l(entry9a.o)
    0x080002a8   0x00000000   Code   RO         5514    .ARM.Collect$$$$0000000D  mc_w.l(entry10a.o)
    0x080002a8   0x00000000   Code   RO         5516    .ARM.Collect$$$$0000000F  mc_w.l(entry11a.o)
    0x080002a8   0x00000004   Code   RO         5505    .ARM.Collect$$$$00002712  mc_w.l(entry2.o)
    0x080002ac   0x00000024   Code   RO          514    .text               startup_stm32h743xx.o
    0x080002d0   0x00000062   Code   RO         5437    .text               mc_w.l(uldiv.o)
    0x08000332   0x00000024   Code   RO         5439    .text               mc_w.l(memseta.o)
    0x08000356   0x0000000e   Code   RO         5441    .text               mc_w.l(strlen.o)
    0x08000364   0x00000044   Code   RO         5443    .text               mc_w.l(strtok.o)
    0x080003a8   0x0000001a   Code   RO         5449    .text               mc_w.l(atoi.o)
    0x080003c2   0x0000001e   Code   RO         5518    .text               mc_w.l(llshl.o)
    0x080003e0   0x00000020   Code   RO         5520    .text               mc_w.l(llushr.o)
    0x08000400   0x00000070   Code   RO         5529    .text               mc_w.l(strtol.o)
    0x08000470   0x00000000   Code   RO         5531    .text               mc_w.l(iusefp.o)
    0x08000470   0x00000024   Code   RO         5532    .text               mc_w.l(init.o)
    0x08000494   0x00000008   Code   RO         5534    .text               mc_w.l(ctype_o.o)
    0x0800049c   0x0000009e   Code   RO         5562    .text               mc_w.l(_strtoul.o)
    0x0800053a   0x0000001c   Code   RO         5564    .text               mc_w.l(_chval.o)
    0x08000556   0x00000098   Code   RO         3737    i.ADC_Disable       stm32h7xx_hal_adc.o
    0x080005ee   0x00000002   PAD
    0x080005f0   0x000000a0   Code   RO         3738    i.ADC_Enable        stm32h7xx_hal_adc.o
    0x08000690   0x000000f8   Code   RO         5265    i.Angle             gait.o
    0x08000788   0x00000004   Code   RO          346    i.BusFault_Handler  stm32h7xx_it.o
    0x0800078c   0x0000001c   Code   RO          561    i.Cache_Enable      sys.o
    0x080007a8   0x00000002   Code   RO          347    i.DebugMon_Handler  stm32h7xx_it.o
    0x080007aa   0x00000002   PAD
    0x080007ac   0x000000ac   Code   RO         5135    i.FDCAN1_Mode_Init  can.o
    0x08000858   0x00000258   Code   RO         4115    i.FDCAN_CalcultateRamBlockAddresses  stm32h7xx_hal_fdcan.o
    0x08000ab0   0x00000040   Code   RO         4957    i.Get_Adc           adc.o
    0x08000af0   0x00000030   Code   RO         4958    i.Get_Adc_Average   adc.o
    0x08000b20   0x000000bc   Code   RO         3923    i.HAL_ADCEx_Calibration_Start  stm32h7xx_hal_adc_ex.o
    0x08000bdc   0x000006d8   Code   RO         3740    i.HAL_ADC_ConfigChannel  stm32h7xx_hal_adc.o
    0x080012b4   0x00000008   Code   RO         3747    i.HAL_ADC_GetValue  stm32h7xx_hal_adc.o
    0x080012bc   0x00000358   Code   RO         3749    i.HAL_ADC_Init      stm32h7xx_hal_adc.o
    0x08001614   0x000000dc   Code   RO         4959    i.HAL_ADC_MspInit   adc.o
    0x080016f0   0x000001ac   Code   RO         3753    i.HAL_ADC_PollForConversion  stm32h7xx_hal_adc.o
    0x0800189c   0x0000015c   Code   RO         3755    i.HAL_ADC_Start     stm32h7xx_hal_adc.o
    0x080019f8   0x000000f8   Code   RO         1097    i.HAL_DMA_Abort_IT  stm32h7xx_hal_dma.o
    0x08001af0   0x00000028   Code   RO          635    i.HAL_Delay         stm32h7xx_hal.o
    0x08001b18   0x00000014   Code   RO          644    i.HAL_EnableCompensationCell  stm32h7xx_hal.o
    0x08001b2c   0x000000ac   Code   RO         4118    i.HAL_FDCAN_ActivateNotification  stm32h7xx_hal_fdcan.o
    0x08001bd8   0x000000aa   Code   RO         4125    i.HAL_FDCAN_ConfigFilter  stm32h7xx_hal_fdcan.o
    0x08001c82   0x00000024   Code   RO         4133    i.HAL_FDCAN_DeInit  stm32h7xx_hal_fdcan.o
    0x08001ca6   0x00000002   PAD
    0x08001ca8   0x000002b0   Code   RO         4161    i.HAL_FDCAN_Init    stm32h7xx_hal_fdcan.o
    0x08001f58   0x0000001c   Code   RO         5138    i.HAL_FDCAN_MspDeInit  can.o
    0x08001f74   0x0000007c   Code   RO         5139    i.HAL_FDCAN_MspInit  can.o
    0x08001ff0   0x00000034   Code   RO         4173    i.HAL_FDCAN_Start   stm32h7xx_hal_fdcan.o
    0x08002024   0x00000068   Code   RO         4174    i.HAL_FDCAN_Stop    stm32h7xx_hal_fdcan.o
    0x0800208c   0x0000024c   Code   RO         1284    i.HAL_GPIO_Init     stm32h7xx_hal_gpio.o
    0x080022d8   0x0000000a   Code   RO         1288    i.HAL_GPIO_WritePin  stm32h7xx_hal_gpio.o
    0x080022e2   0x00000002   PAD
    0x080022e4   0x0000000c   Code   RO          651    i.HAL_GetTick       stm32h7xx_hal.o
    0x080022f0   0x00000018   Code   RO          654    i.HAL_IncTick       stm32h7xx_hal.o
    0x08002308   0x0000001c   Code   RO          655    i.HAL_Init          stm32h7xx_hal.o
    0x08002324   0x0000004c   Code   RO          656    i.HAL_InitTick      stm32h7xx_hal.o
    0x08002370   0x00000002   Code   RO          483    i.HAL_MspInit       stm32h7xx_hal_msp.o
    0x08002372   0x00000020   Code   RO          949    i.HAL_NVIC_EnableIRQ  stm32h7xx_hal_cortex.o
    0x08002392   0x0000007a   Code   RO          955    i.HAL_NVIC_SetPriority  stm32h7xx_hal_cortex.o
    0x0800240c   0x00000028   Code   RO          956    i.HAL_NVIC_SetPriorityGrouping  stm32h7xx_hal_cortex.o
    0x08002434   0x00000038   Code   RO         1979    i.HAL_RCCEx_GetD1SysClockFreq  stm32h7xx_hal_rcc_ex.o
    0x0800246c   0x0000002c   Code   RO         1980    i.HAL_RCCEx_GetD3PCLK1Freq  stm32h7xx_hal_rcc_ex.o
    0x08002498   0x0000022c   Code   RO         1982    i.HAL_RCCEx_GetPLL2ClockFreq  stm32h7xx_hal_rcc_ex.o
    0x080026c4   0x0000022c   Code   RO         1983    i.HAL_RCCEx_GetPLL3ClockFreq  stm32h7xx_hal_rcc_ex.o
    0x080028f0   0x00000b38   Code   RO         1987    i.HAL_RCCEx_PeriphCLKConfig  stm32h7xx_hal_rcc_ex.o
    0x08003428   0x00000250   Code   RO         1870    i.HAL_RCC_ClockConfig  stm32h7xx_hal_rcc.o
    0x08003678   0x00000038   Code   RO         1874    i.HAL_RCC_GetHCLKFreq  stm32h7xx_hal_rcc.o
    0x080036b0   0x0000002c   Code   RO         1876    i.HAL_RCC_GetPCLK1Freq  stm32h7xx_hal_rcc.o
    0x080036dc   0x0000002c   Code   RO         1877    i.HAL_RCC_GetPCLK2Freq  stm32h7xx_hal_rcc.o
    0x08003708   0x00000244   Code   RO         1878    i.HAL_RCC_GetSysClockFreq  stm32h7xx_hal_rcc.o
    0x0800394c   0x000006c4   Code   RO         1881    i.HAL_RCC_OscConfig  stm32h7xx_hal_rcc.o
    0x08004010   0x00000028   Code   RO          958    i.HAL_SYSTICK_CLKSourceConfig  stm32h7xx_hal_cortex.o
    0x08004038   0x00000034   Code   RO          960    i.HAL_SYSTICK_Config  stm32h7xx_hal_cortex.o
    0x0800406c   0x00000002   Code   RO         3474    i.HAL_TIMEx_BreakCallback  stm32h7xx_hal_tim_ex.o
    0x0800406e   0x00000002   Code   RO         3475    i.HAL_TIMEx_CommutationCallback  stm32h7xx_hal_tim_ex.o
    0x08004070   0x00000034   Code   RO         2819    i.HAL_TIM_Base_Init  stm32h7xx_hal_tim.o
    0x080040a4   0x000000b0   Code   RO         4807    i.HAL_TIM_Base_MspInit  timer.o
    0x08004154   0x0000001e   Code   RO         2824    i.HAL_TIM_Base_Start_IT  stm32h7xx_hal_tim.o
    0x08004172   0x00000002   Code   RO         2848    i.HAL_TIM_IC_CaptureCallback  stm32h7xx_hal_tim.o
    0x08004174   0x000001b8   Code   RO         2861    i.HAL_TIM_IRQHandler  stm32h7xx_hal_tim.o
    0x0800432c   0x00000002   Code   RO         2864    i.HAL_TIM_OC_DelayElapsedCallback  stm32h7xx_hal_tim.o
    0x0800432e   0x00000174   Code   RO         2885    i.HAL_TIM_PWM_ConfigChannel  stm32h7xx_hal_tim.o
    0x080044a2   0x00000034   Code   RO         2888    i.HAL_TIM_PWM_Init  stm32h7xx_hal_tim.o
    0x080044d6   0x00000002   PAD
    0x080044d8   0x000002f4   Code   RO         5019    i.HAL_TIM_PWM_MspInit  pwm.o
    0x080047cc   0x00000002   Code   RO         2891    i.HAL_TIM_PWM_PulseFinishedCallback  stm32h7xx_hal_tim.o
    0x080047ce   0x00000002   PAD
    0x080047d0   0x00000070   Code   RO         2892    i.HAL_TIM_PWM_Start  stm32h7xx_hal_tim.o
    0x08004840   0x00000044   Code   RO         4808    i.HAL_TIM_PeriodElapsedCallback  timer.o
    0x08004884   0x00000002   Code   RO         2902    i.HAL_TIM_TriggerCallback  stm32h7xx_hal_tim.o
    0x08004886   0x00000002   Code   RO         2493    i.HAL_UARTEx_WakeupCallback  stm32h7xx_hal_uart_ex.o
    0x08004888   0x00000002   Code   RO         2157    i.HAL_UART_ErrorCallback  stm32h7xx_hal_uart.o
    0x0800488a   0x00000002   PAD
    0x0800488c   0x000001bc   Code   RO         2160    i.HAL_UART_IRQHandler  stm32h7xx_hal_uart.o
    0x08004a48   0x00000078   Code   RO         2161    i.HAL_UART_Init     stm32h7xx_hal_uart.o
    0x08004ac0   0x00000088   Code   RO         4897    i.HAL_UART_MspInit  uart.o
    0x08004b48   0x000000e0   Code   RO         2166    i.HAL_UART_Receive_IT  stm32h7xx_hal_uart.o
    0x08004c28   0x000000c0   Code   RO         4898    i.HAL_UART_RxCpltCallback  uart.o
    0x08004ce8   0x000000c6   Code   RO         2169    i.HAL_UART_Transmit  stm32h7xx_hal_uart.o
    0x08004dae   0x00000002   Code   RO         2172    i.HAL_UART_TxCpltCallback  stm32h7xx_hal_uart.o
    0x08004db0   0x00000004   Code   RO          348    i.HardFault_Handler  stm32h7xx_it.o
    0x08004db4   0x000000c8   Code   RO         5266    i.InitRobotPosion   gait.o
    0x08004e7c   0x0000005c   Code   RO         4960    i.MX_ADC1_Init      adc.o
    0x08004ed8   0x0000003c   Code   RO         4899    i.MY_UART7_Init     uart.o
    0x08004f14   0x00000004   Code   RO          349    i.MemManage_Handler  stm32h7xx_it.o
    0x08004f18   0x00000002   Code   RO          350    i.NMI_Handler       stm32h7xx_it.o
    0x08004f1a   0x00000002   Code   RO          351    i.PendSV_Handler    stm32h7xx_it.o
    0x08004f1c   0x00000130   Code   RO         1990    i.RCCEx_PLL2_Config  stm32h7xx_hal_rcc_ex.o
    0x0800504c   0x00000130   Code   RO         1991    i.RCCEx_PLL3_Config  stm32h7xx_hal_rcc_ex.o
    0x0800517c   0x000000e4   Code   RO         4961    i.Read_All_Ad       adc.o
    0x08005260   0x0000009c   Code   RO          564    i.SCB_EnableDCache  sys.o
    0x080052fc   0x0000007c   Code   RO          565    i.SCB_EnableICache  sys.o
    0x08005378   0x00000002   Code   RO          352    i.SVC_Handler       stm32h7xx_it.o
    0x0800537a   0x00000002   PAD
    0x0800537c   0x000000f8   Code   RO         5192    i.SV_Init           sv.o
    0x08005474   0x00000078   Code   RO         5193    i.SV_test1          sv.o
    0x080054ec   0x00000074   Code   RO         5194    i.SV_test2          sv.o
    0x08005560   0x0000008c   Code   RO         5267    i.StartAngleInit1   gait.o
    0x080055ec   0x0000217c   Code   RO         5268    i.StartAngleInit2   gait.o
    0x08007768   0x000000f0   Code   RO          566    i.Stm32_Clock_Init  sys.o
    0x08007858   0x00000008   Code   RO          353    i.SysTick_Handler   stm32h7xx_it.o
    0x08007860   0x00000094   Code   RO          446    i.SystemInit        system_stm32h7xx.o
    0x080078f4   0x000000e0   Code   RO         5020    i.TIM12_PWM_Init    pwm.o
    0x080079d4   0x00000084   Code   RO         5021    i.TIM15_PWM_Init    pwm.o
    0x08007a58   0x00000054   Code   RO         5022    i.TIM16_PWM_Init    pwm.o
    0x08007aac   0x000000e0   Code   RO         5023    i.TIM1_PWM_Init     pwm.o
    0x08007b8c   0x00000010   Code   RO         4809    i.TIM2_IRQHandler   timer.o
    0x08007b9c   0x00000040   Code   RO         4810    i.TIM2_Init         timer.o
    0x08007bdc   0x000000e0   Code   RO         5024    i.TIM3_PWM_Init     pwm.o
    0x08007cbc   0x00000010   Code   RO          354    i.TIM4_IRQHandler   stm32h7xx_it.o
    0x08007ccc   0x000000e0   Code   RO         5025    i.TIM4_PWM_Init     pwm.o
    0x08007dac   0x00000010   Code   RO         4811    i.TIM5_IRQHandler   timer.o
    0x08007dbc   0x00000010   Code   RO         4813    i.TIM7_IRQHandler   timer.o
    0x08007dcc   0x00000002   Code   RO          355    i.TIM8_CC_IRQHandler  stm32h7xx_it.o
    0x08007dce   0x00000002   PAD
    0x08007dd0   0x000000cc   Code   RO         2903    i.TIM_Base_SetConfig  stm32h7xx_hal_tim.o
    0x08007e9c   0x0000001c   Code   RO         2904    i.TIM_CCxChannelCmd  stm32h7xx_hal_tim.o
    0x08007eb8   0x000000b0   Code   RO         2912    i.TIM_OC1_SetConfig  stm32h7xx_hal_tim.o
    0x08007f68   0x000000bc   Code   RO         2913    i.TIM_OC2_SetConfig  stm32h7xx_hal_tim.o
    0x08008024   0x000000b4   Code   RO         2914    i.TIM_OC3_SetConfig  stm32h7xx_hal_tim.o
    0x080080d8   0x00000078   Code   RO         2915    i.TIM_OC4_SetConfig  stm32h7xx_hal_tim.o
    0x08008150   0x00000070   Code   RO         2916    i.TIM_OC5_SetConfig  stm32h7xx_hal_tim.o
    0x080081c0   0x00000074   Code   RO         2917    i.TIM_OC6_SetConfig  stm32h7xx_hal_tim.o
    0x08008234   0x00000006   Code   RO         5026    i.TIM_SetCompare1   pwm.o
    0x0800823a   0x00000006   Code   RO         5027    i.TIM_SetCompare2   pwm.o
    0x08008240   0x00000006   Code   RO         5028    i.TIM_SetCompare3   pwm.o
    0x08008246   0x00000002   PAD
    0x08008248   0x0000001c   Code   RO         4900    i.UART7_IRQHandler  uart.o
    0x08008264   0x000000ea   Code   RO         2174    i.UART_AdvFeatureConfig  stm32h7xx_hal_uart.o
    0x0800834e   0x00000074   Code   RO         2175    i.UART_CheckIdleState  stm32h7xx_hal_uart.o
    0x080083c2   0x00000018   Code   RO         2176    i.UART_DMAAbortOnError  stm32h7xx_hal_uart.o
    0x080083da   0x00000020   Code   RO         2186    i.UART_EndRxTransfer  stm32h7xx_hal_uart.o
    0x080083fa   0x00000020   Code   RO         2187    i.UART_EndTransmit_IT  stm32h7xx_hal_uart.o
    0x0800841a   0x0000008a   Code   RO         2189    i.UART_Receive_IT   stm32h7xx_hal_uart.o
    0x080084a4   0x000009a4   Code   RO         2190    i.UART_SetConfig    stm32h7xx_hal_uart.o
    0x08008e48   0x00000082   Code   RO         2191    i.UART_Transmit_IT  stm32h7xx_hal_uart.o
    0x08008eca   0x0000006c   Code   RO         2192    i.UART_WaitOnFlagUntilTimeout  stm32h7xx_hal_uart.o
    0x08008f36   0x00000004   Code   RO          357    i.UsageFault_Handler  stm32h7xx_it.o
    0x08008f3a   0x00000030   Code   RO         5488    i.__ARM_fpclassify  m_wv.l(fpclassify.o)
    0x08008f6a   0x00000002   PAD
    0x08008f6c   0x00000010   Code   RO          962    i.__NVIC_GetPriorityGrouping  stm32h7xx_hal_cortex.o
    0x08008f7c   0x00000028   Code   RO          963    i.__NVIC_SetPriority  stm32h7xx_hal_cortex.o
    0x08008fa4   0x00000008   Code   RO         5522    i.__aeabi_errno_addr  mc_w.l(errno.o)
    0x08008fac   0x00000004   PAD
    0x08008fb0   0x00000218   Code   RO         5358    i.__hardfp_acos     m_wv.l(acos.o)
    0x080091c8   0x00000208   Code   RO         5372    i.__hardfp_asin     m_wv.l(asin.o)
    0x080093d0   0x00000200   Code   RO         5451    i.__hardfp_atan     m_wv.l(atan.o)
    0x080095d0   0x000001c0   Code   RO         5386    i.__hardfp_atan2    m_wv.l(atan2.o)
    0x08009790   0x000000b0   Code   RO         5398    i.__hardfp_cos      m_wv.l(cos.o)
    0x08009840   0x000000b0   Code   RO         5410    i.__hardfp_sin      m_wv.l(sin.o)
    0x080098f0   0x00000066   Code   RO         5422    i.__hardfp_sqrt     m_wv.l(sqrt.o)
    0x08009956   0x00000002   PAD
    0x08009958   0x00000310   Code   RO         5493    i.__ieee754_rem_pio2  m_wv.l(rred.o)
    0x08009c68   0x000000e0   Code   RO         5465    i.__kernel_cos      m_wv.l(cos_i.o)
    0x08009d48   0x00000070   Code   RO         5490    i.__kernel_poly     m_wv.l(poly.o)
    0x08009db8   0x000000a8   Code   RO         5498    i.__kernel_sin      m_wv.l(sin_i.o)
    0x08009e60   0x00000006   Code   RO         5469    i.__mathlib_dbl_infnan  m_wv.l(dunder.o)
    0x08009e66   0x00000006   Code   RO         5470    i.__mathlib_dbl_infnan2  m_wv.l(dunder.o)
    0x08009e6c   0x00000004   PAD
    0x08009e70   0x00000018   Code   RO         5471    i.__mathlib_dbl_invalid  m_wv.l(dunder.o)
    0x08009e88   0x00000018   Code   RO         5474    i.__mathlib_dbl_underflow  m_wv.l(dunder.o)
    0x08009ea0   0x0000000e   Code   RO         5568    i.__scatterload_copy  mc_w.l(handlers.o)
    0x08009eae   0x00000002   Code   RO         5569    i.__scatterload_null  mc_w.l(handlers.o)
    0x08009eb0   0x0000000e   Code   RO         5570    i.__scatterload_zeroinit  mc_w.l(handlers.o)
    0x08009ebe   0x00000002   PAD
    0x08009ec0   0x0000000c   Code   RO         5524    i.__set_errno       mc_w.l(errno.o)
    0x08009ecc   0x00000010   Code   RO         5453    i.atan              m_wv.l(atan.o)
    0x08009edc   0x00000108   Code   RO         4962    i.battery_indicatior  adc.o
    0x08009fe4   0x00000014   Code   RO          521    i.delay_init        delay.o
    0x08009ff8   0x00000018   Code   RO         5484    i.fabs              m_wv.l(fabs.o)
    0x0800a010   0x000000d4   Code   RO            4    i.main              main.o
    0x0800a0e4   0x000050b0   Code   RO         5274    i.movement_tripod_br  gait.o
    0x0800f194   0x00000068   Code   RO         5197    i.pid_value_init    sv.o
    0x0800f1fc   0x00000052   Code   RO         4901    i.split             uart.o
    0x0800f24e   0x0000006a   Code   RO         5424    i.sqrt              m_wv.l(sqrt.o)
    0x0800f2b8   0x00000040   Data   RO          447    .constdata          system_stm32h7xx.o
    0x0800f2f8   0x00000030   Data   RO         2193    .constdata          stm32h7xx_hal_uart.o
    0x0800f328   0x00000053   Data   RO         4209    .constdata          stm32h7xx_hal_fdcan.o
    0x0800f37b   0x00000005   PAD
    0x0800f380   0x00000050   Data   RO         5361    .constdata          m_wv.l(acos.o)
    0x0800f3d0   0x00000050   Data   RO         5375    .constdata          m_wv.l(asin.o)
    0x0800f420   0x00000098   Data   RO         5454    .constdata          m_wv.l(atan.o)
    0x0800f4b8   0x00000030   Data   RO         5466    .constdata          m_wv.l(cos_i.o)
    0x0800f4e8   0x00000008   Data   RO         5492    .constdata          m_wv.l(qnan.o)
    0x0800f4f0   0x000000c8   Data   RO         5495    .constdata          m_wv.l(rred.o)
    0x0800f5b8   0x00000028   Data   RO         5499    .constdata          m_wv.l(sin_i.o)
    0x0800f5e0   0x00000081   Data   RO         5535    .constdata          mc_w.l(ctype_o.o)
    0x0800f661   0x00000003   PAD
    0x0800f664   0x00000004   Data   RO         5536    .constdata          mc_w.l(ctype_o.o)
    0x0800f668   0x00000020   Data   RO         5566    Region$$Table       anon$$obj.o


    Execution Region RW_IRAM1 (Base: 0x20000000, Size: 0x00000000, Max: 0x00020000, ABSOLUTE)

    **** No section assigned to this execution region ****


    Execution Region RW_IRAM2 (Base: 0x24000000, Size: 0x00000bf8, Max: 0x00080000, ABSOLUTE)

    Base Addr    Size         Type   Attr      Idx    E Section Name        Object

    0x24000000   0x00000008   Data   RW          448    .data               system_stm32h7xx.o
    0x24000008   0x00000004   Data   RW          525    .data               delay.o
    0x2400000c   0x00000009   Data   RW          678    .data               stm32h7xx_hal.o
    0x24000015   0x00000003   PAD
    0x24000018   0x00000024   Data   RW         4817    .data               timer.o
    0x2400003c   0x0000000d   Data   RW         4904    .data               uart.o
    0x24000049   0x00000003   PAD
    0x2400004c   0x0000001c   Data   RW         4965    .data               adc.o
    0x24000068   0x00000034   Data   RW         5201    .data               sv.o
    0x2400009c   0x0000003c   Data   RW         5278    .data               gait.o
    0x240000d8   0x00000004   Data   RW         5444    .data               mc_w.l(strtok.o)
    0x240000dc   0x00000004   Data   RW         5525    .data               mc_w.l(errno.o)
    0x240000e0   0x000000dc   Zero   RW         4815    .bss                timer.o
    0x240001bc   0x000000b4   Zero   RW         4902    .bss                uart.o
    0x24000270   0x00000078   Zero   RW         4963    .bss                adc.o
    0x240002e8   0x00000394   Zero   RW         5030    .bss                pwm.o
    0x2400067c   0x000000e8   Zero   RW         5140    .bss                can.o
    0x24000764   0x00000094   Zero   RW         5276    .bss                gait.o
    0x240007f8   0x00000400   Zero   RW          511    STACK               startup_stm32h743xx.o


==============================================================================

Image component sizes


      Code (inc. data)   RO Data    RW Data    ZI Data      Debug   Object Name

       916        148          0         28        120       4854   adc.o
       324         24          0          0        232       2778   can.o
        20          4          0          4          0        789   delay.o
     29816       1560          0         60        148       6989   gait.o
       212         10          0          0          0    1290363   main.o
      1886        182          0          0        916       8629   pwm.o
        36          8        664          0       1024        828   startup_stm32h743xx.o
       200         36          0          9          0       4635   stm32h7xx_hal.o
      3704        116          0          0          0       8337   stm32h7xx_hal_adc.o
       188          0          0          0          0       1674   stm32h7xx_hal_adc_ex.o
       342         22          0          0          0      39425   stm32h7xx_hal_cortex.o
       248         12          0          0          0       2087   stm32h7xx_hal_dma.o
      1822         28         83          0          0       8249   stm32h7xx_hal_fdcan.o
       598         54          0          0          0       2492   stm32h7xx_hal_gpio.o
         2          0          0          0          0        450   stm32h7xx_hal_msp.o
      3048         86          0          0          0       6008   stm32h7xx_hal_rcc.o
      4692        118          0          0          0       7431   stm32h7xx_hal_rcc_ex.o
      2190        186          0          0          0      13582   stm32h7xx_hal_tim.o
         4          0          0          0          0       1734   stm32h7xx_hal_tim_ex.o
      4272        140         48          0          0      13272   stm32h7xx_hal_uart.o
         2          0          0          0          0        980   stm32h7xx_hal_uart_ex.o
        50          6          0          0          0       5037   stm32h7xx_it.o
       588         58          0         52          0       3152   sv.o
       548         28          0          0          0      37321   sys.o
       148         18         64          8          0       1250   system_stm32h7xx.o
       356         56          0         36        220       4483   timer.o
       498         64          0         13        180       4200   uart.o

    ----------------------------------------------------------------------
     56730       2964        896        216       2840    1481029   Object Totals
         0          0         32          0          0          0   (incl. Generated)
        20          0          5          6          0          0   (incl. Padding)

    ----------------------------------------------------------------------

      Code (inc. data)   RO Data    RW Data    ZI Data      Debug   Library Member Name

       536        114         80          0          0        256   acos.o
       520         88         80          0          0        252   asin.o
       528        110        152          0          0        348   atan.o
       448         68          0          0          0        180   atan2.o
       176         18          0          0          0        156   cos.o
       224         42         48          0          0        184   cos_i.o
        60         28          0          0          0        464   dunder.o
        24          0          0          0          0        124   fabs.o
        48          0          0          0          0        124   fpclassify.o
       112          0          0          0          0        116   poly.o
         0          0          8          0          0          0   qnan.o
       784        138        200          0          0        172   rred.o
       176         18          0          0          0        160   sin.o
       168         24         40          0          0        196   sin_i.o
       208          0          0          0          0        280   sqrt.o
        28          0          0          0          0         68   _chval.o
       158          0          0          0          0         92   _strtoul.o
        26          0          0          0          0         80   atoi.o
         8          4        133          0          0         68   ctype_o.o
         0          0          0          0          0          0   entry.o
         0          0          0          0          0          0   entry10a.o
         0          0          0          0          0          0   entry11a.o
         8          4          0          0          0          0   entry2.o
         4          0          0          0          0          0   entry5.o
         0          0          0          0          0          0   entry7b.o
         0          0          0          0          0          0   entry8b.o
         8          4          0          0          0          0   entry9a.o
        20         10          0          4          0        136   errno.o
        30          0          0          0          0          0   handlers.o
        36          8          0          0          0         68   init.o
         0          0          0          0          0          0   iusefp.o
        30          0          0          0          0         68   llshl.o
        32          0          0          0          0         68   llushr.o
        36          0          0          0          0        108   memseta.o
        14          0          0          0          0         68   strlen.o
        68          6          0          4          0         80   strtok.o
       112          0          0          0          0         88   strtol.o
        98          0          0          0          0         92   uldiv.o

    ----------------------------------------------------------------------
      4742        688        744          8          0       4096   Library Totals
        14          4          3          0          0          0   (incl. Padding)

    ----------------------------------------------------------------------

      Code (inc. data)   RO Data    RW Data    ZI Data      Debug   Library Name

      4012        648        608          0          0       3012   m_wv.l
       716         36        133          8          0       1084   mc_w.l

    ----------------------------------------------------------------------
      4742        688        744          8          0       4096   Library Totals

    ----------------------------------------------------------------------

==============================================================================


      Code (inc. data)   RO Data    RW Data    ZI Data      Debug   

     61472       3652       1640        224       2840    1470013   Grand Totals
     61472       3652       1640        224       2840    1470013   ELF Image Totals
     61472       3652       1640        224          0          0   ROM Totals

==============================================================================

    Total RO  Size (Code + RO Data)                63112 (  61.63kB)
    Total RW  Size (RW Data + ZI Data)              3064 (   2.99kB)
    Total ROM Size (Code + RO Data + RW Data)      63336 (  61.85kB)

==============================================================================

